COMMAND: fse2026/scripts/act_trace_pyhook.sh -m act.back_end --verify --onnx data/vnncomp2026/tinyimagenet_2024/2.0/onnx/TinyImageNet_resnet_medium.onnx --vnnlib data/vnncomp2026/tinyimagenet_2024/2.0/vnnlib/TinyImageNet_resnet_medium_prop_idx_8041_sidx_395_eps_0.0039.vnnlib --solver dual --bab --device cuda --verbose --dual-stagnation-patience 10 --dual-stop-when-verified --bab-presolve-time-fraction 0.3 --bab-child-n-iters 10 --bab-max-batch-size auto --dtype float32 --bab-preset climb_split_lin --bab-branching fsb --bab-max-batch-size 256 --no-bab-climb-enabled --bab-max-subproblems 1000000000000 --bab-max-depth 1000000000 --timeout 300.0
[ACT] Auto-detecting project root: .
[WARN] Gurobi license not found: modules/gurobi/gurobi.lic
[INFO] Please place gurobi.lic in: modules/gurobi
CLIMB_TRACE_HOOK function=act.back_end.bab.bab.verify_bab_batched boundary=1396 popped=1433
✅ Device Manager Initialized: device=cuda:0, dtype=torch.float32, tf32=off
Resolved BaBConfig: {"alpha_mode": "fixed", "alpha_opt_steps": 1000, "auto_batch_cap": 2048, "auto_batch_floor": 8, "auto_batch_safety": 0.55, "baf": true, "bounding": "depth_bound_blend", "bounding_bound_weight": 0.5, "bounding_depth_weight": 0.5, "branching_method": "fsb", "child_n_iters": 10, "climb_coarsening_enabled": true, "climb_complement_bounding": false, "climb_delta_abs": 1e-09, "climb_delta_rel": 1e-07, "climb_enabled": false, "climb_lin_support_refinement": false, "climb_max_cores": 1024, "climb_merge_enabled": true, "climb_presplit_propagation_enabled": true, "climb_propagate_core_chunk": 4096, "climb_propagation_enabled": true, "climb_recheck_k": 0, "climb_steer": false, "climb_terminal_cores": true, "climb_theta": 0.0, "eps": 1e-05, "eta_only_children": false, "frontier_cap": 0, "frontier_mem_safety": 0.6, "frontier_offload": true, "input_split_fanout": 2, "intermediate_refine": "all", "intermediate_refine_max_tensor_mib": 1024.0, "intermediate_refine_ratio": 10.0, "k": 1, "llm_probe_api_key_env": "", "llm_probe_backend": "mock", "llm_probe_base_url": "", "llm_probe_cadence": 1, "llm_probe_decisions": "split,frontier,refine", "llm_probe_enabled": false, "llm_probe_history": 8, "llm_probe_log": false, "llm_probe_max_candidates": 8, "llm_probe_max_candidates_total": 1024, "llm_probe_max_failures": 3, "llm_probe_model": "", "llm_probe_neuron_topk": 512, "llm_probe_temperature": 0.0, "llm_probe_timeout": 30.0, "max_depth": 1000000000, "max_eps": 0.01, "max_nodes": 1000000000000, "mcts_exploration": 1.0, "mcts_lambda": 0.5, "mcts_virtual_loss": 1.0, "method": null, "multi_split_levels": 1, "num_verify_iters": 5, "p": 2.0, "per_subproblem_refine": "none", "per_subproblem_refine_iters": 0, "per_subproblem_refine_rows_cap": 64, "perturbed_words": 1, "presolve_time_fraction": 0.3, "presplit_levels": 0, "provenance_enabled": false, "root_bounds_reuse": "split_refresh_linear", "sa_cooling_rate": 0.99, "solver_tier": "dual_alpha_eta", "top_k": 0, "verbose": false}

🧬 Synthesizing models from 1 spec result(s)...

🎉 Synthesis Complete:
   Total specs: 1
   Wrapped models: 1
INFO:act.config.backend_cli:Built 43-layer VNN-COMP net in 0.14 s
WARNING:act.back_end.dual_tf.tf_forward:forward linear bound 3.27 GiB persistent pair exceeds deterministic 1.00 GiB cap for [1, 46656, 9408]; falling back to interval for this layer
INFO:act.config.backend_cli:BaB budget 298.94 s of --timeout 300.00 s (1.06 s spent before BaB)
INFO:act.back_end.solver.solver_dual:Intermediate refinement layer=3 lanes=1 rows=1898 width=46656 estimate=337.803 MiB cap=1024.000 MiB action=refined
WARNING:act.back_end.solver.solver_dual:per-class alpha state estimate 1247.474 MiB exceeds 1024.000 MiB cap for lanes=1 rows=1898; using shared alpha slopes
INFO:act.back_end.solver.solver_dual:Intermediate refinement layer=5 lanes=1 rows=1512 width=46656 estimate=269.104 MiB cap=1024.000 MiB action=refined
INFO:act.back_end.solver.solver_dual:Intermediate refinement layer=10 lanes=1 rows=886 width=46656 estimate=157.689 MiB cap=1024.000 MiB action=refined
INFO:act.back_end.solver.solver_dual:Intermediate refinement layer=18 lanes=1 rows=44 width=46656 estimate=7.831 MiB cap=1024.000 MiB action=refined
INFO:act.back_end.solver.solver_dual:Intermediate refinement layer=22 lanes=1 rows=574 width=46656 estimate=102.160 MiB cap=1024.000 MiB action=refined
INFO:act.back_end.solver.solver_dual:Intermediate refinement layer=40 lanes=1 rows=400 width=46656 estimate=71.191 MiB cap=1024.000 MiB action=refined
WARNING:act.back_end.solver.solver_dual:incremental alpha state 130.794 MiB exceeds 32.000 MiB per-lane cap for lanes=1; discarding warm start
CLIMB_TRACE {"K": 0, "climb_enabled": false, "climb_unlearned_shrunk_box_lanes": 0, "event": "initial", "frontier": 1, "native_wave_index": 0, "nodes": 0, "t": 5.1103102788329124, "terminal_input_split_lanes": 0, "terminal_lp_calls": 0, "terminal_lp_certified_lanes": 0, "terminal_lp_failed_lanes": 0, "terminal_lp_falsified_lanes": 0, "terminal_lp_skipped_lanes": 0, "terminal_lp_time_ms": 0, "wave": 0}
INFO:act.pipeline.verification.act2torch:Reconstructed VerifiableModel: body has 40 layer(s), inner_model type=ActGraphModule, INPUT_SPEC=1, BN_fused=0.
CLIMB_TRACE {"K": 1, "climb_enabled": false, "climb_unlearned_shrunk_box_lanes": 0, "event": "wave", "frontier": 2, "native_wave_index": 0, "nodes": 1, "t": 5.879163144156337, "terminal_input_split_lanes": 0, "terminal_lp_calls": 0, "terminal_lp_certified_lanes": 0, "terminal_lp_failed_lanes": 0, "terminal_lp_falsified_lanes": 0, "terminal_lp_skipped_lanes": 0, "terminal_lp_time_ms": 0, "wave": 1}
CLIMB_TRACE {"K": 2, "climb_enabled": false, "climb_unlearned_shrunk_box_lanes": 0, "event": "wave", "frontier": 4, "native_wave_index": 0, "nodes": 3, "t": 6.252640815451741, "terminal_input_split_lanes": 0, "terminal_lp_calls": 0, "terminal_lp_certified_lanes": 0, "terminal_lp_failed_lanes": 0, "terminal_lp_falsified_lanes": 0, "terminal_lp_skipped_lanes": 0, "terminal_lp_time_ms": 0, "wave": 2}
CLIMB_TRACE {"K": 4, "climb_enabled": false, "climb_unlearned_shrunk_box_lanes": 0, "event": "wave", "frontier": 8, "native_wave_index": 0, "nodes": 7, "t": 6.615530654788017, "terminal_input_split_lanes": 0, "terminal_lp_calls": 0, "terminal_lp_certified_lanes": 0, "terminal_lp_failed_lanes": 0, "terminal_lp_falsified_lanes": 0, "terminal_lp_skipped_lanes": 0, "terminal_lp_time_ms": 0, "wave": 3}
CLIMB_TRACE {"K": 8, "climb_enabled": false, "climb_unlearned_shrunk_box_lanes": 0, "event": "wave", "frontier": 14, "native_wave_index": 0, "nodes": 15, "t": 6.984048794955015, "terminal_input_split_lanes": 0, "terminal_lp_calls": 0, "terminal_lp_certified_lanes": 0, "terminal_lp_failed_lanes": 0, "terminal_lp_falsified_lanes": 0, "terminal_lp_skipped_lanes": 0, "terminal_lp_time_ms": 0, "wave": 4}
CLIMB_TRACE {"K": 14, "climb_enabled": false, "climb_unlearned_shrunk_box_lanes": 0, "event": "wave", "frontier": 26, "native_wave_index": 0, "nodes": 29, "t": 7.354527238756418, "terminal_input_split_lanes": 0, "terminal_lp_calls": 0, "terminal_lp_certified_lanes": 0, "terminal_lp_failed_lanes": 0, "terminal_lp_falsified_lanes": 0, "terminal_lp_skipped_lanes": 0, "terminal_lp_time_ms": 0, "wave": 5}
CLIMB_TRACE {"K": 26, "climb_enabled": false, "climb_unlearned_shrunk_box_lanes": 0, "event": "wave", "frontier": 40, "native_wave_index": 0, "nodes": 55, "t": 7.754169661551714, "terminal_input_split_lanes": 0, "terminal_lp_calls": 0, "terminal_lp_certified_lanes": 0, "terminal_lp_failed_lanes": 0, "terminal_lp_falsified_lanes": 0, "terminal_lp_skipped_lanes": 0, "terminal_lp_time_ms": 0, "wave": 6}
CLIMB_TRACE {"K": 40, "climb_enabled": false, "climb_unlearned_shrunk_box_lanes": 0, "event": "wave", "frontier": 64, "native_wave_index": 0, "nodes": 95, "t": 8.161813979968429, "terminal_input_split_lanes": 0, "terminal_lp_calls": 0, "terminal_lp_certified_lanes": 0, "terminal_lp_failed_lanes": 0, "terminal_lp_falsified_lanes": 0, "terminal_lp_skipped_lanes": 0, "terminal_lp_time_ms": 0, "wave": 7}
CLIMB_TRACE {"K": 64, "climb_enabled": false, "climb_unlearned_shrunk_box_lanes": 0, "event": "wave", "frontier": 104, "native_wave_index": 0, "nodes": 159, "t": 8.621320428326726, "terminal_input_split_lanes": 0, "terminal_lp_calls": 0, "terminal_lp_certified_lanes": 0, "terminal_lp_failed_lanes": 0, "terminal_lp_falsified_lanes": 0, "terminal_lp_skipped_lanes": 0, "terminal_lp_time_ms": 0, "wave": 8}
CLIMB_TRACE {"K": 104, "climb_enabled": false, "climb_unlearned_shrunk_box_lanes": 0, "event": "wave", "frontier": 118, "native_wave_index": 0, "nodes": 263, "t": 9.140475081279874, "terminal_input_split_lanes": 0, "terminal_lp_calls": 0, "terminal_lp_certified_lanes": 0, "terminal_lp_failed_lanes": 0, "terminal_lp_falsified_lanes": 0, "terminal_lp_skipped_lanes": 0, "terminal_lp_time_ms": 0, "wave": 9}
CLIMB_TRACE {"K": 118, "climb_enabled": false, "climb_unlearned_shrunk_box_lanes": 0, "event": "wave", "frontier": 146, "native_wave_index": 0, "nodes": 381, "t": 9.70532626658678, "terminal_input_split_lanes": 0, "terminal_lp_calls": 0, "terminal_lp_certified_lanes": 0, "terminal_lp_failed_lanes": 0, "terminal_lp_falsified_lanes": 0, "terminal_lp_skipped_lanes": 0, "terminal_lp_time_ms": 0, "wave": 10}
CLIMB_TRACE {"K": 146, "climb_enabled": false, "climb_unlearned_shrunk_box_lanes": 0, "event": "wave", "frontier": 164, "native_wave_index": 0, "nodes": 527, "t": 10.31769809499383, "terminal_input_split_lanes": 0, "terminal_lp_calls": 0, "terminal_lp_certified_lanes": 0, "terminal_lp_failed_lanes": 0, "terminal_lp_falsified_lanes": 0, "terminal_lp_skipped_lanes": 0, "terminal_lp_time_ms": 0, "wave": 11}
CLIMB_TRACE {"K": 164, "climb_enabled": false, "climb_unlearned_shrunk_box_lanes": 0, "event": "wave", "frontier": 158, "native_wave_index": 0, "nodes": 691, "t": 10.942878924310207, "terminal_input_split_lanes": 0, "terminal_lp_calls": 0, "terminal_lp_certified_lanes": 0, "terminal_lp_failed_lanes": 0, "terminal_lp_falsified_lanes": 0, "terminal_lp_skipped_lanes": 0, "terminal_lp_time_ms": 0, "wave": 12}
CLIMB_TRACE {"K": 158, "climb_enabled": false, "climb_unlearned_shrunk_box_lanes": 0, "event": "wave", "frontier": 160, "native_wave_index": 0, "nodes": 849, "t": 11.554501725360751, "terminal_input_split_lanes": 0, "terminal_lp_calls": 0, "terminal_lp_certified_lanes": 0, "terminal_lp_failed_lanes": 0, "terminal_lp_falsified_lanes": 0, "terminal_lp_skipped_lanes": 0, "terminal_lp_time_ms": 0, "wave": 13}
CLIMB_TRACE {"K": 160, "climb_enabled": false, "climb_unlearned_shrunk_box_lanes": 0, "event": "wave", "frontier": 160, "native_wave_index": 0, "nodes": 1009, "t": 12.16531585343182, "terminal_input_split_lanes": 0, "terminal_lp_calls": 0, "terminal_lp_certified_lanes": 0, "terminal_lp_failed_lanes": 0, "terminal_lp_falsified_lanes": 0, "terminal_lp_skipped_lanes": 0, "terminal_lp_time_ms": 0, "wave": 14}
CLIMB_TRACE {"K": 160, "climb_enabled": false, "climb_unlearned_shrunk_box_lanes": 0, "event": "wave", "frontier": 144, "native_wave_index": 0, "nodes": 1169, "t": 12.770466282963753, "terminal_input_split_lanes": 0, "terminal_lp_calls": 0, "terminal_lp_certified_lanes": 0, "terminal_lp_failed_lanes": 0, "terminal_lp_falsified_lanes": 0, "terminal_lp_skipped_lanes": 0, "terminal_lp_time_ms": 0, "wave": 15}
CLIMB_TRACE {"K": 144, "climb_enabled": false, "climb_unlearned_shrunk_box_lanes": 0, "event": "wave", "frontier": 132, "native_wave_index": 0, "nodes": 1313, "t": 13.34766156412661, "terminal_input_split_lanes": 0, "terminal_lp_calls": 0, "terminal_lp_certified_lanes": 0, "terminal_lp_failed_lanes": 0, "terminal_lp_falsified_lanes": 0, "terminal_lp_skipped_lanes": 0, "terminal_lp_time_ms": 0, "wave": 16}
CLIMB_TRACE {"K": 132, "climb_enabled": false, "climb_unlearned_shrunk_box_lanes": 0, "event": "wave", "frontier": 112, "native_wave_index": 0, "nodes": 1445, "t": 13.888526985421777, "terminal_input_split_lanes": 0, "terminal_lp_calls": 0, "terminal_lp_certified_lanes": 0, "terminal_lp_failed_lanes": 0, "terminal_lp_falsified_lanes": 0, "terminal_lp_skipped_lanes": 0, "terminal_lp_time_ms": 0, "wave": 17}
CLIMB_TRACE {"K": 112, "climb_enabled": false, "climb_unlearned_shrunk_box_lanes": 0, "event": "wave", "frontier": 118, "native_wave_index": 0, "nodes": 1557, "t": 14.418933423236012, "terminal_input_split_lanes": 0, "terminal_lp_calls": 0, "terminal_lp_certified_lanes": 0, "terminal_lp_failed_lanes": 0, "terminal_lp_falsified_lanes": 0, "terminal_lp_skipped_lanes": 0, "terminal_lp_time_ms": 0, "wave": 18}
CLIMB_TRACE {"K": 118, "climb_enabled": false, "climb_unlearned_shrunk_box_lanes": 0, "event": "wave", "frontier": 106, "native_wave_index": 0, "nodes": 1675, "t": 14.944670893251896, "terminal_input_split_lanes": 0, "terminal_lp_calls": 0, "terminal_lp_certified_lanes": 0, "terminal_lp_failed_lanes": 0, "terminal_lp_falsified_lanes": 0, "terminal_lp_skipped_lanes": 0, "terminal_lp_time_ms": 0, "wave": 19}
CLIMB_TRACE {"K": 106, "climb_enabled": false, "climb_unlearned_shrunk_box_lanes": 0, "event": "wave", "frontier": 88, "native_wave_index": 0, "nodes": 1781, "t": 15.446891935542226, "terminal_input_split_lanes": 0, "terminal_lp_calls": 0, "terminal_lp_certified_lanes": 0, "terminal_lp_failed_lanes": 0, "terminal_lp_falsified_lanes": 0, "terminal_lp_skipped_lanes": 0, "terminal_lp_time_ms": 0, "wave": 20}
CLIMB_TRACE {"K": 88, "climb_enabled": false, "climb_unlearned_shrunk_box_lanes": 0, "event": "wave", "frontier": 80, "native_wave_index": 0, "nodes": 1869, "t": 15.921569127589464, "terminal_input_split_lanes": 0, "terminal_lp_calls": 0, "terminal_lp_certified_lanes": 0, "terminal_lp_failed_lanes": 0, "terminal_lp_falsified_lanes": 0, "terminal_lp_skipped_lanes": 0, "terminal_lp_time_ms": 0, "wave": 21}
CLIMB_TRACE {"K": 80, "climb_enabled": false, "climb_unlearned_shrunk_box_lanes": 0, "event": "wave", "frontier": 72, "native_wave_index": 0, "nodes": 1949, "t": 16.385418916121125, "terminal_input_split_lanes": 0, "terminal_lp_calls": 0, "terminal_lp_certified_lanes": 0, "terminal_lp_failed_lanes": 0, "terminal_lp_falsified_lanes": 0, "terminal_lp_skipped_lanes": 0, "terminal_lp_time_ms": 0, "wave": 22}
CLIMB_TRACE {"K": 72, "climb_enabled": false, "climb_unlearned_shrunk_box_lanes": 0, "event": "wave", "frontier": 52, "native_wave_index": 0, "nodes": 2021, "t": 16.838813873007894, "terminal_input_split_lanes": 0, "terminal_lp_calls": 0, "terminal_lp_certified_lanes": 0, "terminal_lp_failed_lanes": 0, "terminal_lp_falsified_lanes": 0, "terminal_lp_skipped_lanes": 0, "terminal_lp_time_ms": 0, "wave": 23}
CLIMB_TRACE {"K": 52, "climb_enabled": false, "climb_unlearned_shrunk_box_lanes": 0, "event": "wave", "frontier": 40, "native_wave_index": 0, "nodes": 2073, "t": 17.260108672082424, "terminal_input_split_lanes": 0, "terminal_lp_calls": 0, "terminal_lp_certified_lanes": 0, "terminal_lp_failed_lanes": 0, "terminal_lp_falsified_lanes": 0, "terminal_lp_skipped_lanes": 0, "terminal_lp_time_ms": 0, "wave": 24}
CLIMB_TRACE {"K": 40, "climb_enabled": false, "climb_unlearned_shrunk_box_lanes": 0, "event": "wave", "frontier": 30, "native_wave_index": 0, "nodes": 2113, "t": 17.657407054677606, "terminal_input_split_lanes": 0, "terminal_lp_calls": 0, "terminal_lp_certified_lanes": 0, "terminal_lp_failed_lanes": 0, "terminal_lp_falsified_lanes": 0, "terminal_lp_skipped_lanes": 0, "terminal_lp_time_ms": 0, "wave": 25}
CLIMB_TRACE {"K": 30, "climb_enabled": false, "climb_unlearned_shrunk_box_lanes": 0, "event": "wave", "frontier": 28, "native_wave_index": 0, "nodes": 2143, "t": 18.09078484401107, "terminal_input_split_lanes": 0, "terminal_lp_calls": 0, "terminal_lp_certified_lanes": 0, "terminal_lp_failed_lanes": 0, "terminal_lp_falsified_lanes": 0, "terminal_lp_skipped_lanes": 0, "terminal_lp_time_ms": 0, "wave": 26}
CLIMB_TRACE {"K": 28, "climb_enabled": false, "climb_unlearned_shrunk_box_lanes": 0, "event": "wave", "frontier": 24, "native_wave_index": 0, "nodes": 2171, "t": 18.493026891723275, "terminal_input_split_lanes": 0, "terminal_lp_calls": 0, "terminal_lp_certified_lanes": 0, "terminal_lp_failed_lanes": 0, "terminal_lp_falsified_lanes": 0, "terminal_lp_skipped_lanes": 0, "terminal_lp_time_ms": 0, "wave": 27}
CLIMB_TRACE {"K": 24, "climb_enabled": false, "climb_unlearned_shrunk_box_lanes": 0, "event": "wave", "frontier": 16, "native_wave_index": 0, "nodes": 2195, "t": 18.889299299567938, "terminal_input_split_lanes": 0, "terminal_lp_calls": 0, "terminal_lp_certified_lanes": 0, "terminal_lp_failed_lanes": 0, "terminal_lp_falsified_lanes": 0, "terminal_lp_skipped_lanes": 0, "terminal_lp_time_ms": 0, "wave": 28}
CLIMB_TRACE {"K": 16, "climb_enabled": false, "climb_unlearned_shrunk_box_lanes": 0, "event": "wave", "frontier": 12, "native_wave_index": 0, "nodes": 2211, "t": 19.272112138569355, "terminal_input_split_lanes": 0, "terminal_lp_calls": 0, "terminal_lp_certified_lanes": 0, "terminal_lp_failed_lanes": 0, "terminal_lp_falsified_lanes": 0, "terminal_lp_skipped_lanes": 0, "terminal_lp_time_ms": 0, "wave": 29}
CLIMB_TRACE {"K": 12, "climb_enabled": false, "climb_unlearned_shrunk_box_lanes": 0, "event": "wave", "frontier": 8, "native_wave_index": 0, "nodes": 2223, "t": 19.62602529861033, "terminal_input_split_lanes": 0, "terminal_lp_calls": 0, "terminal_lp_certified_lanes": 0, "terminal_lp_failed_lanes": 0, "terminal_lp_falsified_lanes": 0, "terminal_lp_skipped_lanes": 0, "terminal_lp_time_ms": 0, "wave": 30}
CLIMB_TRACE {"K": 8, "climb_enabled": false, "climb_unlearned_shrunk_box_lanes": 0, "event": "wave", "frontier": 4, "native_wave_index": 0, "nodes": 2231, "t": 19.980935847386718, "terminal_input_split_lanes": 0, "terminal_lp_calls": 0, "terminal_lp_certified_lanes": 0, "terminal_lp_failed_lanes": 0, "terminal_lp_falsified_lanes": 0, "terminal_lp_skipped_lanes": 0, "terminal_lp_time_ms": 0, "wave": 31}
CLIMB_TRACE {"K": 4, "climb_enabled": false, "climb_unlearned_shrunk_box_lanes": 0, "event": "wave", "frontier": 4, "native_wave_index": 0, "nodes": 2235, "t": 20.33038119971752, "terminal_input_split_lanes": 0, "terminal_lp_calls": 0, "terminal_lp_certified_lanes": 0, "terminal_lp_failed_lanes": 0, "terminal_lp_falsified_lanes": 0, "terminal_lp_skipped_lanes": 0, "terminal_lp_time_ms": 0, "wave": 32}
CLIMB_TRACE {"K": 4, "climb_enabled": false, "climb_unlearned_shrunk_box_lanes": 0, "event": "wave", "frontier": 4, "native_wave_index": 0, "nodes": 2239, "t": 20.675579687580466, "terminal_input_split_lanes": 0, "terminal_lp_calls": 0, "terminal_lp_certified_lanes": 0, "terminal_lp_failed_lanes": 0, "terminal_lp_falsified_lanes": 0, "terminal_lp_skipped_lanes": 0, "terminal_lp_time_ms": 0, "wave": 33}
CLIMB_TRACE {"K": 4, "climb_enabled": false, "climb_unlearned_shrunk_box_lanes": 0, "event": "wave", "frontier": 0, "native_wave_index": 0, "nodes": 2243, "t": 20.70580669119954, "terminal_input_split_lanes": 0, "terminal_lp_calls": 0, "terminal_lp_certified_lanes": 0, "terminal_lp_failed_lanes": 0, "terminal_lp_falsified_lanes": 0, "terminal_lp_skipped_lanes": 0, "terminal_lp_time_ms": 0, "wave": 34}
CLIMB_TRACE_FINAL {"alpha_per_row_waves": 34, "alpha_shared_waves": 0, "any_dropped_frontier_cap": false, "bounding_top_k_effective": 0, "exhausted_budget_nodes": false, "exhausted_budget_time": false, "frontier_bytes_peak": 125635808, "frontier_cold_pops": 0, "frontier_evicted_nodes": 0, "frontier_nodes_peak": 164, "frontier_offload_events": 0, "frontier_warmstart_dropped_nodes": 0, "frontier_wave_k_caps": 0, "multi_split_clamped_wave_count": 0, "multi_split_k_requested": 1, "multi_split_k_used": 1, "multi_split_lane_starved_count": 0, "multi_split_wave_count": 0, "nodes": 2243, "nodes_minted": 0, "pool_remaining": 0, "spec_rows_kept": 1, "whole_batch_fallback_count": 0}
CLIMB_TRACE {"K": 4, "climb_enabled": false, "climb_unlearned_shrunk_box_lanes": 0, "event": "final", "frontier": 0, "native_wave_index": 0, "nodes": 2243, "status": "VerifyStatus.CERTIFIED", "t": 20.706001633778214, "terminal_input_split_lanes": 0, "terminal_lp_calls": 0, "terminal_lp_certified_lanes": 0, "terminal_lp_failed_lanes": 0, "terminal_lp_falsified_lanes": 0, "terminal_lp_skipped_lanes": 0, "terminal_lp_time_ms": 0, "wave": 34}
FSE_VERIFY_TIME: 21.615778737
FSE_TIMEOUT_CLOCK_TIME: 21.766992064
Loaded 43-layer net; solver=dual
Lane 0: VerifyStatus.CERTIFIED
  nodes: 2243
  spec_rows_kept: 1
  pool_remaining: 0
  exhausted_budget_time: False
  exhausted_budget_nodes: False
  nodes_minted: 0
  any_dropped_frontier_cap: False
  multi_split_k_requested: 1
  multi_split_k_used: 1
  multi_split_wave_count: 0
  multi_split_clamped_wave_count: 0
  multi_split_lane_starved_count: 0
  alpha_shared_waves: 0
  alpha_per_row_waves: 34
  whole_batch_fallback_count: 0
  bounding_top_k_effective: 0
  frontier_bytes_peak: 125635808
  frontier_nodes_peak: 164
  frontier_offload_events: 0
  frontier_warmstart_dropped_nodes: 0
  frontier_wave_k_caps: 0
  frontier_evicted_nodes: 0
  frontier_cold_pops: 0
QV_GPU_PEAK: allocated_mib=8214.5 reserved_mib=9218.0
