COMMAND: fse2026/scripts/act_trace_pyhook.sh -m act.back_end --verify --onnx data/vnncomp2026/tinyimagenet_2024/2.0/onnx/TinyImageNet_resnet_medium.onnx --vnnlib data/vnncomp2026/tinyimagenet_2024/2.0/vnnlib/TinyImageNet_resnet_medium_prop_idx_4109_sidx_3134_eps_0.0039.vnnlib --solver dual --bab --device cuda --verbose --dual-stagnation-patience 10 --dual-stop-when-verified --bab-presolve-time-fraction 0.3 --bab-child-n-iters 10 --bab-max-batch-size auto --dtype float32 --bab-preset climb_split_lin --bab-branching fsb --bab-max-batch-size 256 --no-bab-climb-enabled --bab-max-subproblems 1000000000000 --bab-max-depth 1000000000 --timeout 300.0
[ACT] Auto-detecting project root: .
[WARN] Gurobi license not found: modules/gurobi/gurobi.lic
[INFO] Please place gurobi.lic in: modules/gurobi
CLIMB_TRACE_HOOK function=act.back_end.bab.bab.verify_bab_batched boundary=1396 popped=1433
✅ Device Manager Initialized: device=cuda:0, dtype=torch.float32, tf32=off
Resolved BaBConfig: {"alpha_mode": "fixed", "alpha_opt_steps": 1000, "auto_batch_cap": 2048, "auto_batch_floor": 8, "auto_batch_safety": 0.55, "baf": true, "bounding": "depth_bound_blend", "bounding_bound_weight": 0.5, "bounding_depth_weight": 0.5, "branching_method": "fsb", "child_n_iters": 10, "climb_coarsening_enabled": true, "climb_complement_bounding": false, "climb_delta_abs": 1e-09, "climb_delta_rel": 1e-07, "climb_enabled": false, "climb_lin_support_refinement": false, "climb_max_cores": 1024, "climb_merge_enabled": true, "climb_presplit_propagation_enabled": true, "climb_propagate_core_chunk": 4096, "climb_propagation_enabled": true, "climb_recheck_k": 0, "climb_steer": false, "climb_terminal_cores": true, "climb_theta": 0.0, "eps": 1e-05, "eta_only_children": false, "frontier_cap": 0, "frontier_mem_safety": 0.6, "frontier_offload": true, "input_split_fanout": 2, "intermediate_refine": "all", "intermediate_refine_max_tensor_mib": 1024.0, "intermediate_refine_ratio": 10.0, "k": 1, "llm_probe_api_key_env": "", "llm_probe_backend": "mock", "llm_probe_base_url": "", "llm_probe_cadence": 1, "llm_probe_decisions": "split,frontier,refine", "llm_probe_enabled": false, "llm_probe_history": 8, "llm_probe_log": false, "llm_probe_max_candidates": 8, "llm_probe_max_candidates_total": 1024, "llm_probe_max_failures": 3, "llm_probe_model": "", "llm_probe_neuron_topk": 512, "llm_probe_temperature": 0.0, "llm_probe_timeout": 30.0, "max_depth": 1000000000, "max_eps": 0.01, "max_nodes": 1000000000000, "mcts_exploration": 1.0, "mcts_lambda": 0.5, "mcts_virtual_loss": 1.0, "method": null, "multi_split_levels": 1, "num_verify_iters": 5, "p": 2.0, "per_subproblem_refine": "none", "per_subproblem_refine_iters": 0, "per_subproblem_refine_rows_cap": 64, "perturbed_words": 1, "presolve_time_fraction": 0.3, "presplit_levels": 0, "provenance_enabled": false, "root_bounds_reuse": "split_refresh_linear", "sa_cooling_rate": 0.99, "solver_tier": "dual_alpha_eta", "top_k": 0, "verbose": false}

🧬 Synthesizing models from 1 spec result(s)...

🎉 Synthesis Complete:
   Total specs: 1
   Wrapped models: 1
INFO:act.config.backend_cli:Built 43-layer VNN-COMP net in 0.14 s
WARNING:act.back_end.dual_tf.tf_forward:forward linear bound 3.27 GiB persistent pair exceeds deterministic 1.00 GiB cap for [1, 46656, 9408]; falling back to interval for this layer
INFO:act.config.backend_cli:BaB budget 298.94 s of --timeout 300.00 s (1.06 s spent before BaB)
INFO:act.back_end.solver.solver_dual:Intermediate refinement layer=3 lanes=1 rows=1692 width=46656 estimate=301.140 MiB cap=1024.000 MiB action=refined
WARNING:act.back_end.solver.solver_dual:per-class alpha state estimate 1112.079 MiB exceeds 1024.000 MiB cap for lanes=1 rows=1692; using shared alpha slopes
INFO:act.back_end.solver.solver_dual:Intermediate refinement layer=5 lanes=1 rows=1118 width=46656 estimate=198.980 MiB cap=1024.000 MiB action=refined
INFO:act.back_end.solver.solver_dual:Intermediate refinement layer=10 lanes=1 rows=1096 width=46656 estimate=195.064 MiB cap=1024.000 MiB action=refined
INFO:act.back_end.solver.solver_dual:Intermediate refinement layer=18 lanes=1 rows=56 width=46656 estimate=9.967 MiB cap=1024.000 MiB action=refined
INFO:act.back_end.solver.solver_dual:Intermediate refinement layer=22 lanes=1 rows=542 width=46656 estimate=96.464 MiB cap=1024.000 MiB action=refined
INFO:act.back_end.solver.solver_dual:Intermediate refinement layer=40 lanes=1 rows=400 width=46656 estimate=71.191 MiB cap=1024.000 MiB action=refined
WARNING:act.back_end.solver.solver_dual:incremental alpha state 130.794 MiB exceeds 32.000 MiB per-lane cap for lanes=1; discarding warm start
CLIMB_TRACE {"K": 0, "climb_enabled": false, "climb_unlearned_shrunk_box_lanes": 0, "event": "initial", "frontier": 1, "native_wave_index": 0, "nodes": 0, "t": 5.109104432165623, "terminal_input_split_lanes": 0, "terminal_lp_calls": 0, "terminal_lp_certified_lanes": 0, "terminal_lp_failed_lanes": 0, "terminal_lp_falsified_lanes": 0, "terminal_lp_skipped_lanes": 0, "terminal_lp_time_ms": 0, "wave": 0}
INFO:act.pipeline.verification.act2torch:Reconstructed VerifiableModel: body has 40 layer(s), inner_model type=ActGraphModule, INPUT_SPEC=1, BN_fused=0.
CLIMB_TRACE {"K": 1, "climb_enabled": false, "climb_unlearned_shrunk_box_lanes": 0, "event": "wave", "frontier": 2, "native_wave_index": 0, "nodes": 1, "t": 5.920012759044766, "terminal_input_split_lanes": 0, "terminal_lp_calls": 0, "terminal_lp_certified_lanes": 0, "terminal_lp_failed_lanes": 0, "terminal_lp_falsified_lanes": 0, "terminal_lp_skipped_lanes": 0, "terminal_lp_time_ms": 0, "wave": 1}
CLIMB_TRACE {"K": 2, "climb_enabled": false, "climb_unlearned_shrunk_box_lanes": 0, "event": "wave", "frontier": 4, "native_wave_index": 0, "nodes": 3, "t": 6.300966784358025, "terminal_input_split_lanes": 0, "terminal_lp_calls": 0, "terminal_lp_certified_lanes": 0, "terminal_lp_failed_lanes": 0, "terminal_lp_falsified_lanes": 0, "terminal_lp_skipped_lanes": 0, "terminal_lp_time_ms": 0, "wave": 2}
CLIMB_TRACE {"K": 4, "climb_enabled": false, "climb_unlearned_shrunk_box_lanes": 0, "event": "wave", "frontier": 8, "native_wave_index": 0, "nodes": 7, "t": 6.663858883082867, "terminal_input_split_lanes": 0, "terminal_lp_calls": 0, "terminal_lp_certified_lanes": 0, "terminal_lp_failed_lanes": 0, "terminal_lp_falsified_lanes": 0, "terminal_lp_skipped_lanes": 0, "terminal_lp_time_ms": 0, "wave": 3}
CLIMB_TRACE {"K": 8, "climb_enabled": false, "climb_unlearned_shrunk_box_lanes": 0, "event": "wave", "frontier": 12, "native_wave_index": 0, "nodes": 15, "t": 7.031979104503989, "terminal_input_split_lanes": 0, "terminal_lp_calls": 0, "terminal_lp_certified_lanes": 0, "terminal_lp_failed_lanes": 0, "terminal_lp_falsified_lanes": 0, "terminal_lp_skipped_lanes": 0, "terminal_lp_time_ms": 0, "wave": 4}
CLIMB_TRACE {"K": 12, "climb_enabled": false, "climb_unlearned_shrunk_box_lanes": 0, "event": "wave", "frontier": 24, "native_wave_index": 0, "nodes": 27, "t": 7.3960854429751635, "terminal_input_split_lanes": 0, "terminal_lp_calls": 0, "terminal_lp_certified_lanes": 0, "terminal_lp_failed_lanes": 0, "terminal_lp_falsified_lanes": 0, "terminal_lp_skipped_lanes": 0, "terminal_lp_time_ms": 0, "wave": 5}
CLIMB_TRACE {"K": 24, "climb_enabled": false, "climb_unlearned_shrunk_box_lanes": 0, "event": "wave", "frontier": 20, "native_wave_index": 0, "nodes": 51, "t": 7.782880682498217, "terminal_input_split_lanes": 0, "terminal_lp_calls": 0, "terminal_lp_certified_lanes": 0, "terminal_lp_failed_lanes": 0, "terminal_lp_falsified_lanes": 0, "terminal_lp_skipped_lanes": 0, "terminal_lp_time_ms": 0, "wave": 6}
CLIMB_TRACE {"K": 20, "climb_enabled": false, "climb_unlearned_shrunk_box_lanes": 0, "event": "wave", "frontier": 36, "native_wave_index": 0, "nodes": 71, "t": 8.169394295662642, "terminal_input_split_lanes": 0, "terminal_lp_calls": 0, "terminal_lp_certified_lanes": 0, "terminal_lp_failed_lanes": 0, "terminal_lp_falsified_lanes": 0, "terminal_lp_skipped_lanes": 0, "terminal_lp_time_ms": 0, "wave": 7}
CLIMB_TRACE {"K": 36, "climb_enabled": false, "climb_unlearned_shrunk_box_lanes": 0, "event": "wave", "frontier": 50, "native_wave_index": 0, "nodes": 107, "t": 8.58720556460321, "terminal_input_split_lanes": 0, "terminal_lp_calls": 0, "terminal_lp_certified_lanes": 0, "terminal_lp_failed_lanes": 0, "terminal_lp_falsified_lanes": 0, "terminal_lp_skipped_lanes": 0, "terminal_lp_time_ms": 0, "wave": 8}
CLIMB_TRACE {"K": 50, "climb_enabled": false, "climb_unlearned_shrunk_box_lanes": 0, "event": "wave", "frontier": 68, "native_wave_index": 0, "nodes": 157, "t": 9.025443496182561, "terminal_input_split_lanes": 0, "terminal_lp_calls": 0, "terminal_lp_certified_lanes": 0, "terminal_lp_failed_lanes": 0, "terminal_lp_falsified_lanes": 0, "terminal_lp_skipped_lanes": 0, "terminal_lp_time_ms": 0, "wave": 9}
CLIMB_TRACE {"K": 68, "climb_enabled": false, "climb_unlearned_shrunk_box_lanes": 0, "event": "wave", "frontier": 98, "native_wave_index": 0, "nodes": 225, "t": 9.499531151726842, "terminal_input_split_lanes": 0, "terminal_lp_calls": 0, "terminal_lp_certified_lanes": 0, "terminal_lp_failed_lanes": 0, "terminal_lp_falsified_lanes": 0, "terminal_lp_skipped_lanes": 0, "terminal_lp_time_ms": 0, "wave": 10}
CLIMB_TRACE {"K": 98, "climb_enabled": false, "climb_unlearned_shrunk_box_lanes": 0, "event": "wave", "frontier": 128, "native_wave_index": 0, "nodes": 323, "t": 10.02340834774077, "terminal_input_split_lanes": 0, "terminal_lp_calls": 0, "terminal_lp_certified_lanes": 0, "terminal_lp_failed_lanes": 0, "terminal_lp_falsified_lanes": 0, "terminal_lp_skipped_lanes": 0, "terminal_lp_time_ms": 0, "wave": 11}
CLIMB_TRACE {"K": 128, "climb_enabled": false, "climb_unlearned_shrunk_box_lanes": 0, "event": "wave", "frontier": 160, "native_wave_index": 0, "nodes": 451, "t": 10.600613275542855, "terminal_input_split_lanes": 0, "terminal_lp_calls": 0, "terminal_lp_certified_lanes": 0, "terminal_lp_failed_lanes": 0, "terminal_lp_falsified_lanes": 0, "terminal_lp_skipped_lanes": 0, "terminal_lp_time_ms": 0, "wave": 12}
CLIMB_TRACE {"K": 160, "climb_enabled": false, "climb_unlearned_shrunk_box_lanes": 0, "event": "wave", "frontier": 196, "native_wave_index": 0, "nodes": 611, "t": 11.260220451280475, "terminal_input_split_lanes": 0, "terminal_lp_calls": 0, "terminal_lp_certified_lanes": 0, "terminal_lp_failed_lanes": 0, "terminal_lp_falsified_lanes": 0, "terminal_lp_skipped_lanes": 0, "terminal_lp_time_ms": 0, "wave": 13}
CLIMB_TRACE {"K": 196, "climb_enabled": false, "climb_unlearned_shrunk_box_lanes": 0, "event": "wave", "frontier": 238, "native_wave_index": 0, "nodes": 807, "t": 12.004058100283146, "terminal_input_split_lanes": 0, "terminal_lp_calls": 0, "terminal_lp_certified_lanes": 0, "terminal_lp_failed_lanes": 0, "terminal_lp_falsified_lanes": 0, "terminal_lp_skipped_lanes": 0, "terminal_lp_time_ms": 0, "wave": 14}
CLIMB_TRACE {"K": 238, "climb_enabled": false, "climb_unlearned_shrunk_box_lanes": 0, "event": "wave", "frontier": 302, "native_wave_index": 0, "nodes": 1045, "t": 12.870340947061777, "terminal_input_split_lanes": 0, "terminal_lp_calls": 0, "terminal_lp_certified_lanes": 0, "terminal_lp_failed_lanes": 0, "terminal_lp_falsified_lanes": 0, "terminal_lp_skipped_lanes": 0, "terminal_lp_time_ms": 0, "wave": 15}
CLIMB_TRACE {"K": 256, "climb_enabled": false, "climb_unlearned_shrunk_box_lanes": 0, "event": "wave", "frontier": 374, "native_wave_index": 0, "nodes": 1301, "t": 13.775792567059398, "terminal_input_split_lanes": 0, "terminal_lp_calls": 0, "terminal_lp_certified_lanes": 0, "terminal_lp_failed_lanes": 0, "terminal_lp_falsified_lanes": 0, "terminal_lp_skipped_lanes": 0, "terminal_lp_time_ms": 0, "wave": 16}
CLIMB_TRACE {"K": 256, "climb_enabled": false, "climb_unlearned_shrunk_box_lanes": 0, "event": "wave", "frontier": 444, "native_wave_index": 0, "nodes": 1557, "t": 14.683250959962606, "terminal_input_split_lanes": 0, "terminal_lp_calls": 0, "terminal_lp_certified_lanes": 0, "terminal_lp_failed_lanes": 0, "terminal_lp_falsified_lanes": 0, "terminal_lp_skipped_lanes": 0, "terminal_lp_time_ms": 0, "wave": 17}
CLIMB_TRACE {"K": 256, "climb_enabled": false, "climb_unlearned_shrunk_box_lanes": 0, "event": "wave", "frontier": 500, "native_wave_index": 0, "nodes": 1813, "t": 15.584364453330636, "terminal_input_split_lanes": 0, "terminal_lp_calls": 0, "terminal_lp_certified_lanes": 0, "terminal_lp_failed_lanes": 0, "terminal_lp_falsified_lanes": 0, "terminal_lp_skipped_lanes": 0, "terminal_lp_time_ms": 0, "wave": 18}
CLIMB_TRACE {"K": 256, "climb_enabled": false, "climb_unlearned_shrunk_box_lanes": 0, "event": "wave", "frontier": 536, "native_wave_index": 0, "nodes": 2069, "t": 16.468664711341262, "terminal_input_split_lanes": 0, "terminal_lp_calls": 0, "terminal_lp_certified_lanes": 0, "terminal_lp_failed_lanes": 0, "terminal_lp_falsified_lanes": 0, "terminal_lp_skipped_lanes": 0, "terminal_lp_time_ms": 0, "wave": 19}
CLIMB_TRACE {"K": 256, "climb_enabled": false, "climb_unlearned_shrunk_box_lanes": 0, "event": "wave", "frontier": 544, "native_wave_index": 0, "nodes": 2325, "t": 17.325269239023328, "terminal_input_split_lanes": 0, "terminal_lp_calls": 0, "terminal_lp_certified_lanes": 0, "terminal_lp_failed_lanes": 0, "terminal_lp_falsified_lanes": 0, "terminal_lp_skipped_lanes": 0, "terminal_lp_time_ms": 0, "wave": 20}
CLIMB_TRACE {"K": 256, "climb_enabled": false, "climb_unlearned_shrunk_box_lanes": 0, "event": "wave", "frontier": 516, "native_wave_index": 0, "nodes": 2581, "t": 18.173398131504655, "terminal_input_split_lanes": 0, "terminal_lp_calls": 0, "terminal_lp_certified_lanes": 0, "terminal_lp_failed_lanes": 0, "terminal_lp_falsified_lanes": 0, "terminal_lp_skipped_lanes": 0, "terminal_lp_time_ms": 0, "wave": 21}
CLIMB_TRACE {"K": 256, "climb_enabled": false, "climb_unlearned_shrunk_box_lanes": 0, "event": "wave", "frontier": 482, "native_wave_index": 0, "nodes": 2837, "t": 19.01421227119863, "terminal_input_split_lanes": 0, "terminal_lp_calls": 0, "terminal_lp_certified_lanes": 0, "terminal_lp_failed_lanes": 0, "terminal_lp_falsified_lanes": 0, "terminal_lp_skipped_lanes": 0, "terminal_lp_time_ms": 0, "wave": 22}
CLIMB_TRACE {"K": 256, "climb_enabled": false, "climb_unlearned_shrunk_box_lanes": 0, "event": "wave", "frontier": 450, "native_wave_index": 0, "nodes": 3093, "t": 19.855365002527833, "terminal_input_split_lanes": 0, "terminal_lp_calls": 0, "terminal_lp_certified_lanes": 0, "terminal_lp_failed_lanes": 0, "terminal_lp_falsified_lanes": 0, "terminal_lp_skipped_lanes": 0, "terminal_lp_time_ms": 0, "wave": 23}
CLIMB_TRACE {"K": 256, "climb_enabled": false, "climb_unlearned_shrunk_box_lanes": 0, "event": "wave", "frontier": 414, "native_wave_index": 0, "nodes": 3349, "t": 20.70395528152585, "terminal_input_split_lanes": 0, "terminal_lp_calls": 0, "terminal_lp_certified_lanes": 0, "terminal_lp_failed_lanes": 0, "terminal_lp_falsified_lanes": 0, "terminal_lp_skipped_lanes": 0, "terminal_lp_time_ms": 0, "wave": 24}
CLIMB_TRACE {"K": 256, "climb_enabled": false, "climb_unlearned_shrunk_box_lanes": 0, "event": "wave", "frontier": 376, "native_wave_index": 0, "nodes": 3605, "t": 21.543110076338053, "terminal_input_split_lanes": 0, "terminal_lp_calls": 0, "terminal_lp_certified_lanes": 0, "terminal_lp_failed_lanes": 0, "terminal_lp_falsified_lanes": 0, "terminal_lp_skipped_lanes": 0, "terminal_lp_time_ms": 0, "wave": 25}
CLIMB_TRACE {"K": 256, "climb_enabled": false, "climb_unlearned_shrunk_box_lanes": 0, "event": "wave", "frontier": 340, "native_wave_index": 0, "nodes": 3861, "t": 22.381198028102517, "terminal_input_split_lanes": 0, "terminal_lp_calls": 0, "terminal_lp_certified_lanes": 0, "terminal_lp_failed_lanes": 0, "terminal_lp_falsified_lanes": 0, "terminal_lp_skipped_lanes": 0, "terminal_lp_time_ms": 0, "wave": 26}
CLIMB_TRACE {"K": 256, "climb_enabled": false, "climb_unlearned_shrunk_box_lanes": 0, "event": "wave", "frontier": 316, "native_wave_index": 0, "nodes": 4117, "t": 23.233966659754515, "terminal_input_split_lanes": 0, "terminal_lp_calls": 0, "terminal_lp_certified_lanes": 0, "terminal_lp_failed_lanes": 0, "terminal_lp_falsified_lanes": 0, "terminal_lp_skipped_lanes": 0, "terminal_lp_time_ms": 0, "wave": 27}
CLIMB_TRACE {"K": 256, "climb_enabled": false, "climb_unlearned_shrunk_box_lanes": 0, "event": "wave", "frontier": 302, "native_wave_index": 0, "nodes": 4373, "t": 24.071804439648986, "terminal_input_split_lanes": 0, "terminal_lp_calls": 0, "terminal_lp_certified_lanes": 0, "terminal_lp_failed_lanes": 0, "terminal_lp_falsified_lanes": 0, "terminal_lp_skipped_lanes": 0, "terminal_lp_time_ms": 0, "wave": 28}
CLIMB_TRACE {"K": 256, "climb_enabled": false, "climb_unlearned_shrunk_box_lanes": 0, "event": "wave", "frontier": 314, "native_wave_index": 0, "nodes": 4629, "t": 24.931229203939438, "terminal_input_split_lanes": 0, "terminal_lp_calls": 0, "terminal_lp_certified_lanes": 0, "terminal_lp_failed_lanes": 0, "terminal_lp_falsified_lanes": 0, "terminal_lp_skipped_lanes": 0, "terminal_lp_time_ms": 0, "wave": 29}
CLIMB_TRACE {"K": 256, "climb_enabled": false, "climb_unlearned_shrunk_box_lanes": 0, "event": "wave", "frontier": 318, "native_wave_index": 0, "nodes": 4885, "t": 25.78916254080832, "terminal_input_split_lanes": 0, "terminal_lp_calls": 0, "terminal_lp_certified_lanes": 0, "terminal_lp_failed_lanes": 0, "terminal_lp_falsified_lanes": 0, "terminal_lp_skipped_lanes": 0, "terminal_lp_time_ms": 0, "wave": 30}
CLIMB_TRACE {"K": 256, "climb_enabled": false, "climb_unlearned_shrunk_box_lanes": 0, "event": "wave", "frontier": 306, "native_wave_index": 0, "nodes": 5141, "t": 26.629950400441885, "terminal_input_split_lanes": 0, "terminal_lp_calls": 0, "terminal_lp_certified_lanes": 0, "terminal_lp_failed_lanes": 0, "terminal_lp_falsified_lanes": 0, "terminal_lp_skipped_lanes": 0, "terminal_lp_time_ms": 0, "wave": 31}
CLIMB_TRACE {"K": 256, "climb_enabled": false, "climb_unlearned_shrunk_box_lanes": 0, "event": "wave", "frontier": 300, "native_wave_index": 0, "nodes": 5397, "t": 27.4763106033206, "terminal_input_split_lanes": 0, "terminal_lp_calls": 0, "terminal_lp_certified_lanes": 0, "terminal_lp_failed_lanes": 0, "terminal_lp_falsified_lanes": 0, "terminal_lp_skipped_lanes": 0, "terminal_lp_time_ms": 0, "wave": 32}
CLIMB_TRACE {"K": 256, "climb_enabled": false, "climb_unlearned_shrunk_box_lanes": 0, "event": "wave", "frontier": 290, "native_wave_index": 0, "nodes": 5653, "t": 28.31804584339261, "terminal_input_split_lanes": 0, "terminal_lp_calls": 0, "terminal_lp_certified_lanes": 0, "terminal_lp_failed_lanes": 0, "terminal_lp_falsified_lanes": 0, "terminal_lp_skipped_lanes": 0, "terminal_lp_time_ms": 0, "wave": 33}
CLIMB_TRACE {"K": 256, "climb_enabled": false, "climb_unlearned_shrunk_box_lanes": 0, "event": "wave", "frontier": 294, "native_wave_index": 0, "nodes": 5909, "t": 29.170675855129957, "terminal_input_split_lanes": 0, "terminal_lp_calls": 0, "terminal_lp_certified_lanes": 0, "terminal_lp_failed_lanes": 0, "terminal_lp_falsified_lanes": 0, "terminal_lp_skipped_lanes": 0, "terminal_lp_time_ms": 0, "wave": 34}
CLIMB_TRACE {"K": 256, "climb_enabled": false, "climb_unlearned_shrunk_box_lanes": 0, "event": "wave", "frontier": 298, "native_wave_index": 0, "nodes": 6165, "t": 30.02543143182993, "terminal_input_split_lanes": 0, "terminal_lp_calls": 0, "terminal_lp_certified_lanes": 0, "terminal_lp_failed_lanes": 0, "terminal_lp_falsified_lanes": 0, "terminal_lp_skipped_lanes": 0, "terminal_lp_time_ms": 0, "wave": 35}
CLIMB_TRACE {"K": 256, "climb_enabled": false, "climb_unlearned_shrunk_box_lanes": 0, "event": "wave", "frontier": 292, "native_wave_index": 0, "nodes": 6421, "t": 30.867293985560536, "terminal_input_split_lanes": 0, "terminal_lp_calls": 0, "terminal_lp_certified_lanes": 0, "terminal_lp_failed_lanes": 0, "terminal_lp_falsified_lanes": 0, "terminal_lp_skipped_lanes": 0, "terminal_lp_time_ms": 0, "wave": 36}
CLIMB_TRACE {"K": 256, "climb_enabled": false, "climb_unlearned_shrunk_box_lanes": 0, "event": "wave", "frontier": 272, "native_wave_index": 0, "nodes": 6677, "t": 31.72403539903462, "terminal_input_split_lanes": 0, "terminal_lp_calls": 0, "terminal_lp_certified_lanes": 0, "terminal_lp_failed_lanes": 0, "terminal_lp_falsified_lanes": 0, "terminal_lp_skipped_lanes": 0, "terminal_lp_time_ms": 0, "wave": 37}
CLIMB_TRACE {"K": 256, "climb_enabled": false, "climb_unlearned_shrunk_box_lanes": 0, "event": "wave", "frontier": 266, "native_wave_index": 0, "nodes": 6933, "t": 32.56527850590646, "terminal_input_split_lanes": 0, "terminal_lp_calls": 0, "terminal_lp_certified_lanes": 0, "terminal_lp_failed_lanes": 0, "terminal_lp_falsified_lanes": 0, "terminal_lp_skipped_lanes": 0, "terminal_lp_time_ms": 0, "wave": 38}
CLIMB_TRACE {"K": 256, "climb_enabled": false, "climb_unlearned_shrunk_box_lanes": 0, "event": "wave", "frontier": 238, "native_wave_index": 0, "nodes": 7189, "t": 33.414509827271104, "terminal_input_split_lanes": 0, "terminal_lp_calls": 0, "terminal_lp_certified_lanes": 0, "terminal_lp_failed_lanes": 0, "terminal_lp_falsified_lanes": 0, "terminal_lp_skipped_lanes": 0, "terminal_lp_time_ms": 0, "wave": 39}
CLIMB_TRACE {"K": 238, "climb_enabled": false, "climb_unlearned_shrunk_box_lanes": 0, "event": "wave", "frontier": 234, "native_wave_index": 0, "nodes": 7427, "t": 34.24350767582655, "terminal_input_split_lanes": 0, "terminal_lp_calls": 0, "terminal_lp_certified_lanes": 0, "terminal_lp_failed_lanes": 0, "terminal_lp_falsified_lanes": 0, "terminal_lp_skipped_lanes": 0, "terminal_lp_time_ms": 0, "wave": 40}
CLIMB_TRACE {"K": 234, "climb_enabled": false, "climb_unlearned_shrunk_box_lanes": 0, "event": "wave", "frontier": 228, "native_wave_index": 0, "nodes": 7661, "t": 35.05846908316016, "terminal_input_split_lanes": 0, "terminal_lp_calls": 0, "terminal_lp_certified_lanes": 0, "terminal_lp_failed_lanes": 0, "terminal_lp_falsified_lanes": 0, "terminal_lp_skipped_lanes": 0, "terminal_lp_time_ms": 0, "wave": 41}
CLIMB_TRACE {"K": 228, "climb_enabled": false, "climb_unlearned_shrunk_box_lanes": 0, "event": "wave", "frontier": 214, "native_wave_index": 0, "nodes": 7889, "t": 35.85988537594676, "terminal_input_split_lanes": 0, "terminal_lp_calls": 0, "terminal_lp_certified_lanes": 0, "terminal_lp_failed_lanes": 0, "terminal_lp_falsified_lanes": 0, "terminal_lp_skipped_lanes": 0, "terminal_lp_time_ms": 0, "wave": 42}
CLIMB_TRACE {"K": 214, "climb_enabled": false, "climb_unlearned_shrunk_box_lanes": 0, "event": "wave", "frontier": 192, "native_wave_index": 0, "nodes": 8103, "t": 36.61120995506644, "terminal_input_split_lanes": 0, "terminal_lp_calls": 0, "terminal_lp_certified_lanes": 0, "terminal_lp_failed_lanes": 0, "terminal_lp_falsified_lanes": 0, "terminal_lp_skipped_lanes": 0, "terminal_lp_time_ms": 0, "wave": 43}
CLIMB_TRACE {"K": 192, "climb_enabled": false, "climb_unlearned_shrunk_box_lanes": 0, "event": "wave", "frontier": 194, "native_wave_index": 0, "nodes": 8295, "t": 37.3306694496423, "terminal_input_split_lanes": 0, "terminal_lp_calls": 0, "terminal_lp_certified_lanes": 0, "terminal_lp_failed_lanes": 0, "terminal_lp_falsified_lanes": 0, "terminal_lp_skipped_lanes": 0, "terminal_lp_time_ms": 0, "wave": 44}
CLIMB_TRACE {"K": 194, "climb_enabled": false, "climb_unlearned_shrunk_box_lanes": 0, "event": "wave", "frontier": 194, "native_wave_index": 0, "nodes": 8489, "t": 38.05930787883699, "terminal_input_split_lanes": 0, "terminal_lp_calls": 0, "terminal_lp_certified_lanes": 0, "terminal_lp_failed_lanes": 0, "terminal_lp_falsified_lanes": 0, "terminal_lp_skipped_lanes": 0, "terminal_lp_time_ms": 0, "wave": 45}
CLIMB_TRACE {"K": 194, "climb_enabled": false, "climb_unlearned_shrunk_box_lanes": 0, "event": "wave", "frontier": 194, "native_wave_index": 0, "nodes": 8683, "t": 38.78546591103077, "terminal_input_split_lanes": 0, "terminal_lp_calls": 0, "terminal_lp_certified_lanes": 0, "terminal_lp_failed_lanes": 0, "terminal_lp_falsified_lanes": 0, "terminal_lp_skipped_lanes": 0, "terminal_lp_time_ms": 0, "wave": 46}
CLIMB_TRACE {"K": 194, "climb_enabled": false, "climb_unlearned_shrunk_box_lanes": 0, "event": "wave", "frontier": 180, "native_wave_index": 0, "nodes": 8877, "t": 39.49702971242368, "terminal_input_split_lanes": 0, "terminal_lp_calls": 0, "terminal_lp_certified_lanes": 0, "terminal_lp_failed_lanes": 0, "terminal_lp_falsified_lanes": 0, "terminal_lp_skipped_lanes": 0, "terminal_lp_time_ms": 0, "wave": 47}
CLIMB_TRACE {"K": 180, "climb_enabled": false, "climb_unlearned_shrunk_box_lanes": 0, "event": "wave", "frontier": 172, "native_wave_index": 0, "nodes": 9057, "t": 40.17046808451414, "terminal_input_split_lanes": 0, "terminal_lp_calls": 0, "terminal_lp_certified_lanes": 0, "terminal_lp_failed_lanes": 0, "terminal_lp_falsified_lanes": 0, "terminal_lp_skipped_lanes": 0, "terminal_lp_time_ms": 0, "wave": 48}
CLIMB_TRACE {"K": 172, "climb_enabled": false, "climb_unlearned_shrunk_box_lanes": 0, "event": "wave", "frontier": 146, "native_wave_index": 0, "nodes": 9229, "t": 40.8069028519094, "terminal_input_split_lanes": 0, "terminal_lp_calls": 0, "terminal_lp_certified_lanes": 0, "terminal_lp_failed_lanes": 0, "terminal_lp_falsified_lanes": 0, "terminal_lp_skipped_lanes": 0, "terminal_lp_time_ms": 0, "wave": 49}
CLIMB_TRACE {"K": 146, "climb_enabled": false, "climb_unlearned_shrunk_box_lanes": 0, "event": "wave", "frontier": 128, "native_wave_index": 0, "nodes": 9375, "t": 41.37800758332014, "terminal_input_split_lanes": 0, "terminal_lp_calls": 0, "terminal_lp_certified_lanes": 0, "terminal_lp_failed_lanes": 0, "terminal_lp_falsified_lanes": 0, "terminal_lp_skipped_lanes": 0, "terminal_lp_time_ms": 0, "wave": 50}
CLIMB_TRACE {"K": 128, "climb_enabled": false, "climb_unlearned_shrunk_box_lanes": 0, "event": "wave", "frontier": 112, "native_wave_index": 0, "nodes": 9503, "t": 41.91222362406552, "terminal_input_split_lanes": 0, "terminal_lp_calls": 0, "terminal_lp_certified_lanes": 0, "terminal_lp_failed_lanes": 0, "terminal_lp_falsified_lanes": 0, "terminal_lp_skipped_lanes": 0, "terminal_lp_time_ms": 0, "wave": 51}
CLIMB_TRACE {"K": 112, "climb_enabled": false, "climb_unlearned_shrunk_box_lanes": 0, "event": "wave", "frontier": 90, "native_wave_index": 0, "nodes": 9615, "t": 42.42955346032977, "terminal_input_split_lanes": 0, "terminal_lp_calls": 0, "terminal_lp_certified_lanes": 0, "terminal_lp_failed_lanes": 0, "terminal_lp_falsified_lanes": 0, "terminal_lp_skipped_lanes": 0, "terminal_lp_time_ms": 0, "wave": 52}
CLIMB_TRACE {"K": 90, "climb_enabled": false, "climb_unlearned_shrunk_box_lanes": 0, "event": "wave", "frontier": 76, "native_wave_index": 0, "nodes": 9705, "t": 42.913433503359556, "terminal_input_split_lanes": 0, "terminal_lp_calls": 0, "terminal_lp_certified_lanes": 0, "terminal_lp_failed_lanes": 0, "terminal_lp_falsified_lanes": 0, "terminal_lp_skipped_lanes": 0, "terminal_lp_time_ms": 0, "wave": 53}
CLIMB_TRACE {"K": 76, "climb_enabled": false, "climb_unlearned_shrunk_box_lanes": 0, "event": "wave", "frontier": 60, "native_wave_index": 0, "nodes": 9781, "t": 43.37276238761842, "terminal_input_split_lanes": 0, "terminal_lp_calls": 0, "terminal_lp_certified_lanes": 0, "terminal_lp_failed_lanes": 0, "terminal_lp_falsified_lanes": 0, "terminal_lp_skipped_lanes": 0, "terminal_lp_time_ms": 0, "wave": 54}
CLIMB_TRACE {"K": 60, "climb_enabled": false, "climb_unlearned_shrunk_box_lanes": 0, "event": "wave", "frontier": 40, "native_wave_index": 0, "nodes": 9841, "t": 43.807050907984376, "terminal_input_split_lanes": 0, "terminal_lp_calls": 0, "terminal_lp_certified_lanes": 0, "terminal_lp_failed_lanes": 0, "terminal_lp_falsified_lanes": 0, "terminal_lp_skipped_lanes": 0, "terminal_lp_time_ms": 0, "wave": 55}
CLIMB_TRACE {"K": 40, "climb_enabled": false, "climb_unlearned_shrunk_box_lanes": 0, "event": "wave", "frontier": 24, "native_wave_index": 0, "nodes": 9881, "t": 44.20985595136881, "terminal_input_split_lanes": 0, "terminal_lp_calls": 0, "terminal_lp_certified_lanes": 0, "terminal_lp_failed_lanes": 0, "terminal_lp_falsified_lanes": 0, "terminal_lp_skipped_lanes": 0, "terminal_lp_time_ms": 0, "wave": 56}
CLIMB_TRACE {"K": 24, "climb_enabled": false, "climb_unlearned_shrunk_box_lanes": 0, "event": "wave", "frontier": 16, "native_wave_index": 0, "nodes": 9905, "t": 44.60622873529792, "terminal_input_split_lanes": 0, "terminal_lp_calls": 0, "terminal_lp_certified_lanes": 0, "terminal_lp_failed_lanes": 0, "terminal_lp_falsified_lanes": 0, "terminal_lp_skipped_lanes": 0, "terminal_lp_time_ms": 0, "wave": 57}
CLIMB_TRACE {"K": 16, "climb_enabled": false, "climb_unlearned_shrunk_box_lanes": 0, "event": "wave", "frontier": 12, "native_wave_index": 0, "nodes": 9921, "t": 44.99075902439654, "terminal_input_split_lanes": 0, "terminal_lp_calls": 0, "terminal_lp_certified_lanes": 0, "terminal_lp_failed_lanes": 0, "terminal_lp_falsified_lanes": 0, "terminal_lp_skipped_lanes": 0, "terminal_lp_time_ms": 0, "wave": 58}
CLIMB_TRACE {"K": 12, "climb_enabled": false, "climb_unlearned_shrunk_box_lanes": 0, "event": "wave", "frontier": 8, "native_wave_index": 0, "nodes": 9933, "t": 45.37337211146951, "terminal_input_split_lanes": 0, "terminal_lp_calls": 0, "terminal_lp_certified_lanes": 0, "terminal_lp_failed_lanes": 0, "terminal_lp_falsified_lanes": 0, "terminal_lp_skipped_lanes": 0, "terminal_lp_time_ms": 0, "wave": 59}
CLIMB_TRACE {"K": 8, "climb_enabled": false, "climb_unlearned_shrunk_box_lanes": 0, "event": "wave", "frontier": 4, "native_wave_index": 0, "nodes": 9941, "t": 45.73527135141194, "terminal_input_split_lanes": 0, "terminal_lp_calls": 0, "terminal_lp_certified_lanes": 0, "terminal_lp_failed_lanes": 0, "terminal_lp_falsified_lanes": 0, "terminal_lp_skipped_lanes": 0, "terminal_lp_time_ms": 0, "wave": 60}
CLIMB_TRACE {"K": 4, "climb_enabled": false, "climb_unlearned_shrunk_box_lanes": 0, "event": "wave", "frontier": 4, "native_wave_index": 0, "nodes": 9945, "t": 46.091427989304066, "terminal_input_split_lanes": 0, "terminal_lp_calls": 0, "terminal_lp_certified_lanes": 0, "terminal_lp_failed_lanes": 0, "terminal_lp_falsified_lanes": 0, "terminal_lp_skipped_lanes": 0, "terminal_lp_time_ms": 0, "wave": 61}
CLIMB_TRACE {"K": 4, "climb_enabled": false, "climb_unlearned_shrunk_box_lanes": 0, "event": "wave", "frontier": 4, "native_wave_index": 0, "nodes": 9949, "t": 46.444723296910524, "terminal_input_split_lanes": 0, "terminal_lp_calls": 0, "terminal_lp_certified_lanes": 0, "terminal_lp_failed_lanes": 0, "terminal_lp_falsified_lanes": 0, "terminal_lp_skipped_lanes": 0, "terminal_lp_time_ms": 0, "wave": 62}
CLIMB_TRACE {"K": 4, "climb_enabled": false, "climb_unlearned_shrunk_box_lanes": 0, "event": "wave", "frontier": 0, "native_wave_index": 0, "nodes": 9953, "t": 46.474760906770825, "terminal_input_split_lanes": 0, "terminal_lp_calls": 0, "terminal_lp_certified_lanes": 0, "terminal_lp_failed_lanes": 0, "terminal_lp_falsified_lanes": 0, "terminal_lp_skipped_lanes": 0, "terminal_lp_time_ms": 0, "wave": 63}
CLIMB_TRACE_FINAL {"alpha_per_row_waves": 63, "alpha_shared_waves": 0, "any_dropped_frontier_cap": false, "bounding_top_k_effective": 0, "exhausted_budget_nodes": false, "exhausted_budget_time": false, "frontier_bytes_peak": 416743168, "frontier_cold_pops": 0, "frontier_evicted_nodes": 0, "frontier_nodes_peak": 544, "frontier_offload_events": 0, "frontier_warmstart_dropped_nodes": 0, "frontier_wave_k_caps": 0, "multi_split_clamped_wave_count": 0, "multi_split_k_requested": 1, "multi_split_k_used": 1, "multi_split_lane_starved_count": 0, "multi_split_wave_count": 0, "nodes": 9953, "nodes_minted": 0, "pool_remaining": 0, "spec_rows_kept": 1, "whole_batch_fallback_count": 0}
CLIMB_TRACE {"K": 4, "climb_enabled": false, "climb_unlearned_shrunk_box_lanes": 0, "event": "final", "frontier": 0, "native_wave_index": 0, "nodes": 9953, "status": "VerifyStatus.CERTIFIED", "t": 46.47497437149286, "terminal_input_split_lanes": 0, "terminal_lp_calls": 0, "terminal_lp_certified_lanes": 0, "terminal_lp_failed_lanes": 0, "terminal_lp_falsified_lanes": 0, "terminal_lp_skipped_lanes": 0, "terminal_lp_time_ms": 0, "wave": 63}
FSE_VERIFY_TIME: 47.382488176
FSE_TIMEOUT_CLOCK_TIME: 47.534051837
Loaded 43-layer net; solver=dual
Lane 0: VerifyStatus.CERTIFIED
  nodes: 9953
  spec_rows_kept: 1
  pool_remaining: 0
  exhausted_budget_time: False
  exhausted_budget_nodes: False
  nodes_minted: 0
  any_dropped_frontier_cap: False
  multi_split_k_requested: 1
  multi_split_k_used: 1
  multi_split_wave_count: 0
  multi_split_clamped_wave_count: 0
  multi_split_lane_starved_count: 0
  alpha_shared_waves: 0
  alpha_per_row_waves: 63
  whole_batch_fallback_count: 0
  bounding_top_k_effective: 0
  frontier_bytes_peak: 416743168
  frontier_nodes_peak: 544
  frontier_offload_events: 0
  frontier_warmstart_dropped_nodes: 0
  frontier_wave_k_caps: 0
  frontier_evicted_nodes: 0
  frontier_cold_pops: 0
QV_GPU_PEAK: allocated_mib=14783.2 reserved_mib=16976.0
