COMMAND: fse2026/scripts/act_trace_pyhook.sh -m act.back_end --verify --onnx data/vnncomp2026/tinyimagenet_2024/2.0/onnx/TinyImageNet_resnet_medium.onnx --vnnlib data/vnncomp2026/tinyimagenet_2024/2.0/vnnlib/TinyImageNet_resnet_medium_prop_idx_3417_sidx_7200_eps_0.0039.vnnlib --solver dual --bab --device cuda --verbose --dual-stagnation-patience 10 --dual-stop-when-verified --bab-presolve-time-fraction 0.3 --bab-child-n-iters 10 --bab-max-batch-size auto --dtype float32 --bab-preset climb_split_lin --bab-branching fsb --bab-max-batch-size 256 --bab-max-subproblems 1000000000000 --bab-max-depth 1000000000 --timeout 100.0
[ACT] Auto-detecting project root: .
[WARN] Gurobi license not found: modules/gurobi/gurobi.lic
[INFO] Please place gurobi.lic in: modules/gurobi
CLIMB_TRACE_HOOK function=act.back_end.bab.bab.verify_bab_batched boundary=1396 popped=1433
✅ Device Manager Initialized: device=cuda:0, dtype=torch.float32, tf32=off
Resolved BaBConfig: {"alpha_mode": "fixed", "alpha_opt_steps": 1000, "auto_batch_cap": 2048, "auto_batch_floor": 8, "auto_batch_safety": 0.55, "baf": true, "bounding": "depth_bound_blend", "bounding_bound_weight": 0.5, "bounding_depth_weight": 0.5, "branching_method": "fsb", "child_n_iters": 10, "climb_coarsening_enabled": true, "climb_complement_bounding": false, "climb_delta_abs": 1e-09, "climb_delta_rel": 1e-07, "climb_enabled": true, "climb_lin_support_refinement": false, "climb_max_cores": 1024, "climb_merge_enabled": true, "climb_presplit_propagation_enabled": true, "climb_propagate_core_chunk": 4096, "climb_propagation_enabled": true, "climb_recheck_k": 0, "climb_steer": false, "climb_terminal_cores": true, "climb_theta": 0.0, "eps": 1e-05, "eta_only_children": false, "frontier_cap": 0, "frontier_mem_safety": 0.6, "frontier_offload": true, "input_split_fanout": 2, "intermediate_refine": "all", "intermediate_refine_max_tensor_mib": 1024.0, "intermediate_refine_ratio": 10.0, "k": 1, "llm_probe_api_key_env": "", "llm_probe_backend": "mock", "llm_probe_base_url": "", "llm_probe_cadence": 1, "llm_probe_decisions": "split,frontier,refine", "llm_probe_enabled": false, "llm_probe_history": 8, "llm_probe_log": false, "llm_probe_max_candidates": 8, "llm_probe_max_candidates_total": 1024, "llm_probe_max_failures": 3, "llm_probe_model": "", "llm_probe_neuron_topk": 512, "llm_probe_temperature": 0.0, "llm_probe_timeout": 30.0, "max_depth": 1000000000, "max_eps": 0.01, "max_nodes": 1000000000000, "mcts_exploration": 1.0, "mcts_lambda": 0.5, "mcts_virtual_loss": 1.0, "method": null, "multi_split_levels": 1, "num_verify_iters": 5, "p": 2.0, "per_subproblem_refine": "none", "per_subproblem_refine_iters": 0, "per_subproblem_refine_rows_cap": 64, "perturbed_words": 1, "presolve_time_fraction": 0.3, "presplit_levels": 0, "provenance_enabled": false, "root_bounds_reuse": "split_refresh_linear", "sa_cooling_rate": 0.99, "solver_tier": "dual_alpha_eta", "top_k": 0, "verbose": false}

🧬 Synthesizing models from 1 spec result(s)...

🎉 Synthesis Complete:
   Total specs: 1
   Wrapped models: 1
INFO:act.config.backend_cli:Built 43-layer VNN-COMP net in 0.13 s
WARNING:act.back_end.dual_tf.tf_forward:forward linear bound 3.27 GiB persistent pair exceeds deterministic 1.00 GiB cap for [1, 46656, 9408]; falling back to interval for this layer
INFO:act.config.backend_cli:BaB budget 98.95 s of --timeout 100.00 s (1.05 s spent before BaB)
INFO:act.back_end.solver.solver_dual:Intermediate refinement layer=3 lanes=1 rows=1564 width=46656 estimate=278.358 MiB cap=1024.000 MiB action=refined
WARNING:act.back_end.solver.solver_dual:per-class alpha state estimate 1027.950 MiB exceeds 1024.000 MiB cap for lanes=1 rows=1564; using shared alpha slopes
INFO:act.back_end.solver.solver_dual:Intermediate refinement layer=5 lanes=1 rows=860 width=46656 estimate=153.062 MiB cap=1024.000 MiB action=refined
INFO:act.back_end.solver.solver_dual:Intermediate refinement layer=10 lanes=1 rows=1072 width=46656 estimate=190.793 MiB cap=1024.000 MiB action=refined
INFO:act.back_end.solver.solver_dual:Intermediate refinement layer=14 lanes=1 rows=14 width=46656 estimate=2.492 MiB cap=1024.000 MiB action=refined
INFO:act.back_end.solver.solver_dual:Intermediate refinement layer=18 lanes=1 rows=82 width=46656 estimate=14.594 MiB cap=1024.000 MiB action=refined
INFO:act.back_end.solver.solver_dual:Intermediate refinement layer=22 lanes=1 rows=352 width=46656 estimate=62.648 MiB cap=1024.000 MiB action=refined
INFO:act.back_end.solver.solver_dual:Intermediate refinement layer=40 lanes=1 rows=400 width=46656 estimate=71.191 MiB cap=1024.000 MiB action=refined
WARNING:act.back_end.solver.solver_dual:incremental alpha state 130.794 MiB exceeds 32.000 MiB per-lane cap for lanes=1; discarding warm start
CLIMB_TRACE {"K": 0, "climb_acquisition_replay_calls": 0, "climb_acquisition_replay_row_passes": 0, "climb_active_eta_entries": 0, "climb_coarsen_replay_fallbacks": 0, "climb_coarsen_time_s": 0.0, "climb_complement_attempts": 0, "climb_complement_successes": 0, "climb_core_height": 0, "climb_core_literals_original": 0, "climb_core_literals_retained": 0, "climb_cores_covering_resolved": 0, "climb_cores_evicted": 0, "climb_cores_inserted": 0, "climb_cores_resolved": 0, "climb_cores_subsumed": 0, "climb_enabled": true, "climb_forward_certified_lanes": 0, "climb_generated_children": 0, "climb_incremental_pool_rounds_skipped": 0, "climb_insert_time_s": 0.0, "climb_kraft_certified": 0, "climb_kraft_hist": {}, "climb_kraft_sum": 0, "climb_kraft_sum_lanes": 0.0, "climb_main_bound_calls": 0, "climb_main_bound_row_passes": 0, "climb_merge_calls": 0, "climb_merge_literals_after": 0, "climb_merge_literals_before": 0, "climb_merge_rows_after": 0, "climb_merge_rows_before": 0, "climb_merge_skipped_pairs": 0, "climb_merge_time_s": 0.0, "climb_merged_pairs": 0, "climb_peak_frontier_rows": 0, "climb_prebound_discharged": 0, "climb_prebound_unit_writes": 0, "climb_presplit_discharged": 0, "climb_presplit_unit_writes": 0, "climb_propagate_time_s": 0.0, "climb_recheck_calls": 0, "climb_recheck_row_passes": 0, "climb_recheck_time_s": 0.0, "climb_replay_time_s": 0.0, "climb_retired_unknown_lanes": 0, "climb_unit_writes": 0, "climb_unlearned_shrunk_box_lanes": 0, "event": "initial", "frontier": 1, "native_wave_index": 0, "nodes": 0, "t": 4.888796104118228, "terminal_input_split_lanes": 0, "terminal_lp_calls": 0, "terminal_lp_certified_lanes": 0, "terminal_lp_failed_lanes": 0, "terminal_lp_falsified_lanes": 0, "terminal_lp_skipped_lanes": 0, "terminal_lp_time_ms": 0, "wave": 0}
INFO:act.pipeline.verification.act2torch:Reconstructed VerifiableModel: body has 40 layer(s), inner_model type=ActGraphModule, INPUT_SPEC=1, BN_fused=0.
CLIMB_TRACE {"K": 1, "climb_acquisition_replay_calls": 0, "climb_acquisition_replay_row_passes": 0, "climb_active_eta_entries": 0, "climb_coarsen_replay_fallbacks": 0, "climb_coarsen_time_s": 0.0, "climb_complement_attempts": 0, "climb_complement_successes": 0, "climb_core_height": 0, "climb_core_literals_original": 0, "climb_core_literals_retained": 0, "climb_cores_covering_resolved": 0, "climb_cores_evicted": 0, "climb_cores_inserted": 0, "climb_cores_resolved": 0, "climb_cores_subsumed": 0, "climb_enabled": true, "climb_forward_certified_lanes": 0, "climb_generated_children": 2, "climb_incremental_pool_rounds_skipped": 0, "climb_insert_time_s": 0.0, "climb_kraft_certified": 0, "climb_kraft_hist": {}, "climb_kraft_sum": 0, "climb_kraft_sum_lanes": 0.0, "climb_main_bound_calls": 1, "climb_main_bound_row_passes": 1, "climb_merge_calls": 0, "climb_merge_literals_after": 0, "climb_merge_literals_before": 0, "climb_merge_rows_after": 0, "climb_merge_rows_before": 0, "climb_merge_skipped_pairs": 0, "climb_merge_time_s": 0.0, "climb_merged_pairs": 0, "climb_peak_frontier_rows": 2, "climb_prebound_discharged": 0, "climb_prebound_unit_writes": 0, "climb_presplit_discharged": 0, "climb_presplit_unit_writes": 0, "climb_propagate_time_s": 0.0, "climb_recheck_calls": 0, "climb_recheck_row_passes": 0, "climb_recheck_time_s": 0.0, "climb_replay_time_s": 0.0, "climb_retired_unknown_lanes": 0, "climb_unit_writes": 0, "climb_unlearned_shrunk_box_lanes": 0, "event": "wave", "frontier": 2, "native_wave_index": 0, "nodes": 1, "t": 5.917850336059928, "terminal_input_split_lanes": 0, "terminal_lp_calls": 0, "terminal_lp_certified_lanes": 0, "terminal_lp_failed_lanes": 0, "terminal_lp_falsified_lanes": 0, "terminal_lp_skipped_lanes": 0, "terminal_lp_time_ms": 0, "wave": 1}
CLIMB_TRACE {"K": 2, "climb_acquisition_replay_calls": 0, "climb_acquisition_replay_row_passes": 0, "climb_active_eta_entries": 12, "climb_coarsen_replay_fallbacks": 0, "climb_coarsen_time_s": 0.0, "climb_complement_attempts": 0, "climb_complement_successes": 0, "climb_core_height": 0, "climb_core_literals_original": 0, "climb_core_literals_retained": 0, "climb_cores_covering_resolved": 0, "climb_cores_evicted": 0, "climb_cores_inserted": 0, "climb_cores_resolved": 0, "climb_cores_subsumed": 0, "climb_enabled": true, "climb_forward_certified_lanes": 0, "climb_generated_children": 6, "climb_incremental_pool_rounds_skipped": 0, "climb_insert_time_s": 0.0, "climb_kraft_certified": 0, "climb_kraft_hist": {}, "climb_kraft_sum": 0, "climb_kraft_sum_lanes": 0.0, "climb_main_bound_calls": 2, "climb_main_bound_row_passes": 3, "climb_merge_calls": 0, "climb_merge_literals_after": 0, "climb_merge_literals_before": 0, "climb_merge_rows_after": 0, "climb_merge_rows_before": 0, "climb_merge_skipped_pairs": 0, "climb_merge_time_s": 0.0, "climb_merged_pairs": 0, "climb_peak_frontier_rows": 4, "climb_prebound_discharged": 0, "climb_prebound_unit_writes": 0, "climb_presplit_discharged": 0, "climb_presplit_unit_writes": 0, "climb_propagate_time_s": 0.0, "climb_recheck_calls": 0, "climb_recheck_row_passes": 0, "climb_recheck_time_s": 0.0, "climb_replay_time_s": 0.0, "climb_retired_unknown_lanes": 0, "climb_unit_writes": 0, "climb_unlearned_shrunk_box_lanes": 0, "event": "wave", "frontier": 4, "native_wave_index": 0, "nodes": 3, "t": 6.3640925996005535, "terminal_input_split_lanes": 0, "terminal_lp_calls": 0, "terminal_lp_certified_lanes": 0, "terminal_lp_failed_lanes": 0, "terminal_lp_falsified_lanes": 0, "terminal_lp_skipped_lanes": 0, "terminal_lp_time_ms": 0, "wave": 2}
CLIMB_TRACE {"K": 4, "climb_acquisition_replay_calls": 0, "climb_acquisition_replay_row_passes": 0, "climb_active_eta_entries": 60, "climb_coarsen_replay_fallbacks": 0, "climb_coarsen_time_s": 0.0, "climb_complement_attempts": 0, "climb_complement_successes": 0, "climb_core_height": 0, "climb_core_literals_original": 0, "climb_core_literals_retained": 0, "climb_cores_covering_resolved": 0, "climb_cores_evicted": 0, "climb_cores_inserted": 0, "climb_cores_resolved": 0, "climb_cores_subsumed": 0, "climb_enabled": true, "climb_forward_certified_lanes": 0, "climb_generated_children": 14, "climb_incremental_pool_rounds_skipped": 0, "climb_insert_time_s": 0.0, "climb_kraft_certified": 0, "climb_kraft_hist": {}, "climb_kraft_sum": 0, "climb_kraft_sum_lanes": 0.0, "climb_main_bound_calls": 3, "climb_main_bound_row_passes": 7, "climb_merge_calls": 0, "climb_merge_literals_after": 0, "climb_merge_literals_before": 0, "climb_merge_rows_after": 0, "climb_merge_rows_before": 0, "climb_merge_skipped_pairs": 0, "climb_merge_time_s": 0.0, "climb_merged_pairs": 0, "climb_peak_frontier_rows": 8, "climb_prebound_discharged": 0, "climb_prebound_unit_writes": 0, "climb_presplit_discharged": 0, "climb_presplit_unit_writes": 0, "climb_propagate_time_s": 0.0, "climb_recheck_calls": 0, "climb_recheck_row_passes": 0, "climb_recheck_time_s": 0.0, "climb_replay_time_s": 0.0, "climb_retired_unknown_lanes": 0, "climb_unit_writes": 0, "climb_unlearned_shrunk_box_lanes": 0, "event": "wave", "frontier": 8, "native_wave_index": 0, "nodes": 7, "t": 6.814868355169892, "terminal_input_split_lanes": 0, "terminal_lp_calls": 0, "terminal_lp_certified_lanes": 0, "terminal_lp_failed_lanes": 0, "terminal_lp_falsified_lanes": 0, "terminal_lp_skipped_lanes": 0, "terminal_lp_time_ms": 0, "wave": 3}
CLIMB_TRACE {"K": 8, "climb_acquisition_replay_calls": 1, "climb_acquisition_replay_row_passes": 2, "climb_active_eta_entries": 204, "climb_coarsen_replay_fallbacks": 0, "climb_coarsen_time_s": 0.00039635784924030304, "climb_complement_attempts": 0, "climb_complement_successes": 0, "climb_core_height": 3, "climb_core_literals_original": 6, "climb_core_literals_retained": 6, "climb_cores_covering_resolved": 0, "climb_cores_evicted": 0, "climb_cores_inserted": 2, "climb_cores_resolved": 1, "climb_cores_subsumed": 0, "climb_enabled": true, "climb_forward_certified_lanes": 0, "climb_generated_children": 22, "climb_incremental_pool_rounds_skipped": 0, "climb_insert_time_s": 4.580058157444e-05, "climb_kraft_certified": 2, "climb_kraft_hist": {"3": 2}, "climb_kraft_sum": 0.25, "climb_kraft_sum_lanes": 0.25, "climb_main_bound_calls": 4, "climb_main_bound_row_passes": 15, "climb_merge_calls": 1, "climb_merge_literals_after": 14, "climb_merge_literals_before": 18, "climb_merge_rows_after": 5, "climb_merge_rows_before": 6, "climb_merge_skipped_pairs": 4, "climb_merge_time_s": 0.015412745997309685, "climb_merged_pairs": 1, "climb_peak_frontier_rows": 9, "climb_prebound_discharged": 0, "climb_prebound_unit_writes": 0, "climb_presplit_discharged": 0, "climb_presplit_unit_writes": 0, "climb_propagate_time_s": 0.012353133410215378, "climb_recheck_calls": 0, "climb_recheck_row_passes": 0, "climb_recheck_time_s": 0.0, "climb_replay_time_s": 0.011249080300331116, "climb_retired_unknown_lanes": 0, "climb_unit_writes": 0, "climb_unlearned_shrunk_box_lanes": 0, "event": "wave", "frontier": 9, "native_wave_index": 0, "nodes": 15, "t": 7.3148715272545815, "terminal_input_split_lanes": 0, "terminal_lp_calls": 0, "terminal_lp_certified_lanes": 0, "terminal_lp_failed_lanes": 0, "terminal_lp_falsified_lanes": 0, "terminal_lp_skipped_lanes": 0, "terminal_lp_time_ms": 0, "wave": 4}
CLIMB_TRACE {"K": 9, "climb_acquisition_replay_calls": 1, "climb_acquisition_replay_row_passes": 2, "climb_active_eta_entries": 408, "climb_coarsen_replay_fallbacks": 0, "climb_coarsen_time_s": 0.00039635784924030304, "climb_complement_attempts": 0, "climb_complement_successes": 0, "climb_core_height": 3, "climb_core_literals_original": 6, "climb_core_literals_retained": 6, "climb_cores_covering_resolved": 0, "climb_cores_evicted": 0, "climb_cores_inserted": 2, "climb_cores_resolved": 1, "climb_cores_subsumed": 0, "climb_enabled": true, "climb_forward_certified_lanes": 0, "climb_generated_children": 40, "climb_incremental_pool_rounds_skipped": 1, "climb_insert_time_s": 4.580058157444e-05, "climb_kraft_certified": 2, "climb_kraft_hist": {"3": 2}, "climb_kraft_sum": 0.25, "climb_kraft_sum_lanes": 0.25, "climb_main_bound_calls": 5, "climb_main_bound_row_passes": 24, "climb_merge_calls": 1, "climb_merge_literals_after": 14, "climb_merge_literals_before": 18, "climb_merge_rows_after": 5, "climb_merge_rows_before": 6, "climb_merge_skipped_pairs": 4, "climb_merge_time_s": 0.015412745997309685, "climb_merged_pairs": 1, "climb_peak_frontier_rows": 18, "climb_prebound_discharged": 0, "climb_prebound_unit_writes": 0, "climb_presplit_discharged": 0, "climb_presplit_unit_writes": 0, "climb_propagate_time_s": 0.014666033908724785, "climb_recheck_calls": 0, "climb_recheck_row_passes": 0, "climb_recheck_time_s": 0.0, "climb_replay_time_s": 0.011249080300331116, "climb_retired_unknown_lanes": 0, "climb_unit_writes": 0, "climb_unlearned_shrunk_box_lanes": 0, "event": "wave", "frontier": 18, "native_wave_index": 0, "nodes": 24, "t": 7.768102575093508, "terminal_input_split_lanes": 0, "terminal_lp_calls": 0, "terminal_lp_certified_lanes": 0, "terminal_lp_failed_lanes": 0, "terminal_lp_falsified_lanes": 0, "terminal_lp_skipped_lanes": 0, "terminal_lp_time_ms": 0, "wave": 5}
CLIMB_TRACE_FINAL {"K": 18, "alpha_per_row_waves": 6, "alpha_shared_waves": 0, "any_dropped_frontier_cap": false, "bounding_top_k_effective": 0, "climb_acquisition_replay_calls": 1, "climb_acquisition_replay_row_passes": 2, "climb_active_eta_entries": 924, "climb_coarsen_replay_fallbacks": 0, "climb_coarsen_time_s": 0.00039635784924030304, "climb_complement_attempts": 0, "climb_complement_successes": 0, "climb_core_height": 3, "climb_core_literals_original": 6, "climb_core_literals_retained": 6, "climb_cores_covering_resolved": 0, "climb_cores_evicted": 0, "climb_cores_inserted": 2, "climb_cores_resolved": 1, "climb_cores_subsumed": 0, "climb_forward_certified_lanes": 0, "climb_generated_children": 40, "climb_incremental_pool_rounds_skipped": 1, "climb_insert_time_s": 4.580058157444e-05, "climb_kraft_certified": 2, "climb_kraft_hist": {"3": 2}, "climb_kraft_sum": 0.25, "climb_kraft_sum_lanes": 0.25, "climb_main_bound_calls": 6, "climb_main_bound_row_passes": 42, "climb_merge_calls": 1, "climb_merge_literals_after": 14, "climb_merge_literals_before": 18, "climb_merge_rows_after": 5, "climb_merge_rows_before": 6, "climb_merge_skipped_pairs": 4, "climb_merge_time_s": 0.015412745997309685, "climb_merged_pairs": 1, "climb_peak_frontier_rows": 18, "climb_prebound_discharged": 0, "climb_prebound_unit_writes": 0, "climb_presplit_discharged": 0, "climb_presplit_unit_writes": 0, "climb_propagate_time_s": 0.016769392415881157, "climb_recheck_calls": 0, "climb_recheck_row_passes": 0, "climb_recheck_time_s": 0.0, "climb_replay_time_s": 0.011249080300331116, "climb_retired_unknown_lanes": 0, "climb_unit_writes": 0, "frontier_bytes_peak": 75959856, "frontier_cold_pops": 0, "frontier_evicted_nodes": 0, "frontier_nodes_peak": 18, "frontier_offload_events": 0, "frontier_warmstart_dropped_nodes": 0, "frontier_wave_k_caps": 0, "lane": 3, "multi_split_clamped_wave_count": 0, "multi_split_k_requested": 1, "multi_split_k_used": 1, "multi_split_lane_starved_count": 0, "multi_split_wave_count": 0, "nodes": 42, "nodes_minted": 0, "whole_batch_fallback_count": 0}
CLIMB_TRACE {"K": 18, "climb_acquisition_replay_calls": 1, "climb_acquisition_replay_row_passes": 2, "climb_active_eta_entries": 924, "climb_coarsen_replay_fallbacks": 0, "climb_coarsen_time_s": 0.00039635784924030304, "climb_complement_attempts": 0, "climb_complement_successes": 0, "climb_core_height": 3, "climb_core_literals_original": 6, "climb_core_literals_retained": 6, "climb_cores_covering_resolved": 0, "climb_cores_evicted": 0, "climb_cores_inserted": 2, "climb_cores_resolved": 1, "climb_cores_subsumed": 0, "climb_enabled": true, "climb_forward_certified_lanes": 0, "climb_generated_children": 40, "climb_incremental_pool_rounds_skipped": 1, "climb_insert_time_s": 4.580058157444e-05, "climb_kraft_certified": 2, "climb_kraft_hist": {"3": 2}, "climb_kraft_sum": 0.25, "climb_kraft_sum_lanes": 0.25, "climb_main_bound_calls": 6, "climb_main_bound_row_passes": 42, "climb_merge_calls": 1, "climb_merge_literals_after": 14, "climb_merge_literals_before": 18, "climb_merge_rows_after": 5, "climb_merge_rows_before": 6, "climb_merge_skipped_pairs": 4, "climb_merge_time_s": 0.015412745997309685, "climb_merged_pairs": 1, "climb_peak_frontier_rows": 18, "climb_prebound_discharged": 0, "climb_prebound_unit_writes": 0, "climb_presplit_discharged": 0, "climb_presplit_unit_writes": 0, "climb_propagate_time_s": 0.016769392415881157, "climb_recheck_calls": 0, "climb_recheck_row_passes": 0, "climb_recheck_time_s": 0.0, "climb_replay_time_s": 0.011249080300331116, "climb_retired_unknown_lanes": 0, "climb_unit_writes": 0, "climb_unlearned_shrunk_box_lanes": 0, "event": "final", "frontier": 0, "native_wave_index": 0, "nodes": 42, "status": "VerifyStatus.FALSIFIED", "t": 8.003975870087743, "terminal_input_split_lanes": 0, "terminal_lp_calls": 0, "terminal_lp_certified_lanes": 0, "terminal_lp_failed_lanes": 0, "terminal_lp_falsified_lanes": 0, "terminal_lp_skipped_lanes": 0, "terminal_lp_time_ms": 0, "wave": 6}
FSE_VERIFY_TIME: 8.912453573
FSE_TIMEOUT_CLOCK_TIME: 9.052105930
Loaded 43-layer net; solver=dual
Lane 0: VerifyStatus.FALSIFIED
  nodes: 42
  lane: 3
  K: 18
  nodes_minted: 0
  any_dropped_frontier_cap: False
  multi_split_k_requested: 1
  multi_split_k_used: 1
  multi_split_wave_count: 0
  multi_split_clamped_wave_count: 0
  multi_split_lane_starved_count: 0
  alpha_shared_waves: 0
  alpha_per_row_waves: 6
  whole_batch_fallback_count: 0
  bounding_top_k_effective: 0
  climb_generated_children: 40
  climb_main_bound_row_passes: 42
  climb_main_bound_calls: 6
  climb_peak_frontier_rows: 18
  climb_prebound_discharged: 0
  climb_presplit_discharged: 0
  climb_recheck_row_passes: 0
  climb_recheck_calls: 0
  climb_recheck_time_s: 0.0
  climb_replay_time_s: 0.011249080300331116
  climb_insert_time_s: 4.580058157444e-05
  climb_coarsen_time_s: 0.00039635784924030304
  climb_propagate_time_s: 0.016769392415881157
  climb_incremental_pool_rounds_skipped: 1
  climb_cores_inserted: 2
  climb_cores_subsumed: 0
  climb_cores_resolved: 1
  climb_cores_evicted: 0
  climb_core_literals_original: 6
  climb_core_literals_retained: 6
  climb_forward_certified_lanes: 0
  climb_retired_unknown_lanes: 0
  climb_coarsen_replay_fallbacks: 0
  climb_core_height: 3
  climb_active_eta_entries: 924
  climb_acquisition_replay_calls: 1
  climb_acquisition_replay_row_passes: 2
  climb_merge_calls: 1
  climb_merged_pairs: 1
  climb_merge_rows_before: 6
  climb_merge_rows_after: 5
  climb_merge_literals_before: 18
  climb_merge_literals_after: 14
  climb_merge_time_s: 0.015412745997309685
  climb_merge_skipped_pairs: 4
  climb_prebound_unit_writes: 0
  climb_presplit_unit_writes: 0
  climb_unit_writes: 0
  climb_cores_covering_resolved: 0
  climb_complement_attempts: 0
  climb_complement_successes: 0
  climb_kraft_sum: 0.25
  climb_kraft_sum_lanes: 0.25
  climb_kraft_certified: 2
  climb_kraft_hist: {3: 2}
  frontier_bytes_peak: 75959856
  frontier_nodes_peak: 18
  frontier_offload_events: 0
  frontier_warmstart_dropped_nodes: 0
  frontier_wave_k_caps: 0
  frontier_evicted_nodes: 0
  frontier_cold_pops: 0
QV_CEX_SAVED: lane=0 status=VerifyStatus.FALSIFIED shape=(3, 56, 56) path=scratch/logs/fse2026/climb_trace/cex/89d12bbf861b34e9.pt
QV_GPU_PEAK: allocated_mib=3034.3 reserved_mib=4922.0
