ACT Verification Debug Log
Device: cpu, Dtype: torch.float64
================================================================================


================================================================================
Layer 0 (INPUT)
================================================================================
Input bounds: shape=torch.Size([2, 4]), lb_range=[-1.0000, -1.0000], ub_range=[1.0000, 1.0000]
Output bounds: shape=torch.Size([2, 4]), lb_range=[-1.0000, -1.0000], ub_range=[1.0000, 1.0000]
Constraints generated: 0

================================================================================
Layer 1 (INPUT_SPEC)
================================================================================
Input bounds: shape=torch.Size([2, 4]), lb_range=[-1.0000, -1.0000], ub_range=[1.0000, 1.0000]
Output bounds: shape=torch.Size([2, 4]), lb_range=[-1.0000, -1.0000], ub_range=[1.0000, 1.0000]
Constraints generated: 0

================================================================================
Layer 2 (DENSE)
================================================================================
Input bounds: shape=torch.Size([2, 4]), lb_range=[-1.0000, -1.0000], ub_range=[1.0000, 1.0000]
Output bounds: shape=torch.Size([2, 4]), lb_range=[-1.0000, -1.0000], ub_range=[1.0000, 1.0000]
Constraints generated: 2
  Con 0: EQ, var_ids=(4, 5, 6, 7, 0, 1, 2, 3)
  Con 1: INEQ, var_ids=(4, 5, 6, 7)

================================================================================
Layer 3 (SILU)
================================================================================
Input bounds: shape=torch.Size([2, 4]), lb_range=[-1.0000, -1.0000], ub_range=[1.0000, 1.0000]
Output bounds: shape=torch.Size([2, 4]), lb_range=[-0.7311, -0.7311], ub_range=[0.7311, 0.7311]
Constraints generated: 2
  Con 0: INEQ, var_ids=(8, 9, 10, 11, 4, 5, 6, 7)
  Con 1: INEQ, var_ids=(8, 9, 10, 11)

================================================================================
Layer 4 (ASSERT)
================================================================================
Input bounds: shape=torch.Size([2, 4]), lb_range=[-0.7311, -0.7311], ub_range=[0.7311, 0.7311]
Output bounds: shape=torch.Size([2, 4]), lb_range=[-0.7311, -0.7311], ub_range=[0.7311, 0.7311]
Constraints generated: 0

================================================================================
Layer 0 (INPUT)
================================================================================
Input bounds: shape=torch.Size([2, 4]), lb_range=[-1.0000, -1.0000], ub_range=[1.0000, 1.0000]
Output bounds: shape=torch.Size([2, 4]), lb_range=[-1.0000, -1.0000], ub_range=[1.0000, 1.0000]
Constraints generated: 0

================================================================================
Layer 1 (INPUT_SPEC)
================================================================================
Input bounds: shape=torch.Size([2, 4]), lb_range=[-1.0000, -1.0000], ub_range=[1.0000, 1.0000]
Output bounds: shape=torch.Size([2, 4]), lb_range=[-1.0000, -1.0000], ub_range=[1.0000, 1.0000]
Constraints generated: 0

================================================================================
Layer 2 (DENSE)
================================================================================
Input bounds: shape=torch.Size([2, 4]), lb_range=[-1.0000, -1.0000], ub_range=[1.0000, 1.0000]
Output bounds: shape=torch.Size([2, 4]), lb_range=[-1.0000, -1.0000], ub_range=[1.0000, 1.0000]
Constraints generated: 2
  Con 0: EQ, var_ids=(4, 5, 6, 7, 0, 1, 2, 3)
  Con 1: INEQ, var_ids=(4, 5, 6, 7)

================================================================================
Layer 3 (SILU)
================================================================================
Input bounds: shape=torch.Size([2, 4]), lb_range=[-1.0000, -1.0000], ub_range=[1.0000, 1.0000]
Output bounds: shape=torch.Size([2, 4]), lb_range=[-0.7311, -0.7311], ub_range=[0.7311, 0.7311]
Constraints generated: 2
  Con 0: INEQ, var_ids=(8, 9, 10, 11, 4, 5, 6, 7)
  Con 1: INEQ, var_ids=(8, 9, 10, 11)

================================================================================
Layer 4 (ASSERT)
================================================================================
Input bounds: shape=torch.Size([2, 4]), lb_range=[-0.7311, -0.7311], ub_range=[0.7311, 0.7311]
Output bounds: shape=torch.Size([2, 4]), lb_range=[-0.7311, -0.7311], ub_range=[0.7311, 0.7311]
Constraints generated: 0

================================================================================
Layer 0 (INPUT)
================================================================================
Input bounds: shape=torch.Size([2, 2]), lb_range=[-1.5000, -1.5000], ub_range=[1.5000, 1.5000]
Output bounds: shape=torch.Size([2, 2]), lb_range=[-1.5000, -1.5000], ub_range=[1.5000, 1.5000]
Constraints generated: 0

================================================================================
Layer 1 (INPUT_SPEC)
================================================================================
Input bounds: shape=torch.Size([2, 2]), lb_range=[-1.5000, -1.5000], ub_range=[1.5000, 1.5000]
Output bounds: shape=torch.Size([2, 2]), lb_range=[-1.5000, -1.5000], ub_range=[1.5000, 1.5000]
Constraints generated: 0

================================================================================
Layer 2 (DENSE)
================================================================================
Input bounds: shape=torch.Size([2, 2]), lb_range=[-1.5000, -1.5000], ub_range=[1.5000, 1.5000]
Output bounds: shape=torch.Size([2, 2]), lb_range=[-1.5000, -1.5000], ub_range=[1.5000, 1.5000]
Constraints generated: 2
  Con 0: EQ, var_ids=(2, 3, 0, 1)
  Con 1: INEQ, var_ids=(2, 3)

================================================================================
Layer 3 (CLIP)
================================================================================
Input bounds: shape=torch.Size([2, 2]), lb_range=[-1.5000, -1.5000], ub_range=[1.5000, 1.5000]
Output bounds: shape=torch.Size([2, 2]), lb_range=[-0.5000, -0.5000], ub_range=[0.5000, 0.5000]
Constraints generated: 2
  Con 0: INEQ, var_ids=(4, 5, 2, 3)
  Con 1: INEQ, var_ids=(4, 5)

================================================================================
Layer 4 (ASSERT)
================================================================================
Input bounds: shape=torch.Size([2, 2]), lb_range=[-0.5000, -0.5000], ub_range=[0.5000, 0.5000]
Output bounds: shape=torch.Size([2, 2]), lb_range=[-0.5000, -0.5000], ub_range=[0.5000, 0.5000]
Constraints generated: 0

================================================================================
Layer 0 (INPUT)
================================================================================
Input bounds: shape=torch.Size([1, 2]), lb_range=[-1.0000, -1.0000], ub_range=[1.0000, 1.0000]
Output bounds: shape=torch.Size([1, 2]), lb_range=[-1.0000, -1.0000], ub_range=[1.0000, 1.0000]
Constraints generated: 0

================================================================================
Layer 1 (INPUT_SPEC)
================================================================================
Input bounds: shape=torch.Size([1, 2]), lb_range=[-1.0000, -1.0000], ub_range=[1.0000, 1.0000]
Output bounds: shape=torch.Size([1, 2]), lb_range=[-1.0000, -1.0000], ub_range=[1.0000, 1.0000]
Constraints generated: 0

================================================================================
Layer 2 (DENSE)
================================================================================
Input bounds: shape=torch.Size([1, 2]), lb_range=[-1.0000, -1.0000], ub_range=[1.0000, 1.0000]
Output bounds: shape=torch.Size([1, 2]), lb_range=[-0.2500, 0.2500], ub_range=[-0.2500, 0.2500]
Constraints generated: 2
  Con 0: EQ, var_ids=(2, 3, 0, 1)
  Con 1: INEQ, var_ids=(2, 3)

================================================================================
Layer 3 (DENSE)
================================================================================
Input bounds: shape=torch.Size([1, 2]), lb_range=[-0.2500, 0.2500], ub_range=[-0.2500, 0.2500]
Output bounds: shape=torch.Size([1, 2]), lb_range=[-0.1000, 0.2000], ub_range=[-0.1000, 0.2000]
Constraints generated: 2
  Con 0: EQ, var_ids=(4, 5, 2, 3)
  Con 1: INEQ, var_ids=(4, 5)

================================================================================
Layer 4 (SUB)
================================================================================
Input bounds: shape=torch.Size([1, 2]), lb_range=[-0.2500, -0.1000], ub_range=[0.2000, 0.2500]
Output bounds: shape=torch.Size([1, 2]), lb_range=[-0.4500, 0.3500], ub_range=[-0.4500, 0.3500]
Constraints generated: 2
  Con 0: EQ, var_ids=(6, 7, 2, 3, 4, 5)
  Con 1: INEQ, var_ids=(6, 7)

================================================================================
Layer 4 (SUB)
================================================================================
Input bounds: shape=torch.Size([1, 2]), lb_range=[-0.2500, -0.1000], ub_range=[0.2000, 0.2500]
Output bounds: shape=torch.Size([1, 2]), lb_range=[-0.4500, 0.3500], ub_range=[-0.4500, 0.3500]
Constraints generated: 2
  Con 0: EQ, var_ids=(6, 7, 2, 3, 4, 5)
  Con 1: INEQ, var_ids=(6, 7)

================================================================================
Layer 5 (ASSERT)
================================================================================
Input bounds: shape=torch.Size([1, 2]), lb_range=[-0.4500, 0.3500], ub_range=[-0.4500, 0.3500]
Output bounds: shape=torch.Size([1, 2]), lb_range=[-0.4500, 0.3500], ub_range=[-0.4500, 0.3500]
Constraints generated: 0

================================================================================
Layer 0 (INPUT)
================================================================================
Input bounds: shape=torch.Size([1, 1]), lb_range=[-1.0000, -1.0000], ub_range=[1.0000, 1.0000]
Output bounds: shape=torch.Size([1, 1]), lb_range=[-1.0000, -1.0000], ub_range=[1.0000, 1.0000]
Constraints generated: 0

================================================================================
Layer 1 (INPUT_SPEC)
================================================================================
Input bounds: shape=torch.Size([1, 1]), lb_range=[-1.0000, -1.0000], ub_range=[1.0000, 1.0000]
Output bounds: shape=torch.Size([1, 1]), lb_range=[-1.0000, -1.0000], ub_range=[1.0000, 1.0000]
Constraints generated: 0

================================================================================
Layer 2 (DENSE)
================================================================================
Input bounds: shape=torch.Size([1, 1]), lb_range=[-1.0000, -1.0000], ub_range=[1.0000, 1.0000]
Output bounds: shape=torch.Size([1, 1]), lb_range=[-1.0000, -1.0000], ub_range=[1.0000, 1.0000]
Constraints generated: 2
  Con 0: EQ, var_ids=(1, 0)
  Con 1: INEQ, var_ids=(1,)

================================================================================
Layer 3 (DENSE)
================================================================================
Input bounds: shape=torch.Size([1, 1]), lb_range=[-1.0000, -1.0000], ub_range=[1.0000, 1.0000]
Output bounds: shape=torch.Size([1, 1]), lb_range=[0.5000, 0.5000], ub_range=[2.0000, 2.0000]
Constraints generated: 2
  Con 0: EQ, var_ids=(2, 1)
  Con 1: INEQ, var_ids=(2,)

================================================================================
Layer 4 (DIV)
================================================================================
Input bounds: shape=torch.Size([1, 1]), lb_range=[-1.0000, -1.0000], ub_range=[2.0000, 2.0000]
Output bounds: shape=torch.Size([1, 1]), lb_range=[-2.0000, -2.0000], ub_range=[2.0000, 2.0000]
Constraints generated: 2
  Con 0: INEQ, var_ids=(3, 1, 2)
  Con 1: INEQ, var_ids=(3,)

================================================================================
Layer 4 (DIV)
================================================================================
Input bounds: shape=torch.Size([1, 1]), lb_range=[-1.0000, -1.0000], ub_range=[2.0000, 2.0000]
Output bounds: shape=torch.Size([1, 1]), lb_range=[-2.0000, -2.0000], ub_range=[2.0000, 2.0000]
Constraints generated: 2
  Con 0: INEQ, var_ids=(3, 1, 2)
  Con 1: INEQ, var_ids=(3,)

================================================================================
Layer 5 (ASSERT)
================================================================================
Input bounds: shape=torch.Size([1, 1]), lb_range=[-2.0000, -2.0000], ub_range=[2.0000, 2.0000]
Output bounds: shape=torch.Size([1, 1]), lb_range=[-2.0000, -2.0000], ub_range=[2.0000, 2.0000]
Constraints generated: 0

================================================================================
Layer 0 (INPUT)
================================================================================
Input bounds: shape=torch.Size([1, 1]), lb_range=[-1.0000, -1.0000], ub_range=[1.0000, 1.0000]
Output bounds: shape=torch.Size([1, 1]), lb_range=[-1.0000, -1.0000], ub_range=[1.0000, 1.0000]
Constraints generated: 0

================================================================================
Layer 1 (INPUT_SPEC)
================================================================================
Input bounds: shape=torch.Size([1, 1]), lb_range=[-1.0000, -1.0000], ub_range=[1.0000, 1.0000]
Output bounds: shape=torch.Size([1, 1]), lb_range=[-1.0000, -1.0000], ub_range=[1.0000, 1.0000]
Constraints generated: 0

================================================================================
Layer 2 (DENSE)
================================================================================
Input bounds: shape=torch.Size([1, 1]), lb_range=[-1.0000, -1.0000], ub_range=[1.0000, 1.0000]
Output bounds: shape=torch.Size([1, 1]), lb_range=[-1.0000, -1.0000], ub_range=[1.0000, 1.0000]
Constraints generated: 2
  Con 0: EQ, var_ids=(1, 0)
  Con 1: INEQ, var_ids=(1,)

================================================================================
Layer 3 (DENSE)
================================================================================
Input bounds: shape=torch.Size([1, 1]), lb_range=[-1.0000, -1.0000], ub_range=[1.0000, 1.0000]
Output bounds: shape=torch.Size([1, 1]), lb_range=[-1.0000, -1.0000], ub_range=[1.0000, 1.0000]
Constraints generated: 2
  Con 0: EQ, var_ids=(2, 1)
  Con 1: INEQ, var_ids=(2,)

================================================================================
Layer 4 (DIV)
================================================================================
Input bounds: shape=torch.Size([1, 1]), lb_range=[-1.0000, -1.0000], ub_range=[1.0000, 1.0000]
Output bounds: shape=torch.Size([1, 1]), lb_range=[-1000000.0000, -1000000.0000], ub_range=[1000000.0000, 1000000.0000]
Constraints generated: 2
  Con 0: INEQ, var_ids=(3, 1, 2)
  Con 1: INEQ, var_ids=(3,)

================================================================================
Layer 4 (DIV)
================================================================================
Input bounds: shape=torch.Size([1, 1]), lb_range=[-1.0000, -1.0000], ub_range=[1.0000, 1.0000]
Output bounds: shape=torch.Size([1, 1]), lb_range=[-1000000.0000, -1000000.0000], ub_range=[1000000.0000, 1000000.0000]
Constraints generated: 2
  Con 0: INEQ, var_ids=(3, 1, 2)
  Con 1: INEQ, var_ids=(3,)

================================================================================
Layer 5 (ASSERT)
================================================================================
Input bounds: shape=torch.Size([1, 1]), lb_range=[-1000000.0000, -1000000.0000], ub_range=[1000000.0000, 1000000.0000]
Output bounds: shape=torch.Size([1, 1]), lb_range=[-1000000.0000, -1000000.0000], ub_range=[1000000.0000, 1000000.0000]
Constraints generated: 0

================================================================================
Layer 0 (INPUT)
================================================================================
Input bounds: shape=torch.Size([2, 3, 4]), lb_range=[-1.0000, -1.0000], ub_range=[1.0000, 1.0000]
Output bounds: shape=torch.Size([2, 3, 4]), lb_range=[-1.0000, -1.0000], ub_range=[1.0000, 1.0000]
Constraints generated: 0

================================================================================
Layer 1 (INPUT_SPEC)
================================================================================
Input bounds: shape=torch.Size([2, 3, 4]), lb_range=[-1.0000, -1.0000], ub_range=[1.0000, 1.0000]
Output bounds: shape=torch.Size([2, 3, 4]), lb_range=[-1.0000, -1.0000], ub_range=[1.0000, 1.0000]
Constraints generated: 0

================================================================================
Layer 2 (ARG_EXTREMUM)
================================================================================
Input bounds: shape=torch.Size([2, 3, 4]), lb_range=[-1.0000, -1.0000], ub_range=[1.0000, 1.0000]
Output bounds: shape=torch.Size([2, 3]), lb_range=[0.0000, 0.0000], ub_range=[3.0000, 3.0000]
Constraints generated: 1
  Con 0: INEQ, var_ids=(12, 13, 14)

================================================================================
Layer 3 (ASSERT)
================================================================================
Input bounds: shape=torch.Size([2, 3]), lb_range=[0.0000, 0.0000], ub_range=[3.0000, 3.0000]
Output bounds: shape=torch.Size([2, 3]), lb_range=[0.0000, 0.0000], ub_range=[3.0000, 3.0000]
Constraints generated: 0

================================================================================
Layer 0 (INPUT)
================================================================================
Input bounds: shape=torch.Size([2, 2]), lb_range=[-1.0000, -1.0000], ub_range=[1.0000, 1.0000]
Output bounds: shape=torch.Size([2, 2]), lb_range=[-1.0000, -1.0000], ub_range=[1.0000, 1.0000]
Constraints generated: 0

================================================================================
Layer 1 (INPUT_SPEC)
================================================================================
Input bounds: shape=torch.Size([2, 2]), lb_range=[-1.0000, -1.0000], ub_range=[1.0000, 1.0000]
Output bounds: shape=torch.Size([2, 2]), lb_range=[-1.0000, -1.0000], ub_range=[1.0000, 1.0000]
Constraints generated: 0

================================================================================
Layer 2 (DENSE)
================================================================================
Input bounds: shape=torch.Size([2, 2]), lb_range=[-1.0000, -1.0000], ub_range=[1.0000, 1.0000]
Output bounds: shape=torch.Size([2, 2]), lb_range=[-1.0000, -1.0000], ub_range=[1.0000, 1.0000]
Constraints generated: 2
  Con 0: EQ, var_ids=(2, 3, 0, 1)
  Con 1: INEQ, var_ids=(2, 3)

================================================================================
Layer 3 (DENSE)
================================================================================
Input bounds: shape=torch.Size([2, 2]), lb_range=[-1.0000, -1.0000], ub_range=[1.0000, 1.0000]
Output bounds: shape=torch.Size([2, 2]), lb_range=[-1.0000, -1.0000], ub_range=[1.0000, 1.0000]
Constraints generated: 2
  Con 0: EQ, var_ids=(4, 5, 2, 3)
  Con 1: INEQ, var_ids=(4, 5)

================================================================================
Layer 4 (COMPARE)
================================================================================
Input bounds: shape=torch.Size([2, 2]), lb_range=[-1.0000, -1.0000], ub_range=[1.0000, 1.0000]
Output bounds: shape=torch.Size([2, 2]), lb_range=[0.0000, 0.0000], ub_range=[1.0000, 1.0000]
Constraints generated: 1
  Con 0: INEQ, var_ids=(6, 7)

================================================================================
Layer 4 (COMPARE)
================================================================================
Input bounds: shape=torch.Size([2, 2]), lb_range=[-1.0000, -1.0000], ub_range=[1.0000, 1.0000]
Output bounds: shape=torch.Size([2, 2]), lb_range=[0.0000, 0.0000], ub_range=[1.0000, 1.0000]
Constraints generated: 1
  Con 0: INEQ, var_ids=(6, 7)

================================================================================
Layer 5 (ASSERT)
================================================================================
Input bounds: shape=torch.Size([2, 2]), lb_range=[0.0000, 0.0000], ub_range=[1.0000, 1.0000]
Output bounds: shape=torch.Size([2, 2]), lb_range=[0.0000, 0.0000], ub_range=[1.0000, 1.0000]
Constraints generated: 0

================================================================================
Layer 0 (INPUT)
================================================================================
Input bounds: shape=torch.Size([2, 2]), lb_range=[-1.0000, -1.0000], ub_range=[1.0000, 1.0000]
Output bounds: shape=torch.Size([2, 2]), lb_range=[-1.0000, -1.0000], ub_range=[1.0000, 1.0000]
Constraints generated: 0

================================================================================
Layer 1 (INPUT_SPEC)
================================================================================
Input bounds: shape=torch.Size([2, 2]), lb_range=[-1.0000, -1.0000], ub_range=[1.0000, 1.0000]
Output bounds: shape=torch.Size([2, 2]), lb_range=[-1.0000, -1.0000], ub_range=[1.0000, 1.0000]
Constraints generated: 0

================================================================================
Layer 2 (DENSE)
================================================================================
Input bounds: shape=torch.Size([2, 2]), lb_range=[-1.0000, -1.0000], ub_range=[1.0000, 1.0000]
Output bounds: shape=torch.Size([2, 2]), lb_range=[-1.0000, -1.0000], ub_range=[1.0000, 1.0000]
Constraints generated: 2
  Con 0: EQ, var_ids=(2, 3, 0, 1)
  Con 1: INEQ, var_ids=(2, 3)

================================================================================
Layer 3 (DENSE)
================================================================================
Input bounds: shape=torch.Size([2, 2]), lb_range=[-1.0000, -1.0000], ub_range=[1.0000, 1.0000]
Output bounds: shape=torch.Size([2, 2]), lb_range=[-1.0000, -1.0000], ub_range=[1.0000, 1.0000]
Constraints generated: 2
  Con 0: EQ, var_ids=(4, 5, 2, 3)
  Con 1: INEQ, var_ids=(4, 5)

================================================================================
Layer 4 (COMPARE)
================================================================================
Input bounds: shape=torch.Size([2, 2]), lb_range=[-1.0000, -1.0000], ub_range=[1.0000, 1.0000]
Output bounds: shape=torch.Size([2, 2]), lb_range=[0.0000, 0.0000], ub_range=[1.0000, 1.0000]
Constraints generated: 1
  Con 0: INEQ, var_ids=(6, 7)

================================================================================
Layer 4 (COMPARE)
================================================================================
Input bounds: shape=torch.Size([2, 2]), lb_range=[-1.0000, -1.0000], ub_range=[1.0000, 1.0000]
Output bounds: shape=torch.Size([2, 2]), lb_range=[0.0000, 0.0000], ub_range=[1.0000, 1.0000]
Constraints generated: 1
  Con 0: INEQ, var_ids=(6, 7)

================================================================================
Layer 5 (ASSERT)
================================================================================
Input bounds: shape=torch.Size([2, 2]), lb_range=[0.0000, 0.0000], ub_range=[1.0000, 1.0000]
Output bounds: shape=torch.Size([2, 2]), lb_range=[0.0000, 0.0000], ub_range=[1.0000, 1.0000]
Constraints generated: 0

================================================================================
Layer 0 (INPUT)
================================================================================
Input bounds: shape=torch.Size([2, 2]), lb_range=[-1.0000, -1.0000], ub_range=[1.0000, 1.0000]
Output bounds: shape=torch.Size([2, 2]), lb_range=[-1.0000, -1.0000], ub_range=[1.0000, 1.0000]
Constraints generated: 0

================================================================================
Layer 1 (INPUT_SPEC)
================================================================================
Input bounds: shape=torch.Size([2, 2]), lb_range=[-1.0000, -1.0000], ub_range=[1.0000, 1.0000]
Output bounds: shape=torch.Size([2, 2]), lb_range=[-1.0000, -1.0000], ub_range=[1.0000, 1.0000]
Constraints generated: 0

================================================================================
Layer 2 (DENSE)
================================================================================
Input bounds: shape=torch.Size([2, 2]), lb_range=[-1.0000, -1.0000], ub_range=[1.0000, 1.0000]
Output bounds: shape=torch.Size([2, 2]), lb_range=[-1.0000, -1.0000], ub_range=[1.0000, 1.0000]
Constraints generated: 2
  Con 0: EQ, var_ids=(2, 3, 0, 1)
  Con 1: INEQ, var_ids=(2, 3)

================================================================================
Layer 3 (DENSE)
================================================================================
Input bounds: shape=torch.Size([2, 2]), lb_range=[-1.0000, -1.0000], ub_range=[1.0000, 1.0000]
Output bounds: shape=torch.Size([2, 2]), lb_range=[-1.0000, -1.0000], ub_range=[1.0000, 1.0000]
Constraints generated: 2
  Con 0: EQ, var_ids=(4, 5, 2, 3)
  Con 1: INEQ, var_ids=(4, 5)

================================================================================
Layer 4 (COMPARE)
================================================================================
Input bounds: shape=torch.Size([2, 2]), lb_range=[-1.0000, -1.0000], ub_range=[1.0000, 1.0000]
Output bounds: shape=torch.Size([2, 2]), lb_range=[0.0000, 0.0000], ub_range=[1.0000, 1.0000]
Constraints generated: 1
  Con 0: INEQ, var_ids=(6, 7)

================================================================================
Layer 4 (COMPARE)
================================================================================
Input bounds: shape=torch.Size([2, 2]), lb_range=[-1.0000, -1.0000], ub_range=[1.0000, 1.0000]
Output bounds: shape=torch.Size([2, 2]), lb_range=[0.0000, 0.0000], ub_range=[1.0000, 1.0000]
Constraints generated: 1
  Con 0: INEQ, var_ids=(6, 7)

================================================================================
Layer 5 (ASSERT)
================================================================================
Input bounds: shape=torch.Size([2, 2]), lb_range=[0.0000, 0.0000], ub_range=[1.0000, 1.0000]
Output bounds: shape=torch.Size([2, 2]), lb_range=[0.0000, 0.0000], ub_range=[1.0000, 1.0000]
Constraints generated: 0

================================================================================
Layer 0 (INPUT)
================================================================================
Input bounds: shape=torch.Size([2, 2]), lb_range=[-1.0000, -1.0000], ub_range=[1.0000, 1.0000]
Output bounds: shape=torch.Size([2, 2]), lb_range=[-1.0000, -1.0000], ub_range=[1.0000, 1.0000]
Constraints generated: 0

================================================================================
Layer 1 (INPUT_SPEC)
================================================================================
Input bounds: shape=torch.Size([2, 2]), lb_range=[-1.0000, -1.0000], ub_range=[1.0000, 1.0000]
Output bounds: shape=torch.Size([2, 2]), lb_range=[-1.0000, -1.0000], ub_range=[1.0000, 1.0000]
Constraints generated: 0

================================================================================
Layer 2 (DENSE)
================================================================================
Input bounds: shape=torch.Size([2, 2]), lb_range=[-1.0000, -1.0000], ub_range=[1.0000, 1.0000]
Output bounds: shape=torch.Size([2, 2]), lb_range=[-1.0000, -1.0000], ub_range=[1.0000, 1.0000]
Constraints generated: 2
  Con 0: EQ, var_ids=(2, 3, 0, 1)
  Con 1: INEQ, var_ids=(2, 3)

================================================================================
Layer 3 (DENSE)
================================================================================
Input bounds: shape=torch.Size([2, 2]), lb_range=[-1.0000, -1.0000], ub_range=[1.0000, 1.0000]
Output bounds: shape=torch.Size([2, 2]), lb_range=[-1.0000, -1.0000], ub_range=[1.0000, 1.0000]
Constraints generated: 2
  Con 0: EQ, var_ids=(4, 5, 2, 3)
  Con 1: INEQ, var_ids=(4, 5)

================================================================================
Layer 4 (COMPARE)
================================================================================
Input bounds: shape=torch.Size([2, 2]), lb_range=[-1.0000, -1.0000], ub_range=[1.0000, 1.0000]
Output bounds: shape=torch.Size([2, 2]), lb_range=[0.0000, 0.0000], ub_range=[1.0000, 1.0000]
Constraints generated: 1
  Con 0: INEQ, var_ids=(6, 7)

================================================================================
Layer 4 (COMPARE)
================================================================================
Input bounds: shape=torch.Size([2, 2]), lb_range=[-1.0000, -1.0000], ub_range=[1.0000, 1.0000]
Output bounds: shape=torch.Size([2, 2]), lb_range=[0.0000, 0.0000], ub_range=[1.0000, 1.0000]
Constraints generated: 1
  Con 0: INEQ, var_ids=(6, 7)

================================================================================
Layer 5 (ASSERT)
================================================================================
Input bounds: shape=torch.Size([2, 2]), lb_range=[0.0000, 0.0000], ub_range=[1.0000, 1.0000]
Output bounds: shape=torch.Size([2, 2]), lb_range=[0.0000, 0.0000], ub_range=[1.0000, 1.0000]
Constraints generated: 0

================================================================================
Layer 0 (INPUT)
================================================================================
Input bounds: shape=torch.Size([2, 2]), lb_range=[-1.0000, -1.0000], ub_range=[1.0000, 1.0000]
Output bounds: shape=torch.Size([2, 2]), lb_range=[-1.0000, -1.0000], ub_range=[1.0000, 1.0000]
Constraints generated: 0

================================================================================
Layer 1 (INPUT_SPEC)
================================================================================
Input bounds: shape=torch.Size([2, 2]), lb_range=[-1.0000, -1.0000], ub_range=[1.0000, 1.0000]
Output bounds: shape=torch.Size([2, 2]), lb_range=[-1.0000, -1.0000], ub_range=[1.0000, 1.0000]
Constraints generated: 0

================================================================================
Layer 2 (DENSE)
================================================================================
Input bounds: shape=torch.Size([2, 2]), lb_range=[-1.0000, -1.0000], ub_range=[1.0000, 1.0000]
Output bounds: shape=torch.Size([2, 2]), lb_range=[-1.0000, -1.0000], ub_range=[1.0000, 1.0000]
Constraints generated: 2
  Con 0: EQ, var_ids=(2, 3, 0, 1)
  Con 1: INEQ, var_ids=(2, 3)

================================================================================
Layer 3 (DENSE)
================================================================================
Input bounds: shape=torch.Size([2, 2]), lb_range=[-1.0000, -1.0000], ub_range=[1.0000, 1.0000]
Output bounds: shape=torch.Size([2, 2]), lb_range=[-1.0000, -1.0000], ub_range=[1.0000, 1.0000]
Constraints generated: 2
  Con 0: EQ, var_ids=(4, 5, 2, 3)
  Con 1: INEQ, var_ids=(4, 5)

================================================================================
Layer 4 (COMPARE)
================================================================================
Input bounds: shape=torch.Size([2, 2]), lb_range=[-1.0000, -1.0000], ub_range=[1.0000, 1.0000]
Output bounds: shape=torch.Size([2, 2]), lb_range=[0.0000, 0.0000], ub_range=[1.0000, 1.0000]
Constraints generated: 1
  Con 0: INEQ, var_ids=(6, 7)

================================================================================
Layer 4 (COMPARE)
================================================================================
Input bounds: shape=torch.Size([2, 2]), lb_range=[-1.0000, -1.0000], ub_range=[1.0000, 1.0000]
Output bounds: shape=torch.Size([2, 2]), lb_range=[0.0000, 0.0000], ub_range=[1.0000, 1.0000]
Constraints generated: 1
  Con 0: INEQ, var_ids=(6, 7)

================================================================================
Layer 5 (ASSERT)
================================================================================
Input bounds: shape=torch.Size([2, 2]), lb_range=[0.0000, 0.0000], ub_range=[1.0000, 1.0000]
Output bounds: shape=torch.Size([2, 2]), lb_range=[0.0000, 0.0000], ub_range=[1.0000, 1.0000]
Constraints generated: 0

================================================================================
Layer 0 (INPUT)
================================================================================
Input bounds: shape=torch.Size([2, 2]), lb_range=[-1.0000, -1.0000], ub_range=[1.0000, 1.0000]
Output bounds: shape=torch.Size([2, 2]), lb_range=[-1.0000, -1.0000], ub_range=[1.0000, 1.0000]
Constraints generated: 0

================================================================================
Layer 1 (INPUT_SPEC)
================================================================================
Input bounds: shape=torch.Size([2, 2]), lb_range=[-1.0000, -1.0000], ub_range=[1.0000, 1.0000]
Output bounds: shape=torch.Size([2, 2]), lb_range=[-1.0000, -1.0000], ub_range=[1.0000, 1.0000]
Constraints generated: 0

================================================================================
Layer 2 (DENSE)
================================================================================
Input bounds: shape=torch.Size([2, 2]), lb_range=[-1.0000, -1.0000], ub_range=[1.0000, 1.0000]
Output bounds: shape=torch.Size([2, 2]), lb_range=[-1.0000, -1.0000], ub_range=[1.0000, 1.0000]
Constraints generated: 2
  Con 0: EQ, var_ids=(2, 3, 0, 1)
  Con 1: INEQ, var_ids=(2, 3)

================================================================================
Layer 3 (DENSE)
================================================================================
Input bounds: shape=torch.Size([2, 2]), lb_range=[-1.0000, -1.0000], ub_range=[1.0000, 1.0000]
Output bounds: shape=torch.Size([2, 2]), lb_range=[-1.0000, -1.0000], ub_range=[1.0000, 1.0000]
Constraints generated: 2
  Con 0: EQ, var_ids=(4, 5, 2, 3)
  Con 1: INEQ, var_ids=(4, 5)

================================================================================
Layer 4 (COMPARE)
================================================================================
Input bounds: shape=torch.Size([2, 2]), lb_range=[-1.0000, -1.0000], ub_range=[1.0000, 1.0000]
Output bounds: shape=torch.Size([2, 2]), lb_range=[0.0000, 0.0000], ub_range=[1.0000, 1.0000]
Constraints generated: 1
  Con 0: INEQ, var_ids=(6, 7)

================================================================================
Layer 4 (COMPARE)
================================================================================
Input bounds: shape=torch.Size([2, 2]), lb_range=[-1.0000, -1.0000], ub_range=[1.0000, 1.0000]
Output bounds: shape=torch.Size([2, 2]), lb_range=[0.0000, 0.0000], ub_range=[1.0000, 1.0000]
Constraints generated: 1
  Con 0: INEQ, var_ids=(6, 7)

================================================================================
Layer 5 (ASSERT)
================================================================================
Input bounds: shape=torch.Size([2, 2]), lb_range=[0.0000, 0.0000], ub_range=[1.0000, 1.0000]
Output bounds: shape=torch.Size([2, 2]), lb_range=[0.0000, 0.0000], ub_range=[1.0000, 1.0000]
Constraints generated: 0

================================================================================
Layer 0 (INPUT)
================================================================================
Input bounds: shape=torch.Size([2, 2]), lb_range=[-1.0000, -1.0000], ub_range=[1.0000, 1.0000]
Output bounds: shape=torch.Size([2, 2]), lb_range=[-1.0000, -1.0000], ub_range=[1.0000, 1.0000]
Constraints generated: 0

================================================================================
Layer 1 (INPUT_SPEC)
================================================================================
Input bounds: shape=torch.Size([2, 2]), lb_range=[-1.0000, -1.0000], ub_range=[1.0000, 1.0000]
Output bounds: shape=torch.Size([2, 2]), lb_range=[-1.0000, -1.0000], ub_range=[1.0000, 1.0000]
Constraints generated: 0

================================================================================
Layer 2 (DENSE)
================================================================================
Input bounds: shape=torch.Size([2, 2]), lb_range=[-1.0000, -1.0000], ub_range=[1.0000, 1.0000]
Output bounds: shape=torch.Size([2, 2]), lb_range=[-1.0000, -1.0000], ub_range=[1.0000, 1.0000]
Constraints generated: 2
  Con 0: EQ, var_ids=(2, 3, 0, 1)
  Con 1: INEQ, var_ids=(2, 3)

================================================================================
Layer 3 (DENSE)
================================================================================
Input bounds: shape=torch.Size([2, 2]), lb_range=[-1.0000, -1.0000], ub_range=[1.0000, 1.0000]
Output bounds: shape=torch.Size([2, 2]), lb_range=[0.0000, 0.0000], ub_range=[2.0000, 2.0000]
Constraints generated: 2
  Con 0: EQ, var_ids=(4, 5, 2, 3)
  Con 1: INEQ, var_ids=(4, 5)

================================================================================
Layer 0 (INPUT)
================================================================================
Input bounds: shape=torch.Size([2, 2]), lb_range=[-1.0000, -1.0000], ub_range=[1.0000, 1.0000]
Output bounds: shape=torch.Size([2, 2]), lb_range=[-1.0000, -1.0000], ub_range=[1.0000, 1.0000]
Constraints generated: 0

================================================================================
Layer 1 (INPUT_SPEC)
================================================================================
Input bounds: shape=torch.Size([2, 2]), lb_range=[-1.0000, -1.0000], ub_range=[1.0000, 1.0000]
Output bounds: shape=torch.Size([2, 2]), lb_range=[-1.0000, -1.0000], ub_range=[1.0000, 1.0000]
Constraints generated: 0

================================================================================
Layer 2 (DENSE)
================================================================================
Input bounds: shape=torch.Size([2, 2]), lb_range=[-1.0000, -1.0000], ub_range=[1.0000, 1.0000]
Output bounds: shape=torch.Size([2, 2]), lb_range=[-1.0000, -1.0000], ub_range=[1.0000, 1.0000]
Constraints generated: 2
  Con 0: EQ, var_ids=(2, 3, 0, 1)
  Con 1: INEQ, var_ids=(2, 3)

================================================================================
Layer 3 (CONSTANT)
================================================================================
Input bounds: shape=torch.Size([2, 2]), lb_range=[-1.0000, -1.0000], ub_range=[1.0000, 1.0000]
Output bounds: shape=torch.Size([2, 1]), lb_range=[0.0000, 0.0000], ub_range=[0.0000, 0.0000]
Constraints generated: 1
  Con 0: INEQ, var_ids=(4,)

================================================================================
Layer 4 (COMPARE)
================================================================================
Input bounds: shape=torch.Size([2, 2]), lb_range=[-1.0000, -1.0000], ub_range=[1.0000, 1.0000]
Output bounds: shape=torch.Size([2, 2]), lb_range=[0.0000, 0.0000], ub_range=[1.0000, 1.0000]
Constraints generated: 1
  Con 0: INEQ, var_ids=(5, 6)

================================================================================
Layer 4 (COMPARE)
================================================================================
Input bounds: shape=torch.Size([2, 2]), lb_range=[-1.0000, -1.0000], ub_range=[1.0000, 1.0000]
Output bounds: shape=torch.Size([2, 2]), lb_range=[0.0000, 0.0000], ub_range=[1.0000, 1.0000]
Constraints generated: 1
  Con 0: INEQ, var_ids=(5, 6)

================================================================================
Layer 5 (ASSERT)
================================================================================
Input bounds: shape=torch.Size([2, 2]), lb_range=[0.0000, 0.0000], ub_range=[1.0000, 1.0000]
Output bounds: shape=torch.Size([2, 2]), lb_range=[0.0000, 0.0000], ub_range=[1.0000, 1.0000]
Constraints generated: 0

================================================================================
Layer 0 (INPUT)
================================================================================
Input bounds: shape=torch.Size([2, 2]), lb_range=[-1.0000, -1.0000], ub_range=[1.0000, 1.0000]
Output bounds: shape=torch.Size([2, 2]), lb_range=[-1.0000, -1.0000], ub_range=[1.0000, 1.0000]
Constraints generated: 0

================================================================================
Layer 1 (INPUT_SPEC)
================================================================================
Input bounds: shape=torch.Size([2, 2]), lb_range=[-1.0000, -1.0000], ub_range=[1.0000, 1.0000]
Output bounds: shape=torch.Size([2, 2]), lb_range=[-1.0000, -1.0000], ub_range=[1.0000, 1.0000]
Constraints generated: 0

================================================================================
Layer 2 (DENSE)
================================================================================
Input bounds: shape=torch.Size([2, 2]), lb_range=[-1.0000, -1.0000], ub_range=[1.0000, 1.0000]
Output bounds: shape=torch.Size([2, 2]), lb_range=[-1.0000, -1.0000], ub_range=[1.0000, 1.0000]
Constraints generated: 2
  Con 0: EQ, var_ids=(2, 3, 0, 1)
  Con 1: INEQ, var_ids=(2, 3)

================================================================================
Layer 3 (CONSTANT)
================================================================================
Input bounds: shape=torch.Size([2, 2]), lb_range=[-1.0000, -1.0000], ub_range=[1.0000, 1.0000]
Output bounds: shape=torch.Size([2, 2]), lb_range=[0.0000, 1.0000], ub_range=[0.0000, 1.0000]
Constraints generated: 1
  Con 0: INEQ, var_ids=(4, 5)

================================================================================
Layer 4 (COMPARE)
================================================================================
Input bounds: shape=torch.Size([2, 2]), lb_range=[-1.0000, -1.0000], ub_range=[1.0000, 1.0000]
Output bounds: shape=torch.Size([2, 2]), lb_range=[0.0000, 0.0000], ub_range=[1.0000, 1.0000]
Constraints generated: 1
  Con 0: INEQ, var_ids=(6, 7)

================================================================================
Layer 4 (COMPARE)
================================================================================
Input bounds: shape=torch.Size([2, 2]), lb_range=[-1.0000, -1.0000], ub_range=[1.0000, 1.0000]
Output bounds: shape=torch.Size([2, 2]), lb_range=[0.0000, 0.0000], ub_range=[1.0000, 1.0000]
Constraints generated: 1
  Con 0: INEQ, var_ids=(6, 7)

================================================================================
Layer 5 (ASSERT)
================================================================================
Input bounds: shape=torch.Size([2, 2]), lb_range=[0.0000, 0.0000], ub_range=[1.0000, 1.0000]
Output bounds: shape=torch.Size([2, 2]), lb_range=[0.0000, 0.0000], ub_range=[1.0000, 1.0000]
Constraints generated: 0

================================================================================
Layer 0 (INPUT)
================================================================================
Input bounds: shape=torch.Size([2, 2]), lb_range=[-1.0000, -1.0000], ub_range=[1.0000, 1.0000]
Output bounds: shape=torch.Size([2, 2]), lb_range=[-1.0000, -1.0000], ub_range=[1.0000, 1.0000]
Constraints generated: 0

================================================================================
Layer 1 (INPUT_SPEC)
================================================================================
Input bounds: shape=torch.Size([2, 2]), lb_range=[-1.0000, -1.0000], ub_range=[1.0000, 1.0000]
Output bounds: shape=torch.Size([2, 2]), lb_range=[-1.0000, -1.0000], ub_range=[1.0000, 1.0000]
Constraints generated: 0

================================================================================
Layer 2 (DENSE)
================================================================================
Input bounds: shape=torch.Size([2, 2]), lb_range=[-1.0000, -1.0000], ub_range=[1.0000, 1.0000]
Output bounds: shape=torch.Size([2, 2]), lb_range=[-1.0000, -1.0000], ub_range=[1.0000, 1.0000]
Constraints generated: 2
  Con 0: EQ, var_ids=(2, 3, 0, 1)
  Con 1: INEQ, var_ids=(2, 3)

================================================================================
Layer 3 (CONSTANT)
================================================================================
Input bounds: shape=torch.Size([2, 2]), lb_range=[-1.0000, -1.0000], ub_range=[1.0000, 1.0000]
Output bounds: shape=torch.Size([2, 1]), lb_range=[0.0000, 0.0000], ub_range=[0.0000, 0.0000]
Constraints generated: 1
  Con 0: INEQ, var_ids=(4,)

================================================================================
Layer 4 (COMPARE)
================================================================================
Input bounds: shape=torch.Size([2, 2]), lb_range=[-1.0000, -1.0000], ub_range=[1.0000, 1.0000]
Output bounds: shape=torch.Size([2, 2]), lb_range=[0.0000, 0.0000], ub_range=[1.0000, 1.0000]
Constraints generated: 1
  Con 0: INEQ, var_ids=(5, 6)

================================================================================
Layer 4 (COMPARE)
================================================================================
Input bounds: shape=torch.Size([2, 2]), lb_range=[-1.0000, -1.0000], ub_range=[1.0000, 1.0000]
Output bounds: shape=torch.Size([2, 2]), lb_range=[0.0000, 0.0000], ub_range=[1.0000, 1.0000]
Constraints generated: 1
  Con 0: INEQ, var_ids=(5, 6)

================================================================================
Layer 5 (ASSERT)
================================================================================
Input bounds: shape=torch.Size([2, 2]), lb_range=[0.0000, 0.0000], ub_range=[1.0000, 1.0000]
Output bounds: shape=torch.Size([2, 2]), lb_range=[0.0000, 0.0000], ub_range=[1.0000, 1.0000]
Constraints generated: 0

================================================================================
Layer 0 (INPUT)
================================================================================
Input bounds: shape=torch.Size([2, 2]), lb_range=[-1.0000, -1.0000], ub_range=[1.0000, 1.0000]
Output bounds: shape=torch.Size([2, 2]), lb_range=[-1.0000, -1.0000], ub_range=[1.0000, 1.0000]
Constraints generated: 0

================================================================================
Layer 1 (INPUT_SPEC)
================================================================================
Input bounds: shape=torch.Size([2, 2]), lb_range=[-1.0000, -1.0000], ub_range=[1.0000, 1.0000]
Output bounds: shape=torch.Size([2, 2]), lb_range=[-1.0000, -1.0000], ub_range=[1.0000, 1.0000]
Constraints generated: 0

================================================================================
Layer 2 (DENSE)
================================================================================
Input bounds: shape=torch.Size([2, 2]), lb_range=[-1.0000, -1.0000], ub_range=[1.0000, 1.0000]
Output bounds: shape=torch.Size([2, 2]), lb_range=[-1.0000, -1.0000], ub_range=[1.0000, 1.0000]
Constraints generated: 2
  Con 0: EQ, var_ids=(2, 3, 0, 1)
  Con 1: INEQ, var_ids=(2, 3)

================================================================================
Layer 3 (CONSTANT)
================================================================================
Input bounds: shape=torch.Size([2, 2]), lb_range=[-1.0000, -1.0000], ub_range=[1.0000, 1.0000]
Output bounds: shape=torch.Size([2, 2]), lb_range=[0.0000, 1.0000], ub_range=[0.0000, 1.0000]
Constraints generated: 1
  Con 0: INEQ, var_ids=(4, 5)

================================================================================
Layer 4 (COMPARE)
================================================================================
Input bounds: shape=torch.Size([2, 2]), lb_range=[-1.0000, -1.0000], ub_range=[1.0000, 1.0000]
Output bounds: shape=torch.Size([2, 2]), lb_range=[0.0000, 0.0000], ub_range=[1.0000, 1.0000]
Constraints generated: 1
  Con 0: INEQ, var_ids=(6, 7)

================================================================================
Layer 4 (COMPARE)
================================================================================
Input bounds: shape=torch.Size([2, 2]), lb_range=[-1.0000, -1.0000], ub_range=[1.0000, 1.0000]
Output bounds: shape=torch.Size([2, 2]), lb_range=[0.0000, 0.0000], ub_range=[1.0000, 1.0000]
Constraints generated: 1
  Con 0: INEQ, var_ids=(6, 7)

================================================================================
Layer 5 (ASSERT)
================================================================================
Input bounds: shape=torch.Size([2, 2]), lb_range=[0.0000, 0.0000], ub_range=[1.0000, 1.0000]
Output bounds: shape=torch.Size([2, 2]), lb_range=[0.0000, 0.0000], ub_range=[1.0000, 1.0000]
Constraints generated: 0

================================================================================
Layer 0 (INPUT)
================================================================================
Input bounds: shape=torch.Size([1, 3]), lb_range=[-1.0000, -1.0000], ub_range=[1.0000, 1.0000]
Output bounds: shape=torch.Size([1, 3]), lb_range=[-1.0000, -1.0000], ub_range=[1.0000, 1.0000]
Constraints generated: 0

================================================================================
Layer 1 (INPUT_SPEC)
================================================================================
Input bounds: shape=torch.Size([1, 3]), lb_range=[-1.0000, -1.0000], ub_range=[1.0000, 1.0000]
Output bounds: shape=torch.Size([1, 3]), lb_range=[-1.0000, -1.0000], ub_range=[1.0000, 1.0000]
Constraints generated: 0

================================================================================
Layer 2 (SIGN)
================================================================================
Input bounds: shape=torch.Size([1, 3]), lb_range=[-1.0000, -1.0000], ub_range=[1.0000, 1.0000]
Output bounds: shape=torch.Size([1, 3]), lb_range=[-1.0000, -1.0000], ub_range=[1.0000, 1.0000]
Constraints generated: 1
  Con 0: INEQ, var_ids=(3, 4, 5)

================================================================================
Layer 3 (ASSERT)
================================================================================
Input bounds: shape=torch.Size([1, 3]), lb_range=[-1.0000, -1.0000], ub_range=[1.0000, 1.0000]
Output bounds: shape=torch.Size([1, 3]), lb_range=[-1.0000, -1.0000], ub_range=[1.0000, 1.0000]
Constraints generated: 0

================================================================================
Layer 0 (INPUT)
================================================================================
Input bounds: shape=torch.Size([2, 3]), lb_range=[-1.0000, -1.0000], ub_range=[1.0000, 1.0000]
Output bounds: shape=torch.Size([2, 3]), lb_range=[-1.0000, -1.0000], ub_range=[1.0000, 1.0000]
Constraints generated: 0

================================================================================
Layer 1 (INPUT_SPEC)
================================================================================
Input bounds: shape=torch.Size([2, 3]), lb_range=[-1.0000, -1.0000], ub_range=[1.0000, 1.0000]
Output bounds: shape=torch.Size([2, 3]), lb_range=[-1.0000, -1.0000], ub_range=[1.0000, 1.0000]
Constraints generated: 0

================================================================================
Layer 2 (SIGN)
================================================================================
Input bounds: shape=torch.Size([2, 3]), lb_range=[-1.0000, -1.0000], ub_range=[1.0000, 1.0000]
Output bounds: shape=torch.Size([2, 3]), lb_range=[-1.0000, -1.0000], ub_range=[1.0000, 1.0000]
Constraints generated: 1
  Con 0: INEQ, var_ids=(3, 4, 5)

================================================================================
Layer 3 (ASSERT)
================================================================================
Input bounds: shape=torch.Size([2, 3]), lb_range=[-1.0000, -1.0000], ub_range=[1.0000, 1.0000]
Output bounds: shape=torch.Size([2, 3]), lb_range=[-1.0000, -1.0000], ub_range=[1.0000, 1.0000]
Constraints generated: 0

================================================================================
Layer 0 (INPUT)
================================================================================
Input bounds: shape=torch.Size([2, 4]), lb_range=[-1.0000, -1.0000], ub_range=[1.0000, 1.0000]
Output bounds: shape=torch.Size([2, 4]), lb_range=[-1.0000, -1.0000], ub_range=[1.0000, 1.0000]
Constraints generated: 0

================================================================================
Layer 1 (INPUT_SPEC)
================================================================================
Input bounds: shape=torch.Size([2, 4]), lb_range=[-1.0000, -1.0000], ub_range=[1.0000, 1.0000]
Output bounds: shape=torch.Size([2, 4]), lb_range=[-1.0000, -1.0000], ub_range=[1.0000, 1.0000]
Constraints generated: 0

================================================================================
Layer 2 (CONSTANT)
================================================================================
Input bounds: shape=torch.Size([2, 4]), lb_range=[-1.0000, -1.0000], ub_range=[1.0000, 1.0000]
Output bounds: shape=torch.Size([2, 4]), lb_range=[0.0000, 2.0000], ub_range=[0.0000, 2.0000]
Constraints generated: 1
  Con 0: INEQ, var_ids=(4, 5, 6, 7)

================================================================================
Layer 4 (SCATTER_ND)
================================================================================
Input bounds: shape=torch.Size([2, 4]), lb_range=[-1.0000, -1.0000], ub_range=[1.0000, 2.0000]
Output bounds: shape=torch.Size([2, 4]), lb_range=[-inf, -inf], ub_range=[inf, inf]
Constraints generated: 1
  Con 0: INEQ, var_ids=(10, 11, 12, 13)

================================================================================
Layer 3 (CONSTANT)
================================================================================
Input bounds: shape=torch.Size([2, 4]), lb_range=[0.0000, 2.0000], ub_range=[0.0000, 2.0000]
Output bounds: shape=torch.Size([2, 2]), lb_range=[-5.0000, 10.0000], ub_range=[-5.0000, 10.0000]
Constraints generated: 1
  Con 0: INEQ, var_ids=(8, 9)

================================================================================
Layer 4 (SCATTER_ND)
================================================================================
Input bounds: shape=torch.Size([2, 4]), lb_range=[-1.0000, -1.0000], ub_range=[1.0000, 2.0000]
Output bounds: shape=torch.Size([2, 4]), lb_range=[-5.0000, -5.0000], ub_range=[10.0000, 10.0000]
Constraints generated: 1
  Con 0: INEQ, var_ids=(10, 11, 12, 13)

================================================================================
Layer 5 (ASSERT)
================================================================================
Input bounds: shape=torch.Size([2, 4]), lb_range=[-5.0000, -5.0000], ub_range=[10.0000, 10.0000]
Output bounds: shape=torch.Size([2, 4]), lb_range=[-5.0000, -5.0000], ub_range=[10.0000, 10.0000]
Constraints generated: 0

================================================================================
Layer 4 (SCATTER_ND)
================================================================================
Input bounds: shape=torch.Size([2, 4]), lb_range=[-1.0000, -1.0000], ub_range=[1.0000, 2.0000]
Output bounds: shape=torch.Size([2, 4]), lb_range=[-5.0000, -5.0000], ub_range=[10.0000, 10.0000]
Constraints generated: 1
  Con 0: INEQ, var_ids=(10, 11, 12, 13)

================================================================================
Layer 5 (ASSERT)
================================================================================
Input bounds: shape=torch.Size([2, 4]), lb_range=[-5.0000, -5.0000], ub_range=[10.0000, 10.0000]
Output bounds: shape=torch.Size([2, 4]), lb_range=[-5.0000, -5.0000], ub_range=[10.0000, 10.0000]
Constraints generated: 0

================================================================================
Layer 0 (INPUT)
================================================================================
Input bounds: shape=torch.Size([1, 1]), lb_range=[-1.0000, -1.0000], ub_range=[1.0000, 1.0000]
Output bounds: shape=torch.Size([1, 1]), lb_range=[-1.0000, -1.0000], ub_range=[1.0000, 1.0000]
Constraints generated: 0

================================================================================
Layer 1 (INPUT_SPEC)
================================================================================
Input bounds: shape=torch.Size([1, 1]), lb_range=[-1.0000, -1.0000], ub_range=[1.0000, 1.0000]
Output bounds: shape=torch.Size([1, 1]), lb_range=[-1.0000, -1.0000], ub_range=[1.0000, 1.0000]
Constraints generated: 0

================================================================================
Layer 2 (CONSTANT)
================================================================================
Input bounds: shape=torch.Size([1, 1]), lb_range=[-1.0000, -1.0000], ub_range=[1.0000, 1.0000]
Output bounds: shape=torch.Size([1, 1]), lb_range=[0.0000, 0.0000], ub_range=[0.0000, 0.0000]
Constraints generated: 1
  Con 0: INEQ, var_ids=(1,)

================================================================================
Layer 3 (COMPARE)
================================================================================
Input bounds: shape=torch.Size([1, 1]), lb_range=[-1.0000, -1.0000], ub_range=[1.0000, 1.0000]
Output bounds: shape=torch.Size([1, 1]), lb_range=[0.0000, 0.0000], ub_range=[1.0000, 1.0000]
Constraints generated: 1
  Con 0: INEQ, var_ids=(2,)

================================================================================
Layer 3 (COMPARE)
================================================================================
Input bounds: shape=torch.Size([1, 1]), lb_range=[-1.0000, -1.0000], ub_range=[1.0000, 1.0000]
Output bounds: shape=torch.Size([1, 1]), lb_range=[0.0000, 0.0000], ub_range=[1.0000, 1.0000]
Constraints generated: 1
  Con 0: INEQ, var_ids=(2,)

================================================================================
Layer 4 (ASSERT)
================================================================================
Input bounds: shape=torch.Size([1, 1]), lb_range=[0.0000, 0.0000], ub_range=[1.0000, 1.0000]
Output bounds: shape=torch.Size([1, 1]), lb_range=[0.0000, 0.0000], ub_range=[1.0000, 1.0000]
Constraints generated: 0

================================================================================
Layer 0 (INPUT)
================================================================================
Input bounds: shape=torch.Size([1, 1]), lb_range=[-1.0000, -1.0000], ub_range=[1.0000, 1.0000]
Output bounds: shape=torch.Size([1, 1]), lb_range=[-1.0000, -1.0000], ub_range=[1.0000, 1.0000]
Constraints generated: 0

================================================================================
Layer 1 (INPUT_SPEC)
================================================================================
Input bounds: shape=torch.Size([1, 1]), lb_range=[-1.0000, -1.0000], ub_range=[1.0000, 1.0000]
Output bounds: shape=torch.Size([1, 1]), lb_range=[-1.0000, -1.0000], ub_range=[1.0000, 1.0000]
Constraints generated: 0

================================================================================
Layer 2 (CONSTANT)
================================================================================
Input bounds: shape=torch.Size([1, 1]), lb_range=[-1.0000, -1.0000], ub_range=[1.0000, 1.0000]
Output bounds: shape=torch.Size([1, 1]), lb_range=[0.0000, 0.0000], ub_range=[0.0000, 0.0000]
Constraints generated: 1
  Con 0: INEQ, var_ids=(1,)

================================================================================
Layer 3 (COMPARE)
================================================================================
Input bounds: shape=torch.Size([1, 1]), lb_range=[-1.0000, -1.0000], ub_range=[1.0000, 1.0000]
Output bounds: shape=torch.Size([1, 1]), lb_range=[0.0000, 0.0000], ub_range=[1.0000, 1.0000]
Constraints generated: 1
  Con 0: INEQ, var_ids=(2,)

================================================================================
Layer 3 (COMPARE)
================================================================================
Input bounds: shape=torch.Size([1, 1]), lb_range=[-1.0000, -1.0000], ub_range=[1.0000, 1.0000]
Output bounds: shape=torch.Size([1, 1]), lb_range=[0.0000, 0.0000], ub_range=[1.0000, 1.0000]
Constraints generated: 1
  Con 0: INEQ, var_ids=(2,)

================================================================================
Layer 4 (ASSERT)
================================================================================
Input bounds: shape=torch.Size([1, 1]), lb_range=[0.0000, 0.0000], ub_range=[1.0000, 1.0000]
Output bounds: shape=torch.Size([1, 1]), lb_range=[0.0000, 0.0000], ub_range=[1.0000, 1.0000]
Constraints generated: 0

================================================================================
Layer 0 (INPUT)
================================================================================
Input bounds: shape=torch.Size([1, 1]), lb_range=[-1.0000, -1.0000], ub_range=[1.0000, 1.0000]
Output bounds: shape=torch.Size([1, 1]), lb_range=[-1.0000, -1.0000], ub_range=[1.0000, 1.0000]
Constraints generated: 0

================================================================================
Layer 1 (INPUT_SPEC)
================================================================================
Input bounds: shape=torch.Size([1, 1]), lb_range=[-1.0000, -1.0000], ub_range=[1.0000, 1.0000]
Output bounds: shape=torch.Size([1, 1]), lb_range=[-1.0000, -1.0000], ub_range=[1.0000, 1.0000]
Constraints generated: 0

================================================================================
Layer 2 (CONSTANT)
================================================================================
Input bounds: shape=torch.Size([1, 1]), lb_range=[-1.0000, -1.0000], ub_range=[1.0000, 1.0000]
Output bounds: shape=torch.Size([1, 1]), lb_range=[0.0000, 0.0000], ub_range=[0.0000, 0.0000]
Constraints generated: 1
  Con 0: INEQ, var_ids=(1,)

================================================================================
Layer 3 (COMPARE)
================================================================================
Input bounds: shape=torch.Size([1, 1]), lb_range=[-1.0000, -1.0000], ub_range=[1.0000, 1.0000]
Output bounds: shape=torch.Size([1, 1]), lb_range=[0.0000, 0.0000], ub_range=[1.0000, 1.0000]
Constraints generated: 1
  Con 0: INEQ, var_ids=(2,)

================================================================================
Layer 3 (COMPARE)
================================================================================
Input bounds: shape=torch.Size([1, 1]), lb_range=[-1.0000, -1.0000], ub_range=[1.0000, 1.0000]
Output bounds: shape=torch.Size([1, 1]), lb_range=[0.0000, 0.0000], ub_range=[1.0000, 1.0000]
Constraints generated: 1
  Con 0: INEQ, var_ids=(2,)

================================================================================
Layer 4 (ASSERT)
================================================================================
Input bounds: shape=torch.Size([1, 1]), lb_range=[0.0000, 0.0000], ub_range=[1.0000, 1.0000]
Output bounds: shape=torch.Size([1, 1]), lb_range=[0.0000, 0.0000], ub_range=[1.0000, 1.0000]
Constraints generated: 0

================================================================================
Layer 0 (INPUT)
================================================================================
Input bounds: shape=torch.Size([2, 3]), lb_range=[-1.0000, -1.0000], ub_range=[1.0000, 1.0000]
Output bounds: shape=torch.Size([2, 3]), lb_range=[-1.0000, -1.0000], ub_range=[1.0000, 1.0000]
Constraints generated: 0

================================================================================
Layer 1 (INPUT_SPEC)
================================================================================
Input bounds: shape=torch.Size([2, 3]), lb_range=[-1.0000, -1.0000], ub_range=[1.0000, 1.0000]
Output bounds: shape=torch.Size([2, 3]), lb_range=[-1.0000, -1.0000], ub_range=[1.0000, 1.0000]
Constraints generated: 0

================================================================================
Layer 2 (CONSTANT)
================================================================================
Input bounds: shape=torch.Size([2, 3]), lb_range=[-1.0000, -1.0000], ub_range=[1.0000, 1.0000]
Output bounds: shape=torch.Size([2, 1]), lb_range=[0.0000, 0.0000], ub_range=[0.0000, 0.0000]
Constraints generated: 1
  Con 0: INEQ, var_ids=(3,)

================================================================================
Layer 3 (COMPARE)
================================================================================
Input bounds: shape=torch.Size([2, 3]), lb_range=[-1.0000, -1.0000], ub_range=[1.0000, 1.0000]
Output bounds: shape=torch.Size([2, 3]), lb_range=[0.0000, 0.0000], ub_range=[1.0000, 1.0000]
Constraints generated: 1
  Con 0: INEQ, var_ids=(4, 5, 6)

================================================================================
Layer 3 (COMPARE)
================================================================================
Input bounds: shape=torch.Size([2, 3]), lb_range=[-1.0000, -1.0000], ub_range=[1.0000, 1.0000]
Output bounds: shape=torch.Size([2, 3]), lb_range=[0.0000, 0.0000], ub_range=[1.0000, 1.0000]
Constraints generated: 1
  Con 0: INEQ, var_ids=(4, 5, 6)

================================================================================
Layer 4 (ASSERT)
================================================================================
Input bounds: shape=torch.Size([2, 3]), lb_range=[0.0000, 0.0000], ub_range=[1.0000, 1.0000]
Output bounds: shape=torch.Size([2, 3]), lb_range=[0.0000, 0.0000], ub_range=[1.0000, 1.0000]
Constraints generated: 0

================================================================================
Layer 0 (INPUT)
================================================================================
Input bounds: shape=torch.Size([2, 3]), lb_range=[-1.0000, -1.0000], ub_range=[1.0000, 1.0000]
Output bounds: shape=torch.Size([2, 3]), lb_range=[-1.0000, -1.0000], ub_range=[1.0000, 1.0000]
Constraints generated: 0

================================================================================
Layer 1 (INPUT_SPEC)
================================================================================
Input bounds: shape=torch.Size([2, 3]), lb_range=[-1.0000, -1.0000], ub_range=[1.0000, 1.0000]
Output bounds: shape=torch.Size([2, 3]), lb_range=[-1.0000, -1.0000], ub_range=[1.0000, 1.0000]
Constraints generated: 0

================================================================================
Layer 2 (CONSTANT)
================================================================================
Input bounds: shape=torch.Size([2, 3]), lb_range=[-1.0000, -1.0000], ub_range=[1.0000, 1.0000]
Output bounds: shape=torch.Size([2, 3]), lb_range=[-1.0000, 1.0000], ub_range=[-1.0000, 1.0000]
Constraints generated: 1
  Con 0: INEQ, var_ids=(3, 4, 5)

================================================================================
Layer 3 (COMPARE)
================================================================================
Input bounds: shape=torch.Size([2, 3]), lb_range=[-1.0000, -1.0000], ub_range=[1.0000, 1.0000]
Output bounds: shape=torch.Size([2, 3]), lb_range=[0.0000, 1.0000], ub_range=[1.0000, 1.0000]
Constraints generated: 1
  Con 0: INEQ, var_ids=(6, 7, 8)

================================================================================
Layer 3 (COMPARE)
================================================================================
Input bounds: shape=torch.Size([2, 3]), lb_range=[-1.0000, -1.0000], ub_range=[1.0000, 1.0000]
Output bounds: shape=torch.Size([2, 3]), lb_range=[0.0000, 1.0000], ub_range=[1.0000, 1.0000]
Constraints generated: 1
  Con 0: INEQ, var_ids=(6, 7, 8)

================================================================================
Layer 4 (ASSERT)
================================================================================
Input bounds: shape=torch.Size([2, 3]), lb_range=[0.0000, 1.0000], ub_range=[1.0000, 1.0000]
Output bounds: shape=torch.Size([2, 3]), lb_range=[0.0000, 1.0000], ub_range=[1.0000, 1.0000]
Constraints generated: 0

================================================================================
Layer 0 (INPUT)
================================================================================
Input bounds: shape=torch.Size([2, 3]), lb_range=[-1.0000, -1.0000], ub_range=[1.0000, 1.0000]
Output bounds: shape=torch.Size([2, 3]), lb_range=[-1.0000, -1.0000], ub_range=[1.0000, 1.0000]
Constraints generated: 0

================================================================================
Layer 1 (INPUT_SPEC)
================================================================================
Input bounds: shape=torch.Size([2, 3]), lb_range=[-1.0000, -1.0000], ub_range=[1.0000, 1.0000]
Output bounds: shape=torch.Size([2, 3]), lb_range=[-1.0000, -1.0000], ub_range=[1.0000, 1.0000]
Constraints generated: 0

================================================================================
Layer 2 (CONSTANT)
================================================================================
Input bounds: shape=torch.Size([2, 3]), lb_range=[-1.0000, -1.0000], ub_range=[1.0000, 1.0000]
Output bounds: shape=torch.Size([2, 1]), lb_range=[0.0000, 0.0000], ub_range=[0.0000, 0.0000]
Constraints generated: 1
  Con 0: INEQ, var_ids=(3,)

================================================================================
Layer 3 (COMPARE)
================================================================================
Input bounds: shape=torch.Size([2, 3]), lb_range=[-1.0000, -1.0000], ub_range=[1.0000, 1.0000]
Output bounds: shape=torch.Size([2, 3]), lb_range=[0.0000, 0.0000], ub_range=[1.0000, 1.0000]
Constraints generated: 1
  Con 0: INEQ, var_ids=(4, 5, 6)

================================================================================
Layer 3 (COMPARE)
================================================================================
Input bounds: shape=torch.Size([2, 3]), lb_range=[-1.0000, -1.0000], ub_range=[1.0000, 1.0000]
Output bounds: shape=torch.Size([2, 3]), lb_range=[0.0000, 0.0000], ub_range=[1.0000, 1.0000]
Constraints generated: 1
  Con 0: INEQ, var_ids=(4, 5, 6)

================================================================================
Layer 4 (ASSERT)
================================================================================
Input bounds: shape=torch.Size([2, 3]), lb_range=[0.0000, 0.0000], ub_range=[1.0000, 1.0000]
Output bounds: shape=torch.Size([2, 3]), lb_range=[0.0000, 0.0000], ub_range=[1.0000, 1.0000]
Constraints generated: 0

================================================================================
Layer 0 (INPUT)
================================================================================
Input bounds: shape=torch.Size([2, 3]), lb_range=[-1.0000, -1.0000], ub_range=[1.0000, 1.0000]
Output bounds: shape=torch.Size([2, 3]), lb_range=[-1.0000, -1.0000], ub_range=[1.0000, 1.0000]
Constraints generated: 0

================================================================================
Layer 1 (INPUT_SPEC)
================================================================================
Input bounds: shape=torch.Size([2, 3]), lb_range=[-1.0000, -1.0000], ub_range=[1.0000, 1.0000]
Output bounds: shape=torch.Size([2, 3]), lb_range=[-1.0000, -1.0000], ub_range=[1.0000, 1.0000]
Constraints generated: 0

================================================================================
Layer 2 (CONSTANT)
================================================================================
Input bounds: shape=torch.Size([2, 3]), lb_range=[-1.0000, -1.0000], ub_range=[1.0000, 1.0000]
Output bounds: shape=torch.Size([2, 3]), lb_range=[-1.0000, 1.0000], ub_range=[-1.0000, 1.0000]
Constraints generated: 1
  Con 0: INEQ, var_ids=(3, 4, 5)

================================================================================
Layer 3 (COMPARE)
================================================================================
Input bounds: shape=torch.Size([2, 3]), lb_range=[-1.0000, -1.0000], ub_range=[1.0000, 1.0000]
Output bounds: shape=torch.Size([2, 3]), lb_range=[0.0000, 1.0000], ub_range=[1.0000, 1.0000]
Constraints generated: 1
  Con 0: INEQ, var_ids=(6, 7, 8)

================================================================================
Layer 3 (COMPARE)
================================================================================
Input bounds: shape=torch.Size([2, 3]), lb_range=[-1.0000, -1.0000], ub_range=[1.0000, 1.0000]
Output bounds: shape=torch.Size([2, 3]), lb_range=[0.0000, 1.0000], ub_range=[1.0000, 1.0000]
Constraints generated: 1
  Con 0: INEQ, var_ids=(6, 7, 8)

================================================================================
Layer 4 (ASSERT)
================================================================================
Input bounds: shape=torch.Size([2, 3]), lb_range=[0.0000, 1.0000], ub_range=[1.0000, 1.0000]
Output bounds: shape=torch.Size([2, 3]), lb_range=[0.0000, 1.0000], ub_range=[1.0000, 1.0000]
Constraints generated: 0

================================================================================
Layer 0 (INPUT)
================================================================================
Input bounds: shape=torch.Size([1, 4]), lb_range=[-1.0000, -1.0000], ub_range=[1.0000, 1.0000]
Output bounds: shape=torch.Size([1, 4]), lb_range=[-1.0000, -1.0000], ub_range=[1.0000, 1.0000]
Constraints generated: 0

================================================================================
Layer 1 (INPUT_SPEC)
================================================================================
Input bounds: shape=torch.Size([1, 4]), lb_range=[-1.0000, -1.0000], ub_range=[1.0000, 1.0000]
Output bounds: shape=torch.Size([1, 4]), lb_range=[-1.0000, -1.0000], ub_range=[1.0000, 1.0000]
Constraints generated: 0

================================================================================
Layer 2 (DENSE)
================================================================================
Input bounds: shape=torch.Size([1, 4]), lb_range=[-1.0000, -1.0000], ub_range=[1.0000, 1.0000]
Output bounds: shape=torch.Size([1, 2]), lb_range=[0.0000, 0.0000], ub_range=[0.0000, 0.0000]
Constraints generated: 2
  Con 0: EQ, var_ids=(4, 5, 0, 1, 2, 3)
  Con 1: INEQ, var_ids=(4, 5)

================================================================================
Layer 3 (ASSERT)
================================================================================
Input bounds: shape=torch.Size([1, 2]), lb_range=[0.0000, 0.0000], ub_range=[0.0000, 0.0000]
Output bounds: shape=torch.Size([1, 2]), lb_range=[0.0000, 0.0000], ub_range=[0.0000, 0.0000]
Constraints generated: 0

================================================================================
Layer 0 (INPUT)
================================================================================
Input bounds: shape=torch.Size([1, 4]), lb_range=[-1.0000, -1.0000], ub_range=[1.0000, 1.0000]
Output bounds: shape=torch.Size([1, 4]), lb_range=[-1.0000, -1.0000], ub_range=[1.0000, 1.0000]
Constraints generated: 0

================================================================================
Layer 1 (INPUT_SPEC)
================================================================================
Input bounds: shape=torch.Size([1, 4]), lb_range=[-1.0000, -1.0000], ub_range=[1.0000, 1.0000]
Output bounds: shape=torch.Size([1, 4]), lb_range=[-1.0000, -1.0000], ub_range=[1.0000, 1.0000]
Constraints generated: 0

================================================================================
Layer 2 (DENSE)
================================================================================
Input bounds: shape=torch.Size([1, 4]), lb_range=[-1.0000, -1.0000], ub_range=[1.0000, 1.0000]
Output bounds: shape=torch.Size([1, 2]), lb_range=[0.0000, 0.0000], ub_range=[0.0000, 0.0000]
Constraints generated: 2
  Con 0: EQ, var_ids=(4, 5, 0, 1, 2, 3)
  Con 1: INEQ, var_ids=(4, 5)

================================================================================
Layer 3 (ASSERT)
================================================================================
Input bounds: shape=torch.Size([1, 2]), lb_range=[0.0000, 0.0000], ub_range=[0.0000, 0.0000]
Output bounds: shape=torch.Size([1, 2]), lb_range=[0.0000, 0.0000], ub_range=[0.0000, 0.0000]
Constraints generated: 0

================================================================================
Layer 0 (INPUT)
================================================================================
Input bounds: shape=torch.Size([1, 4]), lb_range=[-1.0000, -1.0000], ub_range=[1.0000, 1.0000]
Output bounds: shape=torch.Size([1, 4]), lb_range=[-1.0000, -1.0000], ub_range=[1.0000, 1.0000]
Constraints generated: 0

================================================================================
Layer 1 (INPUT_SPEC)
================================================================================
Input bounds: shape=torch.Size([1, 4]), lb_range=[-1.0000, -1.0000], ub_range=[1.0000, 1.0000]
Output bounds: shape=torch.Size([1, 4]), lb_range=[-1.0000, -1.0000], ub_range=[1.0000, 1.0000]
Constraints generated: 0

================================================================================
Layer 2 (DENSE)
================================================================================
Input bounds: shape=torch.Size([1, 4]), lb_range=[-1.0000, -1.0000], ub_range=[1.0000, 1.0000]
Output bounds: shape=torch.Size([1, 2]), lb_range=[0.0000, 0.0000], ub_range=[0.0000, 0.0000]
Constraints generated: 2
  Con 0: EQ, var_ids=(4, 5, 0, 1, 2, 3)
  Con 1: INEQ, var_ids=(4, 5)

================================================================================
Layer 3 (ASSERT)
================================================================================
Input bounds: shape=torch.Size([1, 2]), lb_range=[0.0000, 0.0000], ub_range=[0.0000, 0.0000]
Output bounds: shape=torch.Size([1, 2]), lb_range=[0.0000, 0.0000], ub_range=[0.0000, 0.0000]
Constraints generated: 0

================================================================================
Layer 0 (INPUT)
================================================================================
Input bounds: shape=torch.Size([8, 2]), lb_range=[-4.0000, 3.0000], ub_range=[-3.0000, 4.0000]
Output bounds: shape=torch.Size([8, 2]), lb_range=[-4.0000, 3.0000], ub_range=[-3.0000, 4.0000]
Constraints generated: 0

================================================================================
Layer 1 (INPUT_SPEC)
================================================================================
Input bounds: shape=torch.Size([8, 2]), lb_range=[-4.0000, 3.0000], ub_range=[-3.0000, 4.0000]
Output bounds: shape=torch.Size([8, 2]), lb_range=[-4.0000, 3.0000], ub_range=[-3.0000, 4.0000]
Constraints generated: 0

================================================================================
Layer 2 (DENSE)
================================================================================
Input bounds: shape=torch.Size([8, 2]), lb_range=[-4.0000, 3.0000], ub_range=[-3.0000, 4.0000]
Output bounds: shape=torch.Size([8, 2]), lb_range=[-4.0000, 3.0000], ub_range=[-3.0000, 4.0000]
Constraints generated: 2
  Con 0: EQ, var_ids=(2, 3, 0, 1)
  Con 1: INEQ, var_ids=(2, 3)

================================================================================
Layer 3 (ASSERT)
================================================================================
Input bounds: shape=torch.Size([8, 2]), lb_range=[-4.0000, 3.0000], ub_range=[-3.0000, 4.0000]
Output bounds: shape=torch.Size([8, 2]), lb_range=[-4.0000, 3.0000], ub_range=[-3.0000, 4.0000]
Constraints generated: 0
