COMMAND: fse2026/scripts/act_trace_pyhook.sh -m act.back_end --verify --onnx data/vnncomp2026/tinyimagenet_2024/2.0/onnx/TinyImageNet_resnet_medium.onnx --vnnlib data/vnncomp2026/tinyimagenet_2024/2.0/vnnlib/TinyImageNet_resnet_medium_prop_idx_3558_sidx_7280_eps_0.0039.vnnlib --solver dual --bab --device cuda --verbose --dual-stagnation-patience 10 --dual-stop-when-verified --bab-presolve-time-fraction 0.3 --bab-child-n-iters 10 --bab-max-batch-size auto --dtype float32 --bab-preset climb_split_lin --bab-branching fsb --bab-max-batch-size 256 --no-bab-climb-enabled --bab-max-subproblems 1000000000000 --bab-max-depth 1000000000 --timeout 300.0
[ACT] Auto-detecting project root: .
[WARN] Gurobi license not found: modules/gurobi/gurobi.lic
[INFO] Please place gurobi.lic in: modules/gurobi
CLIMB_TRACE_HOOK function=act.back_end.bab.bab.verify_bab_batched boundary=1396 popped=1433
✅ Device Manager Initialized: device=cuda:0, dtype=torch.float32, tf32=off
Resolved BaBConfig: {"alpha_mode": "fixed", "alpha_opt_steps": 1000, "auto_batch_cap": 2048, "auto_batch_floor": 8, "auto_batch_safety": 0.55, "baf": true, "bounding": "depth_bound_blend", "bounding_bound_weight": 0.5, "bounding_depth_weight": 0.5, "branching_method": "fsb", "child_n_iters": 10, "climb_coarsening_enabled": true, "climb_complement_bounding": false, "climb_delta_abs": 1e-09, "climb_delta_rel": 1e-07, "climb_enabled": false, "climb_lin_support_refinement": false, "climb_max_cores": 1024, "climb_merge_enabled": true, "climb_presplit_propagation_enabled": true, "climb_propagate_core_chunk": 4096, "climb_propagation_enabled": true, "climb_recheck_k": 0, "climb_steer": false, "climb_terminal_cores": true, "climb_theta": 0.0, "eps": 1e-05, "eta_only_children": false, "frontier_cap": 0, "frontier_mem_safety": 0.6, "frontier_offload": true, "input_split_fanout": 2, "intermediate_refine": "all", "intermediate_refine_max_tensor_mib": 1024.0, "intermediate_refine_ratio": 10.0, "k": 1, "llm_probe_api_key_env": "", "llm_probe_backend": "mock", "llm_probe_base_url": "", "llm_probe_cadence": 1, "llm_probe_decisions": "split,frontier,refine", "llm_probe_enabled": false, "llm_probe_history": 8, "llm_probe_log": false, "llm_probe_max_candidates": 8, "llm_probe_max_candidates_total": 1024, "llm_probe_max_failures": 3, "llm_probe_model": "", "llm_probe_neuron_topk": 512, "llm_probe_temperature": 0.0, "llm_probe_timeout": 30.0, "max_depth": 1000000000, "max_eps": 0.01, "max_nodes": 1000000000000, "mcts_exploration": 1.0, "mcts_lambda": 0.5, "mcts_virtual_loss": 1.0, "method": null, "multi_split_levels": 1, "num_verify_iters": 5, "p": 2.0, "per_subproblem_refine": "none", "per_subproblem_refine_iters": 0, "per_subproblem_refine_rows_cap": 64, "perturbed_words": 1, "presolve_time_fraction": 0.3, "presplit_levels": 0, "provenance_enabled": false, "root_bounds_reuse": "split_refresh_linear", "sa_cooling_rate": 0.99, "solver_tier": "dual_alpha_eta", "top_k": 0, "verbose": false}

🧬 Synthesizing models from 1 spec result(s)...

🎉 Synthesis Complete:
   Total specs: 1
   Wrapped models: 1
INFO:act.config.backend_cli:Built 43-layer VNN-COMP net in 0.13 s
WARNING:act.back_end.dual_tf.tf_forward:forward linear bound 3.27 GiB persistent pair exceeds deterministic 1.00 GiB cap for [1, 46656, 9408]; falling back to interval for this layer
INFO:act.config.backend_cli:BaB budget 298.95 s of --timeout 300.00 s (1.05 s spent before BaB)
INFO:act.back_end.solver.solver_dual:Intermediate refinement layer=3 lanes=1 rows=1590 width=46656 estimate=282.986 MiB cap=1024.000 MiB action=refined
WARNING:act.back_end.solver.solver_dual:per-class alpha state estimate 1045.039 MiB exceeds 1024.000 MiB cap for lanes=1 rows=1590; using shared alpha slopes
INFO:act.back_end.solver.solver_dual:Intermediate refinement layer=5 lanes=1 rows=1250 width=46656 estimate=222.473 MiB cap=1024.000 MiB action=refined
INFO:act.back_end.solver.solver_dual:Intermediate refinement layer=10 lanes=1 rows=1032 width=46656 estimate=183.674 MiB cap=1024.000 MiB action=refined
INFO:act.back_end.solver.solver_dual:Intermediate refinement layer=18 lanes=1 rows=46 width=46656 estimate=8.187 MiB cap=1024.000 MiB action=refined
INFO:act.back_end.solver.solver_dual:Intermediate refinement layer=22 lanes=1 rows=454 width=46656 estimate=80.802 MiB cap=1024.000 MiB action=refined
INFO:act.back_end.solver.solver_dual:Intermediate refinement layer=40 lanes=1 rows=400 width=46656 estimate=71.191 MiB cap=1024.000 MiB action=refined
WARNING:act.back_end.solver.solver_dual:incremental alpha state 130.794 MiB exceeds 32.000 MiB per-lane cap for lanes=1; discarding warm start
CLIMB_TRACE {"K": 0, "climb_enabled": false, "climb_unlearned_shrunk_box_lanes": 0, "event": "initial", "frontier": 1, "native_wave_index": 0, "nodes": 0, "t": 4.945544479414821, "terminal_input_split_lanes": 0, "terminal_lp_calls": 0, "terminal_lp_certified_lanes": 0, "terminal_lp_failed_lanes": 0, "terminal_lp_falsified_lanes": 0, "terminal_lp_skipped_lanes": 0, "terminal_lp_time_ms": 0, "wave": 0}
INFO:act.pipeline.verification.act2torch:Reconstructed VerifiableModel: body has 40 layer(s), inner_model type=ActGraphModule, INPUT_SPEC=1, BN_fused=0.
CLIMB_TRACE {"K": 1, "climb_enabled": false, "climb_unlearned_shrunk_box_lanes": 0, "event": "wave", "frontier": 2, "native_wave_index": 0, "nodes": 1, "t": 5.86587156355381, "terminal_input_split_lanes": 0, "terminal_lp_calls": 0, "terminal_lp_certified_lanes": 0, "terminal_lp_failed_lanes": 0, "terminal_lp_falsified_lanes": 0, "terminal_lp_skipped_lanes": 0, "terminal_lp_time_ms": 0, "wave": 1}
CLIMB_TRACE {"K": 2, "climb_enabled": false, "climb_unlearned_shrunk_box_lanes": 0, "event": "wave", "frontier": 4, "native_wave_index": 0, "nodes": 3, "t": 6.269647464156151, "terminal_input_split_lanes": 0, "terminal_lp_calls": 0, "terminal_lp_certified_lanes": 0, "terminal_lp_failed_lanes": 0, "terminal_lp_falsified_lanes": 0, "terminal_lp_skipped_lanes": 0, "terminal_lp_time_ms": 0, "wave": 2}
CLIMB_TRACE {"K": 4, "climb_enabled": false, "climb_unlearned_shrunk_box_lanes": 0, "event": "wave", "frontier": 8, "native_wave_index": 0, "nodes": 7, "t": 6.65296446159482, "terminal_input_split_lanes": 0, "terminal_lp_calls": 0, "terminal_lp_certified_lanes": 0, "terminal_lp_failed_lanes": 0, "terminal_lp_falsified_lanes": 0, "terminal_lp_skipped_lanes": 0, "terminal_lp_time_ms": 0, "wave": 3}
CLIMB_TRACE {"K": 8, "climb_enabled": false, "climb_unlearned_shrunk_box_lanes": 0, "event": "wave", "frontier": 14, "native_wave_index": 0, "nodes": 15, "t": 7.057964771986008, "terminal_input_split_lanes": 0, "terminal_lp_calls": 0, "terminal_lp_certified_lanes": 0, "terminal_lp_failed_lanes": 0, "terminal_lp_falsified_lanes": 0, "terminal_lp_skipped_lanes": 0, "terminal_lp_time_ms": 0, "wave": 4}
CLIMB_TRACE {"K": 14, "climb_enabled": false, "climb_unlearned_shrunk_box_lanes": 0, "event": "wave", "frontier": 20, "native_wave_index": 0, "nodes": 29, "t": 7.448252638801932, "terminal_input_split_lanes": 0, "terminal_lp_calls": 0, "terminal_lp_certified_lanes": 0, "terminal_lp_failed_lanes": 0, "terminal_lp_falsified_lanes": 0, "terminal_lp_skipped_lanes": 0, "terminal_lp_time_ms": 0, "wave": 5}
CLIMB_TRACE {"K": 20, "climb_enabled": false, "climb_unlearned_shrunk_box_lanes": 0, "event": "wave", "frontier": 30, "native_wave_index": 0, "nodes": 49, "t": 7.869905652478337, "terminal_input_split_lanes": 0, "terminal_lp_calls": 0, "terminal_lp_certified_lanes": 0, "terminal_lp_failed_lanes": 0, "terminal_lp_falsified_lanes": 0, "terminal_lp_skipped_lanes": 0, "terminal_lp_time_ms": 0, "wave": 6}
CLIMB_TRACE {"K": 30, "climb_enabled": false, "climb_unlearned_shrunk_box_lanes": 0, "event": "wave", "frontier": 60, "native_wave_index": 0, "nodes": 79, "t": 8.290277518332005, "terminal_input_split_lanes": 0, "terminal_lp_calls": 0, "terminal_lp_certified_lanes": 0, "terminal_lp_failed_lanes": 0, "terminal_lp_falsified_lanes": 0, "terminal_lp_skipped_lanes": 0, "terminal_lp_time_ms": 0, "wave": 7}
CLIMB_TRACE {"K": 60, "climb_enabled": false, "climb_unlearned_shrunk_box_lanes": 0, "event": "wave", "frontier": 94, "native_wave_index": 0, "nodes": 139, "t": 8.755795609205961, "terminal_input_split_lanes": 0, "terminal_lp_calls": 0, "terminal_lp_certified_lanes": 0, "terminal_lp_failed_lanes": 0, "terminal_lp_falsified_lanes": 0, "terminal_lp_skipped_lanes": 0, "terminal_lp_time_ms": 0, "wave": 8}
CLIMB_TRACE {"K": 94, "climb_enabled": false, "climb_unlearned_shrunk_box_lanes": 0, "event": "wave", "frontier": 142, "native_wave_index": 0, "nodes": 233, "t": 9.29177214205265, "terminal_input_split_lanes": 0, "terminal_lp_calls": 0, "terminal_lp_certified_lanes": 0, "terminal_lp_failed_lanes": 0, "terminal_lp_falsified_lanes": 0, "terminal_lp_skipped_lanes": 0, "terminal_lp_time_ms": 0, "wave": 9}
CLIMB_TRACE {"K": 142, "climb_enabled": false, "climb_unlearned_shrunk_box_lanes": 0, "event": "wave", "frontier": 218, "native_wave_index": 0, "nodes": 375, "t": 9.963129064068198, "terminal_input_split_lanes": 0, "terminal_lp_calls": 0, "terminal_lp_certified_lanes": 0, "terminal_lp_failed_lanes": 0, "terminal_lp_falsified_lanes": 0, "terminal_lp_skipped_lanes": 0, "terminal_lp_time_ms": 0, "wave": 10}
CLIMB_TRACE {"K": 218, "climb_enabled": false, "climb_unlearned_shrunk_box_lanes": 0, "event": "wave", "frontier": 290, "native_wave_index": 0, "nodes": 593, "t": 10.797223938629031, "terminal_input_split_lanes": 0, "terminal_lp_calls": 0, "terminal_lp_certified_lanes": 0, "terminal_lp_failed_lanes": 0, "terminal_lp_falsified_lanes": 0, "terminal_lp_skipped_lanes": 0, "terminal_lp_time_ms": 0, "wave": 11}
CLIMB_TRACE {"K": 256, "climb_enabled": false, "climb_unlearned_shrunk_box_lanes": 0, "event": "wave", "frontier": 362, "native_wave_index": 0, "nodes": 849, "t": 11.716244464740157, "terminal_input_split_lanes": 0, "terminal_lp_calls": 0, "terminal_lp_certified_lanes": 0, "terminal_lp_failed_lanes": 0, "terminal_lp_falsified_lanes": 0, "terminal_lp_skipped_lanes": 0, "terminal_lp_time_ms": 0, "wave": 12}
CLIMB_TRACE {"K": 256, "climb_enabled": false, "climb_unlearned_shrunk_box_lanes": 0, "event": "wave", "frontier": 418, "native_wave_index": 0, "nodes": 1105, "t": 12.624675083905458, "terminal_input_split_lanes": 0, "terminal_lp_calls": 0, "terminal_lp_certified_lanes": 0, "terminal_lp_failed_lanes": 0, "terminal_lp_falsified_lanes": 0, "terminal_lp_skipped_lanes": 0, "terminal_lp_time_ms": 0, "wave": 13}
CLIMB_TRACE {"K": 256, "climb_enabled": false, "climb_unlearned_shrunk_box_lanes": 0, "event": "wave", "frontier": 462, "native_wave_index": 0, "nodes": 1361, "t": 13.523198464885354, "terminal_input_split_lanes": 0, "terminal_lp_calls": 0, "terminal_lp_certified_lanes": 0, "terminal_lp_failed_lanes": 0, "terminal_lp_falsified_lanes": 0, "terminal_lp_skipped_lanes": 0, "terminal_lp_time_ms": 0, "wave": 14}
CLIMB_TRACE {"K": 256, "climb_enabled": false, "climb_unlearned_shrunk_box_lanes": 0, "event": "wave", "frontier": 512, "native_wave_index": 0, "nodes": 1617, "t": 14.4199323579669, "terminal_input_split_lanes": 0, "terminal_lp_calls": 0, "terminal_lp_certified_lanes": 0, "terminal_lp_failed_lanes": 0, "terminal_lp_falsified_lanes": 0, "terminal_lp_skipped_lanes": 0, "terminal_lp_time_ms": 0, "wave": 15}
CLIMB_TRACE {"K": 256, "climb_enabled": false, "climb_unlearned_shrunk_box_lanes": 0, "event": "wave", "frontier": 574, "native_wave_index": 0, "nodes": 1873, "t": 15.321729743853211, "terminal_input_split_lanes": 0, "terminal_lp_calls": 0, "terminal_lp_certified_lanes": 0, "terminal_lp_failed_lanes": 0, "terminal_lp_falsified_lanes": 0, "terminal_lp_skipped_lanes": 0, "terminal_lp_time_ms": 0, "wave": 16}
CLIMB_TRACE {"K": 256, "climb_enabled": false, "climb_unlearned_shrunk_box_lanes": 0, "event": "wave", "frontier": 614, "native_wave_index": 0, "nodes": 2129, "t": 16.209493616595864, "terminal_input_split_lanes": 0, "terminal_lp_calls": 0, "terminal_lp_certified_lanes": 0, "terminal_lp_failed_lanes": 0, "terminal_lp_falsified_lanes": 0, "terminal_lp_skipped_lanes": 0, "terminal_lp_time_ms": 0, "wave": 17}
CLIMB_TRACE {"K": 256, "climb_enabled": false, "climb_unlearned_shrunk_box_lanes": 0, "event": "wave", "frontier": 646, "native_wave_index": 0, "nodes": 2385, "t": 17.08527149260044, "terminal_input_split_lanes": 0, "terminal_lp_calls": 0, "terminal_lp_certified_lanes": 0, "terminal_lp_failed_lanes": 0, "terminal_lp_falsified_lanes": 0, "terminal_lp_skipped_lanes": 0, "terminal_lp_time_ms": 0, "wave": 18}
CLIMB_TRACE {"K": 256, "climb_enabled": false, "climb_unlearned_shrunk_box_lanes": 0, "event": "wave", "frontier": 664, "native_wave_index": 0, "nodes": 2641, "t": 17.955102557316422, "terminal_input_split_lanes": 0, "terminal_lp_calls": 0, "terminal_lp_certified_lanes": 0, "terminal_lp_failed_lanes": 0, "terminal_lp_falsified_lanes": 0, "terminal_lp_skipped_lanes": 0, "terminal_lp_time_ms": 0, "wave": 19}
CLIMB_TRACE {"K": 256, "climb_enabled": false, "climb_unlearned_shrunk_box_lanes": 0, "event": "wave", "frontier": 670, "native_wave_index": 0, "nodes": 2897, "t": 18.817418083548546, "terminal_input_split_lanes": 0, "terminal_lp_calls": 0, "terminal_lp_certified_lanes": 0, "terminal_lp_failed_lanes": 0, "terminal_lp_falsified_lanes": 0, "terminal_lp_skipped_lanes": 0, "terminal_lp_time_ms": 0, "wave": 20}
CLIMB_TRACE {"K": 256, "climb_enabled": false, "climb_unlearned_shrunk_box_lanes": 0, "event": "wave", "frontier": 666, "native_wave_index": 0, "nodes": 3153, "t": 19.65887306816876, "terminal_input_split_lanes": 0, "terminal_lp_calls": 0, "terminal_lp_certified_lanes": 0, "terminal_lp_failed_lanes": 0, "terminal_lp_falsified_lanes": 0, "terminal_lp_skipped_lanes": 0, "terminal_lp_time_ms": 0, "wave": 21}
CLIMB_TRACE {"K": 256, "climb_enabled": false, "climb_unlearned_shrunk_box_lanes": 0, "event": "wave", "frontier": 642, "native_wave_index": 0, "nodes": 3409, "t": 20.52646272070706, "terminal_input_split_lanes": 0, "terminal_lp_calls": 0, "terminal_lp_certified_lanes": 0, "terminal_lp_failed_lanes": 0, "terminal_lp_falsified_lanes": 0, "terminal_lp_skipped_lanes": 0, "terminal_lp_time_ms": 0, "wave": 22}
CLIMB_TRACE {"K": 256, "climb_enabled": false, "climb_unlearned_shrunk_box_lanes": 0, "event": "wave", "frontier": 614, "native_wave_index": 0, "nodes": 3665, "t": 21.392371064051986, "terminal_input_split_lanes": 0, "terminal_lp_calls": 0, "terminal_lp_certified_lanes": 0, "terminal_lp_failed_lanes": 0, "terminal_lp_falsified_lanes": 0, "terminal_lp_skipped_lanes": 0, "terminal_lp_time_ms": 0, "wave": 23}
CLIMB_TRACE {"K": 256, "climb_enabled": false, "climb_unlearned_shrunk_box_lanes": 0, "event": "wave", "frontier": 566, "native_wave_index": 0, "nodes": 3921, "t": 22.22488976828754, "terminal_input_split_lanes": 0, "terminal_lp_calls": 0, "terminal_lp_certified_lanes": 0, "terminal_lp_failed_lanes": 0, "terminal_lp_falsified_lanes": 0, "terminal_lp_skipped_lanes": 0, "terminal_lp_time_ms": 0, "wave": 24}
CLIMB_TRACE {"K": 256, "climb_enabled": false, "climb_unlearned_shrunk_box_lanes": 0, "event": "wave", "frontier": 524, "native_wave_index": 0, "nodes": 4177, "t": 23.067726684734225, "terminal_input_split_lanes": 0, "terminal_lp_calls": 0, "terminal_lp_certified_lanes": 0, "terminal_lp_failed_lanes": 0, "terminal_lp_falsified_lanes": 0, "terminal_lp_skipped_lanes": 0, "terminal_lp_time_ms": 0, "wave": 25}
CLIMB_TRACE {"K": 256, "climb_enabled": false, "climb_unlearned_shrunk_box_lanes": 0, "event": "wave", "frontier": 502, "native_wave_index": 0, "nodes": 4433, "t": 23.92975713312626, "terminal_input_split_lanes": 0, "terminal_lp_calls": 0, "terminal_lp_certified_lanes": 0, "terminal_lp_failed_lanes": 0, "terminal_lp_falsified_lanes": 0, "terminal_lp_skipped_lanes": 0, "terminal_lp_time_ms": 0, "wave": 26}
CLIMB_TRACE {"K": 256, "climb_enabled": false, "climb_unlearned_shrunk_box_lanes": 0, "event": "wave", "frontier": 466, "native_wave_index": 0, "nodes": 4689, "t": 24.776657989248633, "terminal_input_split_lanes": 0, "terminal_lp_calls": 0, "terminal_lp_certified_lanes": 0, "terminal_lp_failed_lanes": 0, "terminal_lp_falsified_lanes": 0, "terminal_lp_skipped_lanes": 0, "terminal_lp_time_ms": 0, "wave": 27}
CLIMB_TRACE {"K": 256, "climb_enabled": false, "climb_unlearned_shrunk_box_lanes": 0, "event": "wave", "frontier": 462, "native_wave_index": 0, "nodes": 4945, "t": 25.6213300768286, "terminal_input_split_lanes": 0, "terminal_lp_calls": 0, "terminal_lp_certified_lanes": 0, "terminal_lp_failed_lanes": 0, "terminal_lp_falsified_lanes": 0, "terminal_lp_skipped_lanes": 0, "terminal_lp_time_ms": 0, "wave": 28}
CLIMB_TRACE {"K": 256, "climb_enabled": false, "climb_unlearned_shrunk_box_lanes": 0, "event": "wave", "frontier": 480, "native_wave_index": 0, "nodes": 5201, "t": 26.485223080962896, "terminal_input_split_lanes": 0, "terminal_lp_calls": 0, "terminal_lp_certified_lanes": 0, "terminal_lp_failed_lanes": 0, "terminal_lp_falsified_lanes": 0, "terminal_lp_skipped_lanes": 0, "terminal_lp_time_ms": 0, "wave": 29}
CLIMB_TRACE {"K": 256, "climb_enabled": false, "climb_unlearned_shrunk_box_lanes": 0, "event": "wave", "frontier": 490, "native_wave_index": 0, "nodes": 5457, "t": 27.348632192239165, "terminal_input_split_lanes": 0, "terminal_lp_calls": 0, "terminal_lp_certified_lanes": 0, "terminal_lp_failed_lanes": 0, "terminal_lp_falsified_lanes": 0, "terminal_lp_skipped_lanes": 0, "terminal_lp_time_ms": 0, "wave": 30}
CLIMB_TRACE {"K": 256, "climb_enabled": false, "climb_unlearned_shrunk_box_lanes": 0, "event": "wave", "frontier": 490, "native_wave_index": 0, "nodes": 5713, "t": 28.19776247628033, "terminal_input_split_lanes": 0, "terminal_lp_calls": 0, "terminal_lp_certified_lanes": 0, "terminal_lp_failed_lanes": 0, "terminal_lp_falsified_lanes": 0, "terminal_lp_skipped_lanes": 0, "terminal_lp_time_ms": 0, "wave": 31}
CLIMB_TRACE {"K": 256, "climb_enabled": false, "climb_unlearned_shrunk_box_lanes": 0, "event": "wave", "frontier": 492, "native_wave_index": 0, "nodes": 5969, "t": 29.06550642848015, "terminal_input_split_lanes": 0, "terminal_lp_calls": 0, "terminal_lp_certified_lanes": 0, "terminal_lp_failed_lanes": 0, "terminal_lp_falsified_lanes": 0, "terminal_lp_skipped_lanes": 0, "terminal_lp_time_ms": 0, "wave": 32}
CLIMB_TRACE {"K": 256, "climb_enabled": false, "climb_unlearned_shrunk_box_lanes": 0, "event": "wave", "frontier": 458, "native_wave_index": 0, "nodes": 6225, "t": 29.9178509414196, "terminal_input_split_lanes": 0, "terminal_lp_calls": 0, "terminal_lp_certified_lanes": 0, "terminal_lp_failed_lanes": 0, "terminal_lp_falsified_lanes": 0, "terminal_lp_skipped_lanes": 0, "terminal_lp_time_ms": 0, "wave": 33}
CLIMB_TRACE {"K": 256, "climb_enabled": false, "climb_unlearned_shrunk_box_lanes": 0, "event": "wave", "frontier": 466, "native_wave_index": 0, "nodes": 6481, "t": 30.7822656724602, "terminal_input_split_lanes": 0, "terminal_lp_calls": 0, "terminal_lp_certified_lanes": 0, "terminal_lp_failed_lanes": 0, "terminal_lp_falsified_lanes": 0, "terminal_lp_skipped_lanes": 0, "terminal_lp_time_ms": 0, "wave": 34}
CLIMB_TRACE {"K": 256, "climb_enabled": false, "climb_unlearned_shrunk_box_lanes": 0, "event": "wave", "frontier": 456, "native_wave_index": 0, "nodes": 6737, "t": 31.62831062078476, "terminal_input_split_lanes": 0, "terminal_lp_calls": 0, "terminal_lp_certified_lanes": 0, "terminal_lp_failed_lanes": 0, "terminal_lp_falsified_lanes": 0, "terminal_lp_skipped_lanes": 0, "terminal_lp_time_ms": 0, "wave": 35}
CLIMB_TRACE {"K": 256, "climb_enabled": false, "climb_unlearned_shrunk_box_lanes": 0, "event": "wave", "frontier": 432, "native_wave_index": 0, "nodes": 6993, "t": 32.48450763337314, "terminal_input_split_lanes": 0, "terminal_lp_calls": 0, "terminal_lp_certified_lanes": 0, "terminal_lp_failed_lanes": 0, "terminal_lp_falsified_lanes": 0, "terminal_lp_skipped_lanes": 0, "terminal_lp_time_ms": 0, "wave": 36}
CLIMB_TRACE {"K": 256, "climb_enabled": false, "climb_unlearned_shrunk_box_lanes": 0, "event": "wave", "frontier": 402, "native_wave_index": 0, "nodes": 7249, "t": 33.340386029332876, "terminal_input_split_lanes": 0, "terminal_lp_calls": 0, "terminal_lp_certified_lanes": 0, "terminal_lp_failed_lanes": 0, "terminal_lp_falsified_lanes": 0, "terminal_lp_skipped_lanes": 0, "terminal_lp_time_ms": 0, "wave": 37}
CLIMB_TRACE {"K": 256, "climb_enabled": false, "climb_unlearned_shrunk_box_lanes": 0, "event": "wave", "frontier": 360, "native_wave_index": 0, "nodes": 7505, "t": 34.17965252138674, "terminal_input_split_lanes": 0, "terminal_lp_calls": 0, "terminal_lp_certified_lanes": 0, "terminal_lp_failed_lanes": 0, "terminal_lp_falsified_lanes": 0, "terminal_lp_skipped_lanes": 0, "terminal_lp_time_ms": 0, "wave": 38}
CLIMB_TRACE {"K": 256, "climb_enabled": false, "climb_unlearned_shrunk_box_lanes": 0, "event": "wave", "frontier": 336, "native_wave_index": 0, "nodes": 7761, "t": 35.0345526766032, "terminal_input_split_lanes": 0, "terminal_lp_calls": 0, "terminal_lp_certified_lanes": 0, "terminal_lp_failed_lanes": 0, "terminal_lp_falsified_lanes": 0, "terminal_lp_skipped_lanes": 0, "terminal_lp_time_ms": 0, "wave": 39}
CLIMB_TRACE {"K": 256, "climb_enabled": false, "climb_unlearned_shrunk_box_lanes": 0, "event": "wave", "frontier": 332, "native_wave_index": 0, "nodes": 8017, "t": 35.87991956807673, "terminal_input_split_lanes": 0, "terminal_lp_calls": 0, "terminal_lp_certified_lanes": 0, "terminal_lp_failed_lanes": 0, "terminal_lp_falsified_lanes": 0, "terminal_lp_skipped_lanes": 0, "terminal_lp_time_ms": 0, "wave": 40}
CLIMB_TRACE {"K": 256, "climb_enabled": false, "climb_unlearned_shrunk_box_lanes": 0, "event": "wave", "frontier": 332, "native_wave_index": 0, "nodes": 8273, "t": 36.72881584428251, "terminal_input_split_lanes": 0, "terminal_lp_calls": 0, "terminal_lp_certified_lanes": 0, "terminal_lp_failed_lanes": 0, "terminal_lp_falsified_lanes": 0, "terminal_lp_skipped_lanes": 0, "terminal_lp_time_ms": 0, "wave": 41}
CLIMB_TRACE {"K": 256, "climb_enabled": false, "climb_unlearned_shrunk_box_lanes": 0, "event": "wave", "frontier": 322, "native_wave_index": 0, "nodes": 8529, "t": 37.59215249866247, "terminal_input_split_lanes": 0, "terminal_lp_calls": 0, "terminal_lp_certified_lanes": 0, "terminal_lp_failed_lanes": 0, "terminal_lp_falsified_lanes": 0, "terminal_lp_skipped_lanes": 0, "terminal_lp_time_ms": 0, "wave": 42}
CLIMB_TRACE {"K": 256, "climb_enabled": false, "climb_unlearned_shrunk_box_lanes": 0, "event": "wave", "frontier": 312, "native_wave_index": 0, "nodes": 8785, "t": 38.457572435960174, "terminal_input_split_lanes": 0, "terminal_lp_calls": 0, "terminal_lp_certified_lanes": 0, "terminal_lp_failed_lanes": 0, "terminal_lp_falsified_lanes": 0, "terminal_lp_skipped_lanes": 0, "terminal_lp_time_ms": 0, "wave": 43}
CLIMB_TRACE {"K": 256, "climb_enabled": false, "climb_unlearned_shrunk_box_lanes": 0, "event": "wave", "frontier": 308, "native_wave_index": 0, "nodes": 9041, "t": 39.31866240128875, "terminal_input_split_lanes": 0, "terminal_lp_calls": 0, "terminal_lp_certified_lanes": 0, "terminal_lp_failed_lanes": 0, "terminal_lp_falsified_lanes": 0, "terminal_lp_skipped_lanes": 0, "terminal_lp_time_ms": 0, "wave": 44}
CLIMB_TRACE {"K": 256, "climb_enabled": false, "climb_unlearned_shrunk_box_lanes": 0, "event": "wave", "frontier": 276, "native_wave_index": 0, "nodes": 9297, "t": 40.174789275974035, "terminal_input_split_lanes": 0, "terminal_lp_calls": 0, "terminal_lp_certified_lanes": 0, "terminal_lp_failed_lanes": 0, "terminal_lp_falsified_lanes": 0, "terminal_lp_skipped_lanes": 0, "terminal_lp_time_ms": 0, "wave": 45}
CLIMB_TRACE {"K": 256, "climb_enabled": false, "climb_unlearned_shrunk_box_lanes": 0, "event": "wave", "frontier": 250, "native_wave_index": 0, "nodes": 9553, "t": 41.041878988966346, "terminal_input_split_lanes": 0, "terminal_lp_calls": 0, "terminal_lp_certified_lanes": 0, "terminal_lp_failed_lanes": 0, "terminal_lp_falsified_lanes": 0, "terminal_lp_skipped_lanes": 0, "terminal_lp_time_ms": 0, "wave": 46}
CLIMB_TRACE {"K": 250, "climb_enabled": false, "climb_unlearned_shrunk_box_lanes": 0, "event": "wave", "frontier": 228, "native_wave_index": 0, "nodes": 9803, "t": 41.9070290569216, "terminal_input_split_lanes": 0, "terminal_lp_calls": 0, "terminal_lp_certified_lanes": 0, "terminal_lp_failed_lanes": 0, "terminal_lp_falsified_lanes": 0, "terminal_lp_skipped_lanes": 0, "terminal_lp_time_ms": 0, "wave": 47}
CLIMB_TRACE {"K": 228, "climb_enabled": false, "climb_unlearned_shrunk_box_lanes": 0, "event": "wave", "frontier": 200, "native_wave_index": 0, "nodes": 10031, "t": 42.7150910962373, "terminal_input_split_lanes": 0, "terminal_lp_calls": 0, "terminal_lp_certified_lanes": 0, "terminal_lp_failed_lanes": 0, "terminal_lp_falsified_lanes": 0, "terminal_lp_skipped_lanes": 0, "terminal_lp_time_ms": 0, "wave": 48}
CLIMB_TRACE {"K": 200, "climb_enabled": false, "climb_unlearned_shrunk_box_lanes": 0, "event": "wave", "frontier": 180, "native_wave_index": 0, "nodes": 10231, "t": 43.455812592059374, "terminal_input_split_lanes": 0, "terminal_lp_calls": 0, "terminal_lp_certified_lanes": 0, "terminal_lp_failed_lanes": 0, "terminal_lp_falsified_lanes": 0, "terminal_lp_skipped_lanes": 0, "terminal_lp_time_ms": 0, "wave": 49}
CLIMB_TRACE {"K": 180, "climb_enabled": false, "climb_unlearned_shrunk_box_lanes": 0, "event": "wave", "frontier": 150, "native_wave_index": 0, "nodes": 10411, "t": 44.17571348696947, "terminal_input_split_lanes": 0, "terminal_lp_calls": 0, "terminal_lp_certified_lanes": 0, "terminal_lp_failed_lanes": 0, "terminal_lp_falsified_lanes": 0, "terminal_lp_skipped_lanes": 0, "terminal_lp_time_ms": 0, "wave": 50}
CLIMB_TRACE {"K": 150, "climb_enabled": false, "climb_unlearned_shrunk_box_lanes": 0, "event": "wave", "frontier": 150, "native_wave_index": 0, "nodes": 10561, "t": 44.78717462532222, "terminal_input_split_lanes": 0, "terminal_lp_calls": 0, "terminal_lp_certified_lanes": 0, "terminal_lp_failed_lanes": 0, "terminal_lp_falsified_lanes": 0, "terminal_lp_skipped_lanes": 0, "terminal_lp_time_ms": 0, "wave": 51}
CLIMB_TRACE {"K": 150, "climb_enabled": false, "climb_unlearned_shrunk_box_lanes": 0, "event": "wave", "frontier": 124, "native_wave_index": 0, "nodes": 10711, "t": 45.36762039363384, "terminal_input_split_lanes": 0, "terminal_lp_calls": 0, "terminal_lp_certified_lanes": 0, "terminal_lp_failed_lanes": 0, "terminal_lp_falsified_lanes": 0, "terminal_lp_skipped_lanes": 0, "terminal_lp_time_ms": 0, "wave": 52}
CLIMB_TRACE {"K": 124, "climb_enabled": false, "climb_unlearned_shrunk_box_lanes": 0, "event": "wave", "frontier": 104, "native_wave_index": 0, "nodes": 10835, "t": 45.90621895343065, "terminal_input_split_lanes": 0, "terminal_lp_calls": 0, "terminal_lp_certified_lanes": 0, "terminal_lp_failed_lanes": 0, "terminal_lp_falsified_lanes": 0, "terminal_lp_skipped_lanes": 0, "terminal_lp_time_ms": 0, "wave": 53}
CLIMB_TRACE {"K": 104, "climb_enabled": false, "climb_unlearned_shrunk_box_lanes": 0, "event": "wave", "frontier": 92, "native_wave_index": 0, "nodes": 10939, "t": 46.41621816717088, "terminal_input_split_lanes": 0, "terminal_lp_calls": 0, "terminal_lp_certified_lanes": 0, "terminal_lp_failed_lanes": 0, "terminal_lp_falsified_lanes": 0, "terminal_lp_skipped_lanes": 0, "terminal_lp_time_ms": 0, "wave": 54}
CLIMB_TRACE {"K": 92, "climb_enabled": false, "climb_unlearned_shrunk_box_lanes": 0, "event": "wave", "frontier": 76, "native_wave_index": 0, "nodes": 11031, "t": 46.905987687408924, "terminal_input_split_lanes": 0, "terminal_lp_calls": 0, "terminal_lp_certified_lanes": 0, "terminal_lp_failed_lanes": 0, "terminal_lp_falsified_lanes": 0, "terminal_lp_skipped_lanes": 0, "terminal_lp_time_ms": 0, "wave": 55}
CLIMB_TRACE {"K": 76, "climb_enabled": false, "climb_unlearned_shrunk_box_lanes": 0, "event": "wave", "frontier": 64, "native_wave_index": 0, "nodes": 11107, "t": 47.37128364481032, "terminal_input_split_lanes": 0, "terminal_lp_calls": 0, "terminal_lp_certified_lanes": 0, "terminal_lp_failed_lanes": 0, "terminal_lp_falsified_lanes": 0, "terminal_lp_skipped_lanes": 0, "terminal_lp_time_ms": 0, "wave": 56}
CLIMB_TRACE {"K": 64, "climb_enabled": false, "climb_unlearned_shrunk_box_lanes": 0, "event": "wave", "frontier": 48, "native_wave_index": 0, "nodes": 11171, "t": 47.821531834080815, "terminal_input_split_lanes": 0, "terminal_lp_calls": 0, "terminal_lp_certified_lanes": 0, "terminal_lp_failed_lanes": 0, "terminal_lp_falsified_lanes": 0, "terminal_lp_skipped_lanes": 0, "terminal_lp_time_ms": 0, "wave": 57}
CLIMB_TRACE {"K": 48, "climb_enabled": false, "climb_unlearned_shrunk_box_lanes": 0, "event": "wave", "frontier": 32, "native_wave_index": 0, "nodes": 11219, "t": 48.23992386460304, "terminal_input_split_lanes": 0, "terminal_lp_calls": 0, "terminal_lp_certified_lanes": 0, "terminal_lp_failed_lanes": 0, "terminal_lp_falsified_lanes": 0, "terminal_lp_skipped_lanes": 0, "terminal_lp_time_ms": 0, "wave": 58}
CLIMB_TRACE {"K": 32, "climb_enabled": false, "climb_unlearned_shrunk_box_lanes": 0, "event": "wave", "frontier": 24, "native_wave_index": 0, "nodes": 11251, "t": 48.64499858953059, "terminal_input_split_lanes": 0, "terminal_lp_calls": 0, "terminal_lp_certified_lanes": 0, "terminal_lp_failed_lanes": 0, "terminal_lp_falsified_lanes": 0, "terminal_lp_skipped_lanes": 0, "terminal_lp_time_ms": 0, "wave": 59}
CLIMB_TRACE {"K": 24, "climb_enabled": false, "climb_unlearned_shrunk_box_lanes": 0, "event": "wave", "frontier": 16, "native_wave_index": 0, "nodes": 11275, "t": 49.04757562465966, "terminal_input_split_lanes": 0, "terminal_lp_calls": 0, "terminal_lp_certified_lanes": 0, "terminal_lp_failed_lanes": 0, "terminal_lp_falsified_lanes": 0, "terminal_lp_skipped_lanes": 0, "terminal_lp_time_ms": 0, "wave": 60}
CLIMB_TRACE {"K": 16, "climb_enabled": false, "climb_unlearned_shrunk_box_lanes": 0, "event": "wave", "frontier": 8, "native_wave_index": 0, "nodes": 11291, "t": 49.42121175676584, "terminal_input_split_lanes": 0, "terminal_lp_calls": 0, "terminal_lp_certified_lanes": 0, "terminal_lp_failed_lanes": 0, "terminal_lp_falsified_lanes": 0, "terminal_lp_skipped_lanes": 0, "terminal_lp_time_ms": 0, "wave": 61}
CLIMB_TRACE {"K": 8, "climb_enabled": false, "climb_unlearned_shrunk_box_lanes": 0, "event": "wave", "frontier": 8, "native_wave_index": 0, "nodes": 11299, "t": 49.82460549287498, "terminal_input_split_lanes": 0, "terminal_lp_calls": 0, "terminal_lp_certified_lanes": 0, "terminal_lp_failed_lanes": 0, "terminal_lp_falsified_lanes": 0, "terminal_lp_skipped_lanes": 0, "terminal_lp_time_ms": 0, "wave": 62}
CLIMB_TRACE {"K": 8, "climb_enabled": false, "climb_unlearned_shrunk_box_lanes": 0, "event": "wave", "frontier": 4, "native_wave_index": 0, "nodes": 11307, "t": 50.20678533613682, "terminal_input_split_lanes": 0, "terminal_lp_calls": 0, "terminal_lp_certified_lanes": 0, "terminal_lp_failed_lanes": 0, "terminal_lp_falsified_lanes": 0, "terminal_lp_skipped_lanes": 0, "terminal_lp_time_ms": 0, "wave": 63}
CLIMB_TRACE {"K": 4, "climb_enabled": false, "climb_unlearned_shrunk_box_lanes": 0, "event": "wave", "frontier": 4, "native_wave_index": 0, "nodes": 11311, "t": 50.58689042367041, "terminal_input_split_lanes": 0, "terminal_lp_calls": 0, "terminal_lp_certified_lanes": 0, "terminal_lp_failed_lanes": 0, "terminal_lp_falsified_lanes": 0, "terminal_lp_skipped_lanes": 0, "terminal_lp_time_ms": 0, "wave": 64}
CLIMB_TRACE {"K": 4, "climb_enabled": false, "climb_unlearned_shrunk_box_lanes": 0, "event": "wave", "frontier": 0, "native_wave_index": 0, "nodes": 11315, "t": 50.61823337338865, "terminal_input_split_lanes": 0, "terminal_lp_calls": 0, "terminal_lp_certified_lanes": 0, "terminal_lp_failed_lanes": 0, "terminal_lp_falsified_lanes": 0, "terminal_lp_skipped_lanes": 0, "terminal_lp_time_ms": 0, "wave": 65}
CLIMB_TRACE_FINAL {"alpha_per_row_waves": 65, "alpha_shared_waves": 0, "any_dropped_frontier_cap": false, "bounding_top_k_effective": 0, "exhausted_budget_nodes": false, "exhausted_budget_time": false, "frontier_bytes_peak": 513268240, "frontier_cold_pops": 0, "frontier_evicted_nodes": 0, "frontier_nodes_peak": 670, "frontier_offload_events": 0, "frontier_warmstart_dropped_nodes": 0, "frontier_wave_k_caps": 0, "multi_split_clamped_wave_count": 0, "multi_split_k_requested": 1, "multi_split_k_used": 1, "multi_split_lane_starved_count": 0, "multi_split_wave_count": 0, "nodes": 11315, "nodes_minted": 0, "pool_remaining": 0, "spec_rows_kept": 1, "whole_batch_fallback_count": 0}
CLIMB_TRACE {"K": 4, "climb_enabled": false, "climb_unlearned_shrunk_box_lanes": 0, "event": "final", "frontier": 0, "native_wave_index": 0, "nodes": 11315, "status": "VerifyStatus.CERTIFIED", "t": 50.61843307316303, "terminal_input_split_lanes": 0, "terminal_lp_calls": 0, "terminal_lp_certified_lanes": 0, "terminal_lp_failed_lanes": 0, "terminal_lp_falsified_lanes": 0, "terminal_lp_skipped_lanes": 0, "terminal_lp_time_ms": 0, "wave": 65}
FSE_VERIFY_TIME: 51.527872968
FSE_TIMEOUT_CLOCK_TIME: 51.667206088
Loaded 43-layer net; solver=dual
Lane 0: VerifyStatus.CERTIFIED
  nodes: 11315
  spec_rows_kept: 1
  pool_remaining: 0
  exhausted_budget_time: False
  exhausted_budget_nodes: False
  nodes_minted: 0
  any_dropped_frontier_cap: False
  multi_split_k_requested: 1
  multi_split_k_used: 1
  multi_split_wave_count: 0
  multi_split_clamped_wave_count: 0
  multi_split_lane_starved_count: 0
  alpha_shared_waves: 0
  alpha_per_row_waves: 65
  whole_batch_fallback_count: 0
  bounding_top_k_effective: 0
  frontier_bytes_peak: 513268240
  frontier_nodes_peak: 670
  frontier_offload_events: 0
  frontier_warmstart_dropped_nodes: 0
  frontier_wave_k_caps: 0
  frontier_evicted_nodes: 0
  frontier_cold_pops: 0
QV_GPU_PEAK: allocated_mib=14608.4 reserved_mib=16796.0
