COMMAND: fse2026/scripts/act_trace_pyhook.sh -m act.back_end --verify --onnx data/vnncomp2026/tinyimagenet_2024/2.0/onnx/TinyImageNet_resnet_medium.onnx --vnnlib data/vnncomp2026/tinyimagenet_2024/2.0/vnnlib/TinyImageNet_resnet_medium_prop_idx_9586_sidx_1970_eps_0.0039.vnnlib --solver dual --bab --device cuda --verbose --dual-stagnation-patience 10 --dual-stop-when-verified --bab-presolve-time-fraction 0.3 --bab-child-n-iters 10 --bab-max-batch-size auto --dtype float32 --bab-preset climb_split_lin --bab-branching fsb --bab-max-batch-size 256 --bab-max-subproblems 1000000000000 --bab-max-depth 1000000000 --timeout 100.0
[ACT] Auto-detecting project root: .
[WARN] Gurobi license not found: modules/gurobi/gurobi.lic
[INFO] Please place gurobi.lic in: modules/gurobi
CLIMB_TRACE_HOOK function=act.back_end.bab.bab.verify_bab_batched boundary=1396 popped=1433
✅ Device Manager Initialized: device=cuda:0, dtype=torch.float32, tf32=off
Resolved BaBConfig: {"alpha_mode": "fixed", "alpha_opt_steps": 1000, "auto_batch_cap": 2048, "auto_batch_floor": 8, "auto_batch_safety": 0.55, "baf": true, "bounding": "depth_bound_blend", "bounding_bound_weight": 0.5, "bounding_depth_weight": 0.5, "branching_method": "fsb", "child_n_iters": 10, "climb_coarsening_enabled": true, "climb_complement_bounding": false, "climb_delta_abs": 1e-09, "climb_delta_rel": 1e-07, "climb_enabled": true, "climb_lin_support_refinement": false, "climb_max_cores": 1024, "climb_merge_enabled": true, "climb_presplit_propagation_enabled": true, "climb_propagate_core_chunk": 4096, "climb_propagation_enabled": true, "climb_recheck_k": 0, "climb_steer": false, "climb_terminal_cores": true, "climb_theta": 0.0, "eps": 1e-05, "eta_only_children": false, "frontier_cap": 0, "frontier_mem_safety": 0.6, "frontier_offload": true, "input_split_fanout": 2, "intermediate_refine": "all", "intermediate_refine_max_tensor_mib": 1024.0, "intermediate_refine_ratio": 10.0, "k": 1, "llm_probe_api_key_env": "", "llm_probe_backend": "mock", "llm_probe_base_url": "", "llm_probe_cadence": 1, "llm_probe_decisions": "split,frontier,refine", "llm_probe_enabled": false, "llm_probe_history": 8, "llm_probe_log": false, "llm_probe_max_candidates": 8, "llm_probe_max_candidates_total": 1024, "llm_probe_max_failures": 3, "llm_probe_model": "", "llm_probe_neuron_topk": 512, "llm_probe_temperature": 0.0, "llm_probe_timeout": 30.0, "max_depth": 1000000000, "max_eps": 0.01, "max_nodes": 1000000000000, "mcts_exploration": 1.0, "mcts_lambda": 0.5, "mcts_virtual_loss": 1.0, "method": null, "multi_split_levels": 1, "num_verify_iters": 5, "p": 2.0, "per_subproblem_refine": "none", "per_subproblem_refine_iters": 0, "per_subproblem_refine_rows_cap": 64, "perturbed_words": 1, "presolve_time_fraction": 0.3, "presplit_levels": 0, "provenance_enabled": false, "root_bounds_reuse": "split_refresh_linear", "sa_cooling_rate": 0.99, "solver_tier": "dual_alpha_eta", "top_k": 0, "verbose": false}

🧬 Synthesizing models from 1 spec result(s)...

🎉 Synthesis Complete:
   Total specs: 1
   Wrapped models: 1
INFO:act.config.backend_cli:Built 43-layer VNN-COMP net in 0.14 s
WARNING:act.back_end.dual_tf.tf_forward:forward linear bound 3.27 GiB persistent pair exceeds deterministic 1.00 GiB cap for [1, 46656, 9408]; falling back to interval for this layer
INFO:act.config.backend_cli:BaB budget 98.94 s of --timeout 100.00 s (1.06 s spent before BaB)
INFO:act.back_end.solver.solver_dual:Intermediate refinement layer=3 lanes=1 rows=1544 width=46656 estimate=274.799 MiB cap=1024.000 MiB action=refined
INFO:act.back_end.solver.solver_dual:Intermediate refinement layer=5 lanes=1 rows=1318 width=46656 estimate=234.576 MiB cap=1024.000 MiB action=refined
INFO:act.back_end.solver.solver_dual:Intermediate refinement layer=10 lanes=1 rows=1184 width=46656 estimate=210.727 MiB cap=1024.000 MiB action=refined
INFO:act.back_end.solver.solver_dual:Intermediate refinement layer=18 lanes=1 rows=56 width=46656 estimate=9.967 MiB cap=1024.000 MiB action=refined
INFO:act.back_end.solver.solver_dual:Intermediate refinement layer=22 lanes=1 rows=572 width=46656 estimate=101.804 MiB cap=1024.000 MiB action=refined
INFO:act.back_end.solver.solver_dual:Intermediate refinement layer=40 lanes=1 rows=400 width=46656 estimate=71.191 MiB cap=1024.000 MiB action=refined
WARNING:act.back_end.solver.solver_dual:incremental alpha state 130.794 MiB exceeds 32.000 MiB per-lane cap for lanes=1; discarding warm start
CLIMB_TRACE {"K": 0, "climb_acquisition_replay_calls": 0, "climb_acquisition_replay_row_passes": 0, "climb_active_eta_entries": 0, "climb_coarsen_replay_fallbacks": 0, "climb_coarsen_time_s": 0.0, "climb_complement_attempts": 0, "climb_complement_successes": 0, "climb_core_height": 0, "climb_core_literals_original": 0, "climb_core_literals_retained": 0, "climb_cores_covering_resolved": 0, "climb_cores_evicted": 0, "climb_cores_inserted": 0, "climb_cores_resolved": 0, "climb_cores_subsumed": 0, "climb_enabled": true, "climb_forward_certified_lanes": 0, "climb_generated_children": 0, "climb_incremental_pool_rounds_skipped": 0, "climb_insert_time_s": 0.0, "climb_kraft_certified": 0, "climb_kraft_hist": {}, "climb_kraft_sum": 0, "climb_kraft_sum_lanes": 0.0, "climb_main_bound_calls": 0, "climb_main_bound_row_passes": 0, "climb_merge_calls": 0, "climb_merge_literals_after": 0, "climb_merge_literals_before": 0, "climb_merge_rows_after": 0, "climb_merge_rows_before": 0, "climb_merge_skipped_pairs": 0, "climb_merge_time_s": 0.0, "climb_merged_pairs": 0, "climb_peak_frontier_rows": 0, "climb_prebound_discharged": 0, "climb_prebound_unit_writes": 0, "climb_presplit_discharged": 0, "climb_presplit_unit_writes": 0, "climb_propagate_time_s": 0.0, "climb_recheck_calls": 0, "climb_recheck_row_passes": 0, "climb_recheck_time_s": 0.0, "climb_replay_time_s": 0.0, "climb_retired_unknown_lanes": 0, "climb_unit_writes": 0, "climb_unlearned_shrunk_box_lanes": 0, "event": "initial", "frontier": 1, "native_wave_index": 0, "nodes": 0, "t": 5.345725914463401, "terminal_input_split_lanes": 0, "terminal_lp_calls": 0, "terminal_lp_certified_lanes": 0, "terminal_lp_failed_lanes": 0, "terminal_lp_falsified_lanes": 0, "terminal_lp_skipped_lanes": 0, "terminal_lp_time_ms": 0, "wave": 0}
INFO:act.pipeline.verification.act2torch:Reconstructed VerifiableModel: body has 40 layer(s), inner_model type=ActGraphModule, INPUT_SPEC=1, BN_fused=0.
CLIMB_TRACE {"K": 1, "climb_acquisition_replay_calls": 0, "climb_acquisition_replay_row_passes": 0, "climb_active_eta_entries": 0, "climb_coarsen_replay_fallbacks": 0, "climb_coarsen_time_s": 0.0, "climb_complement_attempts": 0, "climb_complement_successes": 0, "climb_core_height": 0, "climb_core_literals_original": 0, "climb_core_literals_retained": 0, "climb_cores_covering_resolved": 0, "climb_cores_evicted": 0, "climb_cores_inserted": 0, "climb_cores_resolved": 0, "climb_cores_subsumed": 0, "climb_enabled": true, "climb_forward_certified_lanes": 0, "climb_generated_children": 2, "climb_incremental_pool_rounds_skipped": 0, "climb_insert_time_s": 0.0, "climb_kraft_certified": 0, "climb_kraft_hist": {}, "climb_kraft_sum": 0, "climb_kraft_sum_lanes": 0.0, "climb_main_bound_calls": 1, "climb_main_bound_row_passes": 1, "climb_merge_calls": 0, "climb_merge_literals_after": 0, "climb_merge_literals_before": 0, "climb_merge_rows_after": 0, "climb_merge_rows_before": 0, "climb_merge_skipped_pairs": 0, "climb_merge_time_s": 0.0, "climb_merged_pairs": 0, "climb_peak_frontier_rows": 2, "climb_prebound_discharged": 0, "climb_prebound_unit_writes": 0, "climb_presplit_discharged": 0, "climb_presplit_unit_writes": 0, "climb_propagate_time_s": 0.0, "climb_recheck_calls": 0, "climb_recheck_row_passes": 0, "climb_recheck_time_s": 0.0, "climb_replay_time_s": 0.0, "climb_retired_unknown_lanes": 0, "climb_unit_writes": 0, "climb_unlearned_shrunk_box_lanes": 0, "event": "wave", "frontier": 2, "native_wave_index": 0, "nodes": 1, "t": 6.4044864401221275, "terminal_input_split_lanes": 0, "terminal_lp_calls": 0, "terminal_lp_certified_lanes": 0, "terminal_lp_failed_lanes": 0, "terminal_lp_falsified_lanes": 0, "terminal_lp_skipped_lanes": 0, "terminal_lp_time_ms": 0, "wave": 1}
CLIMB_TRACE {"K": 2, "climb_acquisition_replay_calls": 0, "climb_acquisition_replay_row_passes": 0, "climb_active_eta_entries": 4, "climb_coarsen_replay_fallbacks": 0, "climb_coarsen_time_s": 0.0, "climb_complement_attempts": 0, "climb_complement_successes": 0, "climb_core_height": 0, "climb_core_literals_original": 0, "climb_core_literals_retained": 0, "climb_cores_covering_resolved": 0, "climb_cores_evicted": 0, "climb_cores_inserted": 0, "climb_cores_resolved": 0, "climb_cores_subsumed": 0, "climb_enabled": true, "climb_forward_certified_lanes": 0, "climb_generated_children": 6, "climb_incremental_pool_rounds_skipped": 0, "climb_insert_time_s": 0.0, "climb_kraft_certified": 0, "climb_kraft_hist": {}, "climb_kraft_sum": 0, "climb_kraft_sum_lanes": 0.0, "climb_main_bound_calls": 2, "climb_main_bound_row_passes": 3, "climb_merge_calls": 0, "climb_merge_literals_after": 0, "climb_merge_literals_before": 0, "climb_merge_rows_after": 0, "climb_merge_rows_before": 0, "climb_merge_skipped_pairs": 0, "climb_merge_time_s": 0.0, "climb_merged_pairs": 0, "climb_peak_frontier_rows": 4, "climb_prebound_discharged": 0, "climb_prebound_unit_writes": 0, "climb_presplit_discharged": 0, "climb_presplit_unit_writes": 0, "climb_propagate_time_s": 0.0, "climb_recheck_calls": 0, "climb_recheck_row_passes": 0, "climb_recheck_time_s": 0.0, "climb_replay_time_s": 0.0, "climb_retired_unknown_lanes": 0, "climb_unit_writes": 0, "climb_unlearned_shrunk_box_lanes": 0, "event": "wave", "frontier": 4, "native_wave_index": 0, "nodes": 3, "t": 6.819576108828187, "terminal_input_split_lanes": 0, "terminal_lp_calls": 0, "terminal_lp_certified_lanes": 0, "terminal_lp_failed_lanes": 0, "terminal_lp_falsified_lanes": 0, "terminal_lp_skipped_lanes": 0, "terminal_lp_time_ms": 0, "wave": 2}
CLIMB_TRACE {"K": 4, "climb_acquisition_replay_calls": 1, "climb_acquisition_replay_row_passes": 1, "climb_active_eta_entries": 20, "climb_coarsen_replay_fallbacks": 0, "climb_coarsen_time_s": 0.0005370359867811203, "climb_complement_attempts": 0, "climb_complement_successes": 0, "climb_core_height": 2, "climb_core_literals_original": 2, "climb_core_literals_retained": 2, "climb_cores_covering_resolved": 0, "climb_cores_evicted": 0, "climb_cores_inserted": 1, "climb_cores_resolved": 0, "climb_cores_subsumed": 0, "climb_enabled": true, "climb_forward_certified_lanes": 0, "climb_generated_children": 12, "climb_incremental_pool_rounds_skipped": 0, "climb_insert_time_s": 4.022754728794098e-05, "climb_kraft_certified": 1, "climb_kraft_hist": {"2": 1}, "climb_kraft_sum": 0.25, "climb_kraft_sum_lanes": 0.25, "climb_main_bound_calls": 3, "climb_main_bound_row_passes": 7, "climb_merge_calls": 1, "climb_merge_literals_after": 6, "climb_merge_literals_before": 6, "climb_merge_rows_after": 3, "climb_merge_rows_before": 3, "climb_merge_skipped_pairs": 1, "climb_merge_time_s": 0.012125639244914055, "climb_merged_pairs": 0, "climb_peak_frontier_rows": 6, "climb_prebound_discharged": 0, "climb_prebound_unit_writes": 0, "climb_presplit_discharged": 0, "climb_presplit_unit_writes": 0, "climb_propagate_time_s": 0.014483103528618813, "climb_recheck_calls": 0, "climb_recheck_row_passes": 0, "climb_recheck_time_s": 0.0, "climb_replay_time_s": 0.011040395125746727, "climb_retired_unknown_lanes": 0, "climb_unit_writes": 0, "climb_unlearned_shrunk_box_lanes": 0, "event": "wave", "frontier": 6, "native_wave_index": 0, "nodes": 7, "t": 7.295730767771602, "terminal_input_split_lanes": 0, "terminal_lp_calls": 0, "terminal_lp_certified_lanes": 0, "terminal_lp_failed_lanes": 0, "terminal_lp_falsified_lanes": 0, "terminal_lp_skipped_lanes": 0, "terminal_lp_time_ms": 0, "wave": 3}
CLIMB_TRACE {"K": 6, "climb_acquisition_replay_calls": 2, "climb_acquisition_replay_row_passes": 4, "climb_active_eta_entries": 56, "climb_coarsen_replay_fallbacks": 0, "climb_coarsen_time_s": 0.0009730905294418335, "climb_complement_attempts": 0, "climb_complement_successes": 0, "climb_core_height": 3, "climb_core_literals_original": 11, "climb_core_literals_retained": 11, "climb_cores_covering_resolved": 1, "climb_cores_evicted": 0, "climb_cores_inserted": 4, "climb_cores_resolved": 2, "climb_cores_subsumed": 0, "climb_enabled": true, "climb_forward_certified_lanes": 0, "climb_generated_children": 14, "climb_incremental_pool_rounds_skipped": 0, "climb_insert_time_s": 9.341724216938019e-05, "climb_kraft_certified": 4, "climb_kraft_hist": {"2": 1, "3": 3}, "climb_kraft_sum": 0.75, "climb_kraft_sum_lanes": 0.625, "climb_main_bound_calls": 4, "climb_main_bound_row_passes": 13, "climb_merge_calls": 2, "climb_merge_literals_after": 11, "climb_merge_literals_before": 15, "climb_merge_rows_after": 5, "climb_merge_rows_before": 6, "climb_merge_skipped_pairs": 2, "climb_merge_time_s": 0.014904661104083061, "climb_merged_pairs": 1, "climb_peak_frontier_rows": 6, "climb_prebound_discharged": 0, "climb_prebound_unit_writes": 0, "climb_presplit_discharged": 0, "climb_presplit_unit_writes": 0, "climb_propagate_time_s": 0.019000263884663582, "climb_recheck_calls": 0, "climb_recheck_row_passes": 0, "climb_recheck_time_s": 0.0, "climb_replay_time_s": 0.02548118866980076, "climb_retired_unknown_lanes": 0, "climb_unit_writes": 0, "climb_unlearned_shrunk_box_lanes": 0, "event": "wave", "frontier": 3, "native_wave_index": 0, "nodes": 13, "t": 7.741650525480509, "terminal_input_split_lanes": 0, "terminal_lp_calls": 0, "terminal_lp_certified_lanes": 0, "terminal_lp_failed_lanes": 0, "terminal_lp_falsified_lanes": 0, "terminal_lp_skipped_lanes": 0, "terminal_lp_time_ms": 0, "wave": 4}
CLIMB_TRACE {"K": 3, "climb_acquisition_replay_calls": 3, "climb_acquisition_replay_row_passes": 6, "climb_active_eta_entries": 76, "climb_coarsen_replay_fallbacks": 0, "climb_coarsen_time_s": 0.001474263146519661, "climb_complement_attempts": 0, "climb_complement_successes": 0, "climb_core_height": 4, "climb_core_literals_original": 19, "climb_core_literals_retained": 19, "climb_cores_covering_resolved": 6, "climb_cores_evicted": 0, "climb_cores_inserted": 6, "climb_cores_resolved": 8, "climb_cores_subsumed": 0, "climb_enabled": true, "climb_forward_certified_lanes": 0, "climb_generated_children": 16, "climb_incremental_pool_rounds_skipped": 0, "climb_insert_time_s": 0.00014636479318141937, "climb_kraft_certified": 6, "climb_kraft_hist": {"2": 1, "3": 3, "4": 2}, "climb_kraft_sum": 1.0, "climb_kraft_sum_lanes": 0.75, "climb_main_bound_calls": 5, "climb_main_bound_row_passes": 16, "climb_merge_calls": 2, "climb_merge_literals_after": 11, "climb_merge_literals_before": 15, "climb_merge_rows_after": 5, "climb_merge_rows_before": 6, "climb_merge_skipped_pairs": 2, "climb_merge_time_s": 0.014904661104083061, "climb_merged_pairs": 1, "climb_peak_frontier_rows": 6, "climb_prebound_discharged": 0, "climb_prebound_unit_writes": 0, "climb_presplit_discharged": 0, "climb_presplit_unit_writes": 0, "climb_propagate_time_s": 0.023433035239577293, "climb_recheck_calls": 0, "climb_recheck_row_passes": 0, "climb_recheck_time_s": 0.0, "climb_replay_time_s": 0.03664666227996349, "climb_retired_unknown_lanes": 0, "climb_unit_writes": 0, "climb_unlearned_shrunk_box_lanes": 0, "event": "wave", "frontier": 2, "native_wave_index": 0, "nodes": 16, "t": 8.165673891082406, "terminal_input_split_lanes": 0, "terminal_lp_calls": 0, "terminal_lp_certified_lanes": 0, "terminal_lp_failed_lanes": 0, "terminal_lp_falsified_lanes": 0, "terminal_lp_skipped_lanes": 0, "terminal_lp_time_ms": 0, "wave": 5}
CLIMB_TRACE {"K": 2, "climb_acquisition_replay_calls": 3, "climb_acquisition_replay_row_passes": 6, "climb_active_eta_entries": 88, "climb_coarsen_replay_fallbacks": 0, "climb_coarsen_time_s": 0.001474263146519661, "climb_complement_attempts": 0, "climb_complement_successes": 0, "climb_core_height": 4, "climb_core_literals_original": 19, "climb_core_literals_retained": 19, "climb_cores_covering_resolved": 6, "climb_cores_evicted": 0, "climb_cores_inserted": 6, "climb_cores_resolved": 8, "climb_cores_subsumed": 0, "climb_enabled": true, "climb_forward_certified_lanes": 0, "climb_generated_children": 20, "climb_incremental_pool_rounds_skipped": 1, "climb_insert_time_s": 0.00014636479318141937, "climb_kraft_certified": 6, "climb_kraft_hist": {"2": 1, "3": 3, "4": 2}, "climb_kraft_sum": 1.0, "climb_kraft_sum_lanes": 0.75, "climb_main_bound_calls": 6, "climb_main_bound_row_passes": 18, "climb_merge_calls": 2, "climb_merge_literals_after": 11, "climb_merge_literals_before": 15, "climb_merge_rows_after": 5, "climb_merge_rows_before": 6, "climb_merge_skipped_pairs": 2, "climb_merge_time_s": 0.014904661104083061, "climb_merged_pairs": 1, "climb_peak_frontier_rows": 6, "climb_prebound_discharged": 0, "climb_prebound_unit_writes": 0, "climb_presplit_discharged": 0, "climb_presplit_unit_writes": 0, "climb_propagate_time_s": 0.025666363537311554, "climb_recheck_calls": 0, "climb_recheck_row_passes": 0, "climb_recheck_time_s": 0.0, "climb_replay_time_s": 0.03664666227996349, "climb_retired_unknown_lanes": 0, "climb_unit_writes": 0, "climb_unlearned_shrunk_box_lanes": 0, "event": "wave", "frontier": 4, "native_wave_index": 0, "nodes": 18, "t": 8.570050051435828, "terminal_input_split_lanes": 0, "terminal_lp_calls": 0, "terminal_lp_certified_lanes": 0, "terminal_lp_failed_lanes": 0, "terminal_lp_falsified_lanes": 0, "terminal_lp_skipped_lanes": 0, "terminal_lp_time_ms": 0, "wave": 6}
CLIMB_TRACE {"K": 4, "climb_acquisition_replay_calls": 4, "climb_acquisition_replay_row_passes": 9, "climb_active_eta_entries": 120, "climb_coarsen_replay_fallbacks": 0, "climb_coarsen_time_s": 0.0018994342535734177, "climb_complement_attempts": 0, "climb_complement_successes": 0, "climb_core_height": 4, "climb_core_literals_original": 31, "climb_core_literals_retained": 31, "climb_cores_covering_resolved": 13, "climb_cores_evicted": 0, "climb_cores_inserted": 9, "climb_cores_resolved": 16, "climb_cores_subsumed": 0, "climb_enabled": true, "climb_forward_certified_lanes": 0, "climb_generated_children": 22, "climb_incremental_pool_rounds_skipped": 1, "climb_insert_time_s": 0.00020555779337882996, "climb_kraft_certified": 9, "climb_kraft_hist": {"2": 1, "3": 3, "4": 5}, "climb_kraft_sum": 2.0, "climb_kraft_sum_lanes": 0.9375, "climb_main_bound_calls": 7, "climb_main_bound_row_passes": 22, "climb_merge_calls": 2, "climb_merge_literals_after": 11, "climb_merge_literals_before": 15, "climb_merge_rows_after": 5, "climb_merge_rows_before": 6, "climb_merge_skipped_pairs": 2, "climb_merge_time_s": 0.014904661104083061, "climb_merged_pairs": 1, "climb_peak_frontier_rows": 6, "climb_prebound_discharged": 0, "climb_prebound_unit_writes": 0, "climb_presplit_discharged": 0, "climb_presplit_unit_writes": 0, "climb_propagate_time_s": 0.03003452718257904, "climb_recheck_calls": 0, "climb_recheck_row_passes": 0, "climb_recheck_time_s": 0.0, "climb_replay_time_s": 0.047803785651922226, "climb_retired_unknown_lanes": 0, "climb_unit_writes": 0, "climb_unlearned_shrunk_box_lanes": 0, "event": "wave", "frontier": 2, "native_wave_index": 0, "nodes": 22, "t": 8.9759627468884, "terminal_input_split_lanes": 0, "terminal_lp_calls": 0, "terminal_lp_certified_lanes": 0, "terminal_lp_failed_lanes": 0, "terminal_lp_falsified_lanes": 0, "terminal_lp_skipped_lanes": 0, "terminal_lp_time_ms": 0, "wave": 7}
CLIMB_TRACE {"K": 2, "climb_acquisition_replay_calls": 5, "climb_acquisition_replay_row_passes": 10, "climb_active_eta_entries": 140, "climb_coarsen_replay_fallbacks": 0, "climb_coarsen_time_s": 0.0022188667207956314, "climb_complement_attempts": 0, "climb_complement_successes": 0, "climb_core_height": 5, "climb_core_literals_original": 36, "climb_core_literals_retained": 36, "climb_cores_covering_resolved": 17, "climb_cores_evicted": 0, "climb_cores_inserted": 10, "climb_cores_resolved": 20, "climb_cores_subsumed": 0, "climb_enabled": true, "climb_forward_certified_lanes": 0, "climb_generated_children": 24, "climb_incremental_pool_rounds_skipped": 1, "climb_insert_time_s": 0.00025049783289432526, "climb_kraft_certified": 10, "climb_kraft_hist": {"2": 1, "3": 3, "4": 5, "5": 1}, "climb_kraft_sum": 2.5, "climb_kraft_sum_lanes": 0.96875, "climb_main_bound_calls": 8, "climb_main_bound_row_passes": 24, "climb_merge_calls": 2, "climb_merge_literals_after": 11, "climb_merge_literals_before": 15, "climb_merge_rows_after": 5, "climb_merge_rows_before": 6, "climb_merge_skipped_pairs": 2, "climb_merge_time_s": 0.014904661104083061, "climb_merged_pairs": 1, "climb_peak_frontier_rows": 6, "climb_prebound_discharged": 0, "climb_prebound_unit_writes": 0, "climb_presplit_discharged": 0, "climb_presplit_unit_writes": 0, "climb_propagate_time_s": 0.033855341374874115, "climb_recheck_calls": 0, "climb_recheck_row_passes": 0, "climb_recheck_time_s": 0.0, "climb_replay_time_s": 0.058786384761333466, "climb_retired_unknown_lanes": 0, "climb_unit_writes": 0, "climb_unlearned_shrunk_box_lanes": 0, "event": "wave", "frontier": 2, "native_wave_index": 0, "nodes": 24, "t": 9.343456348404288, "terminal_input_split_lanes": 0, "terminal_lp_calls": 0, "terminal_lp_certified_lanes": 0, "terminal_lp_failed_lanes": 0, "terminal_lp_falsified_lanes": 0, "terminal_lp_skipped_lanes": 0, "terminal_lp_time_ms": 0, "wave": 8}
CLIMB_TRACE_FINAL {"alpha_per_row_waves": 9, "alpha_shared_waves": 0, "any_dropped_frontier_cap": false, "bounding_top_k_effective": 0, "climb_acquisition_replay_calls": 6, "climb_acquisition_replay_row_passes": 12, "climb_active_eta_entries": 164, "climb_coarsen_replay_fallbacks": 0, "climb_coarsen_time_s": 0.0025230571627616882, "climb_complement_attempts": 0, "climb_complement_successes": 0, "climb_core_height": 6, "climb_core_literals_original": 48, "climb_core_literals_retained": 48, "climb_cores_covering_resolved": 27, "climb_cores_evicted": 0, "climb_cores_inserted": 12, "climb_cores_resolved": 31, "climb_cores_subsumed": 0, "climb_forward_certified_lanes": 0, "climb_generated_children": 24, "climb_incremental_pool_rounds_skipped": 1, "climb_insert_time_s": 0.0003498345613479614, "climb_kraft_certified": 12, "climb_kraft_hist": {"2": 1, "3": 3, "4": 5, "5": 1, "6": 2}, "climb_kraft_sum": 1.0, "climb_kraft_sum_lanes": 1.0, "climb_main_bound_calls": 9, "climb_main_bound_row_passes": 26, "climb_merge_calls": 2, "climb_merge_literals_after": 11, "climb_merge_literals_before": 15, "climb_merge_rows_after": 5, "climb_merge_rows_before": 6, "climb_merge_skipped_pairs": 2, "climb_merge_time_s": 0.014904661104083061, "climb_merged_pairs": 1, "climb_peak_frontier_rows": 6, "climb_prebound_discharged": 0, "climb_prebound_unit_writes": 0, "climb_presplit_discharged": 0, "climb_presplit_unit_writes": 0, "climb_propagate_time_s": 0.035730939358472824, "climb_recheck_calls": 0, "climb_recheck_row_passes": 0, "climb_recheck_time_s": 0.0, "climb_replay_time_s": 0.06916841305792332, "climb_retired_unknown_lanes": 0, "climb_unit_writes": 0, "frontier_bytes_peak": 8741136, "frontier_cold_pops": 0, "frontier_evicted_nodes": 0, "frontier_nodes_peak": 6, "frontier_offload_events": 0, "frontier_warmstart_dropped_nodes": 0, "frontier_wave_k_caps": 0, "multi_split_clamped_wave_count": 0, "multi_split_k_requested": 1, "multi_split_k_used": 1, "multi_split_lane_starved_count": 0, "multi_split_wave_count": 0, "nodes": 26, "nodes_minted": 0, "pool_remaining": 0, "resolved_by": "climb_empty_core", "spec_rows_kept": 2, "whole_batch_fallback_count": 0}
CLIMB_TRACE {"K": 2, "climb_acquisition_replay_calls": 6, "climb_acquisition_replay_row_passes": 12, "climb_active_eta_entries": 164, "climb_coarsen_replay_fallbacks": 0, "climb_coarsen_time_s": 0.0025230571627616882, "climb_complement_attempts": 0, "climb_complement_successes": 0, "climb_core_height": 6, "climb_core_literals_original": 48, "climb_core_literals_retained": 48, "climb_cores_covering_resolved": 27, "climb_cores_evicted": 0, "climb_cores_inserted": 12, "climb_cores_resolved": 31, "climb_cores_subsumed": 0, "climb_enabled": true, "climb_forward_certified_lanes": 0, "climb_generated_children": 24, "climb_incremental_pool_rounds_skipped": 1, "climb_insert_time_s": 0.0003498345613479614, "climb_kraft_certified": 12, "climb_kraft_hist": {"2": 1, "3": 3, "4": 5, "5": 1, "6": 2}, "climb_kraft_sum": 1.0, "climb_kraft_sum_lanes": 1.0, "climb_main_bound_calls": 9, "climb_main_bound_row_passes": 26, "climb_merge_calls": 2, "climb_merge_literals_after": 11, "climb_merge_literals_before": 15, "climb_merge_rows_after": 5, "climb_merge_rows_before": 6, "climb_merge_skipped_pairs": 2, "climb_merge_time_s": 0.014904661104083061, "climb_merged_pairs": 1, "climb_peak_frontier_rows": 6, "climb_prebound_discharged": 0, "climb_prebound_unit_writes": 0, "climb_presplit_discharged": 0, "climb_presplit_unit_writes": 0, "climb_propagate_time_s": 0.035730939358472824, "climb_recheck_calls": 0, "climb_recheck_row_passes": 0, "climb_recheck_time_s": 0.0, "climb_replay_time_s": 0.06916841305792332, "climb_retired_unknown_lanes": 0, "climb_unit_writes": 0, "climb_unlearned_shrunk_box_lanes": 0, "event": "final", "frontier": 0, "native_wave_index": 0, "nodes": 26, "status": "VerifyStatus.CERTIFIED", "t": 9.395177703350782, "terminal_input_split_lanes": 0, "terminal_lp_calls": 0, "terminal_lp_certified_lanes": 0, "terminal_lp_failed_lanes": 0, "terminal_lp_falsified_lanes": 0, "terminal_lp_skipped_lanes": 0, "terminal_lp_time_ms": 0, "wave": 9}
FSE_VERIFY_TIME: 10.303586679
FSE_TIMEOUT_CLOCK_TIME: 10.455117563
Loaded 43-layer net; solver=dual
Lane 0: VerifyStatus.CERTIFIED
  nodes: 26
  spec_rows_kept: 2
  pool_remaining: 0
  resolved_by: climb_empty_core
  nodes_minted: 0
  any_dropped_frontier_cap: False
  multi_split_k_requested: 1
  multi_split_k_used: 1
  multi_split_wave_count: 0
  multi_split_clamped_wave_count: 0
  multi_split_lane_starved_count: 0
  alpha_shared_waves: 0
  alpha_per_row_waves: 9
  whole_batch_fallback_count: 0
  bounding_top_k_effective: 0
  climb_generated_children: 24
  climb_main_bound_row_passes: 26
  climb_main_bound_calls: 9
  climb_peak_frontier_rows: 6
  climb_prebound_discharged: 0
  climb_presplit_discharged: 0
  climb_recheck_row_passes: 0
  climb_recheck_calls: 0
  climb_recheck_time_s: 0.0
  climb_replay_time_s: 0.06916841305792332
  climb_insert_time_s: 0.0003498345613479614
  climb_coarsen_time_s: 0.0025230571627616882
  climb_propagate_time_s: 0.035730939358472824
  climb_incremental_pool_rounds_skipped: 1
  climb_cores_inserted: 12
  climb_cores_subsumed: 0
  climb_cores_resolved: 31
  climb_cores_evicted: 0
  climb_core_literals_original: 48
  climb_core_literals_retained: 48
  climb_forward_certified_lanes: 0
  climb_retired_unknown_lanes: 0
  climb_coarsen_replay_fallbacks: 0
  climb_core_height: 6
  climb_active_eta_entries: 164
  climb_acquisition_replay_calls: 6
  climb_acquisition_replay_row_passes: 12
  climb_merge_calls: 2
  climb_merged_pairs: 1
  climb_merge_rows_before: 6
  climb_merge_rows_after: 5
  climb_merge_literals_before: 15
  climb_merge_literals_after: 11
  climb_merge_time_s: 0.014904661104083061
  climb_merge_skipped_pairs: 2
  climb_prebound_unit_writes: 0
  climb_presplit_unit_writes: 0
  climb_unit_writes: 0
  climb_cores_covering_resolved: 27
  climb_complement_attempts: 0
  climb_complement_successes: 0
  climb_kraft_sum: 1.0
  climb_kraft_sum_lanes: 1.0
  climb_kraft_certified: 12
  climb_kraft_hist: {2: 1, 3: 3, 4: 5, 5: 1, 6: 2}
  frontier_bytes_peak: 8741136
  frontier_nodes_peak: 6
  frontier_offload_events: 0
  frontier_warmstart_dropped_nodes: 0
  frontier_wave_k_caps: 0
  frontier_evicted_nodes: 0
  frontier_cold_pops: 0
QV_GPU_PEAK: allocated_mib=3077.7 reserved_mib=4864.0
