COMMAND: fse2026/scripts/act_trace_pyhook.sh -m act.back_end --verify --onnx data/vnncomp2026/tinyimagenet_2024/2.0/onnx/TinyImageNet_resnet_medium.onnx --vnnlib data/vnncomp2026/tinyimagenet_2024/2.0/vnnlib/TinyImageNet_resnet_medium_prop_idx_8684_sidx_9001_eps_0.0039.vnnlib --solver dual --bab --device cuda --verbose --dual-stagnation-patience 10 --dual-stop-when-verified --bab-presolve-time-fraction 0.3 --bab-child-n-iters 10 --bab-max-batch-size auto --dtype float32 --bab-preset climb_split_lin --bab-branching fsb --bab-max-batch-size 256 --no-bab-climb-enabled --bab-max-subproblems 1000000000000 --bab-max-depth 1000000000 --timeout 300.0
[ACT] Auto-detecting project root: .
[WARN] Gurobi license not found: modules/gurobi/gurobi.lic
[INFO] Please place gurobi.lic in: modules/gurobi
CLIMB_TRACE_HOOK function=act.back_end.bab.bab.verify_bab_batched boundary=1396 popped=1433
✅ Device Manager Initialized: device=cuda:0, dtype=torch.float32, tf32=off
Resolved BaBConfig: {"alpha_mode": "fixed", "alpha_opt_steps": 1000, "auto_batch_cap": 2048, "auto_batch_floor": 8, "auto_batch_safety": 0.55, "baf": true, "bounding": "depth_bound_blend", "bounding_bound_weight": 0.5, "bounding_depth_weight": 0.5, "branching_method": "fsb", "child_n_iters": 10, "climb_coarsening_enabled": true, "climb_complement_bounding": false, "climb_delta_abs": 1e-09, "climb_delta_rel": 1e-07, "climb_enabled": false, "climb_lin_support_refinement": false, "climb_max_cores": 1024, "climb_merge_enabled": true, "climb_presplit_propagation_enabled": true, "climb_propagate_core_chunk": 4096, "climb_propagation_enabled": true, "climb_recheck_k": 0, "climb_steer": false, "climb_terminal_cores": true, "climb_theta": 0.0, "eps": 1e-05, "eta_only_children": false, "frontier_cap": 0, "frontier_mem_safety": 0.6, "frontier_offload": true, "input_split_fanout": 2, "intermediate_refine": "all", "intermediate_refine_max_tensor_mib": 1024.0, "intermediate_refine_ratio": 10.0, "k": 1, "llm_probe_api_key_env": "", "llm_probe_backend": "mock", "llm_probe_base_url": "", "llm_probe_cadence": 1, "llm_probe_decisions": "split,frontier,refine", "llm_probe_enabled": false, "llm_probe_history": 8, "llm_probe_log": false, "llm_probe_max_candidates": 8, "llm_probe_max_candidates_total": 1024, "llm_probe_max_failures": 3, "llm_probe_model": "", "llm_probe_neuron_topk": 512, "llm_probe_temperature": 0.0, "llm_probe_timeout": 30.0, "max_depth": 1000000000, "max_eps": 0.01, "max_nodes": 1000000000000, "mcts_exploration": 1.0, "mcts_lambda": 0.5, "mcts_virtual_loss": 1.0, "method": null, "multi_split_levels": 1, "num_verify_iters": 5, "p": 2.0, "per_subproblem_refine": "none", "per_subproblem_refine_iters": 0, "per_subproblem_refine_rows_cap": 64, "perturbed_words": 1, "presolve_time_fraction": 0.3, "presplit_levels": 0, "provenance_enabled": false, "root_bounds_reuse": "split_refresh_linear", "sa_cooling_rate": 0.99, "solver_tier": "dual_alpha_eta", "top_k": 0, "verbose": false}

🧬 Synthesizing models from 1 spec result(s)...

🎉 Synthesis Complete:
   Total specs: 1
   Wrapped models: 1
INFO:act.config.backend_cli:Built 43-layer VNN-COMP net in 0.13 s
WARNING:act.back_end.dual_tf.tf_forward:forward linear bound 3.27 GiB persistent pair exceeds deterministic 1.00 GiB cap for [1, 46656, 9408]; falling back to interval for this layer
INFO:act.config.backend_cli:BaB budget 298.95 s of --timeout 300.00 s (1.05 s spent before BaB)
INFO:act.back_end.solver.solver_dual:Intermediate refinement layer=3 lanes=1 rows=1420 width=46656 estimate=252.729 MiB cap=1024.000 MiB action=refined
INFO:act.back_end.solver.solver_dual:Intermediate refinement layer=5 lanes=1 rows=1188 width=46656 estimate=211.438 MiB cap=1024.000 MiB action=refined
INFO:act.back_end.solver.solver_dual:Intermediate refinement layer=10 lanes=1 rows=1052 width=46656 estimate=187.233 MiB cap=1024.000 MiB action=refined
INFO:act.back_end.solver.solver_dual:Intermediate refinement layer=18 lanes=1 rows=24 width=46656 estimate=4.271 MiB cap=1024.000 MiB action=refined
INFO:act.back_end.solver.solver_dual:Intermediate refinement layer=22 lanes=1 rows=378 width=46656 estimate=67.276 MiB cap=1024.000 MiB action=refined
INFO:act.back_end.solver.solver_dual:Intermediate refinement layer=40 lanes=1 rows=400 width=46656 estimate=71.191 MiB cap=1024.000 MiB action=refined
WARNING:act.back_end.solver.solver_dual:incremental alpha state 130.794 MiB exceeds 32.000 MiB per-lane cap for lanes=1; discarding warm start
CLIMB_TRACE {"K": 0, "climb_enabled": false, "climb_unlearned_shrunk_box_lanes": 0, "event": "initial", "frontier": 1, "native_wave_index": 0, "nodes": 0, "t": 4.776693856343627, "terminal_input_split_lanes": 0, "terminal_lp_calls": 0, "terminal_lp_certified_lanes": 0, "terminal_lp_failed_lanes": 0, "terminal_lp_falsified_lanes": 0, "terminal_lp_skipped_lanes": 0, "terminal_lp_time_ms": 0, "wave": 0}
INFO:act.pipeline.verification.act2torch:Reconstructed VerifiableModel: body has 40 layer(s), inner_model type=ActGraphModule, INPUT_SPEC=1, BN_fused=0.
CLIMB_TRACE {"K": 1, "climb_enabled": false, "climb_unlearned_shrunk_box_lanes": 0, "event": "wave", "frontier": 2, "native_wave_index": 0, "nodes": 1, "t": 5.643005320802331, "terminal_input_split_lanes": 0, "terminal_lp_calls": 0, "terminal_lp_certified_lanes": 0, "terminal_lp_failed_lanes": 0, "terminal_lp_falsified_lanes": 0, "terminal_lp_skipped_lanes": 0, "terminal_lp_time_ms": 0, "wave": 1}
CLIMB_TRACE {"K": 2, "climb_enabled": false, "climb_unlearned_shrunk_box_lanes": 0, "event": "wave", "frontier": 4, "native_wave_index": 0, "nodes": 3, "t": 6.012870892882347, "terminal_input_split_lanes": 0, "terminal_lp_calls": 0, "terminal_lp_certified_lanes": 0, "terminal_lp_failed_lanes": 0, "terminal_lp_falsified_lanes": 0, "terminal_lp_skipped_lanes": 0, "terminal_lp_time_ms": 0, "wave": 2}
CLIMB_TRACE {"K": 4, "climb_enabled": false, "climb_unlearned_shrunk_box_lanes": 0, "event": "wave", "frontier": 8, "native_wave_index": 0, "nodes": 7, "t": 6.3778337854892015, "terminal_input_split_lanes": 0, "terminal_lp_calls": 0, "terminal_lp_certified_lanes": 0, "terminal_lp_failed_lanes": 0, "terminal_lp_falsified_lanes": 0, "terminal_lp_skipped_lanes": 0, "terminal_lp_time_ms": 0, "wave": 3}
CLIMB_TRACE {"K": 8, "climb_enabled": false, "climb_unlearned_shrunk_box_lanes": 0, "event": "wave", "frontier": 16, "native_wave_index": 0, "nodes": 15, "t": 6.744949817657471, "terminal_input_split_lanes": 0, "terminal_lp_calls": 0, "terminal_lp_certified_lanes": 0, "terminal_lp_failed_lanes": 0, "terminal_lp_falsified_lanes": 0, "terminal_lp_skipped_lanes": 0, "terminal_lp_time_ms": 0, "wave": 4}
CLIMB_TRACE {"K": 16, "climb_enabled": false, "climb_unlearned_shrunk_box_lanes": 0, "event": "wave", "frontier": 32, "native_wave_index": 0, "nodes": 31, "t": 7.126284873113036, "terminal_input_split_lanes": 0, "terminal_lp_calls": 0, "terminal_lp_certified_lanes": 0, "terminal_lp_failed_lanes": 0, "terminal_lp_falsified_lanes": 0, "terminal_lp_skipped_lanes": 0, "terminal_lp_time_ms": 0, "wave": 5}
CLIMB_TRACE {"K": 32, "climb_enabled": false, "climb_unlearned_shrunk_box_lanes": 0, "event": "wave", "frontier": 62, "native_wave_index": 0, "nodes": 63, "t": 7.56762158125639, "terminal_input_split_lanes": 0, "terminal_lp_calls": 0, "terminal_lp_certified_lanes": 0, "terminal_lp_failed_lanes": 0, "terminal_lp_falsified_lanes": 0, "terminal_lp_skipped_lanes": 0, "terminal_lp_time_ms": 0, "wave": 6}
CLIMB_TRACE {"K": 62, "climb_enabled": false, "climb_unlearned_shrunk_box_lanes": 0, "event": "wave", "frontier": 104, "native_wave_index": 0, "nodes": 125, "t": 8.100489895790815, "terminal_input_split_lanes": 0, "terminal_lp_calls": 0, "terminal_lp_certified_lanes": 0, "terminal_lp_failed_lanes": 0, "terminal_lp_falsified_lanes": 0, "terminal_lp_skipped_lanes": 0, "terminal_lp_time_ms": 0, "wave": 7}
CLIMB_TRACE {"K": 104, "climb_enabled": false, "climb_unlearned_shrunk_box_lanes": 0, "event": "wave", "frontier": 160, "native_wave_index": 0, "nodes": 229, "t": 8.762237986549735, "terminal_input_split_lanes": 0, "terminal_lp_calls": 0, "terminal_lp_certified_lanes": 0, "terminal_lp_failed_lanes": 0, "terminal_lp_falsified_lanes": 0, "terminal_lp_skipped_lanes": 0, "terminal_lp_time_ms": 0, "wave": 8}
CLIMB_TRACE {"K": 160, "climb_enabled": false, "climb_unlearned_shrunk_box_lanes": 0, "event": "wave", "frontier": 244, "native_wave_index": 0, "nodes": 389, "t": 9.651368521153927, "terminal_input_split_lanes": 0, "terminal_lp_calls": 0, "terminal_lp_certified_lanes": 0, "terminal_lp_failed_lanes": 0, "terminal_lp_falsified_lanes": 0, "terminal_lp_skipped_lanes": 0, "terminal_lp_time_ms": 0, "wave": 9}
CLIMB_TRACE {"K": 244, "climb_enabled": false, "climb_unlearned_shrunk_box_lanes": 0, "event": "wave", "frontier": 286, "native_wave_index": 0, "nodes": 633, "t": 10.859085198491812, "terminal_input_split_lanes": 0, "terminal_lp_calls": 0, "terminal_lp_certified_lanes": 0, "terminal_lp_failed_lanes": 0, "terminal_lp_falsified_lanes": 0, "terminal_lp_skipped_lanes": 0, "terminal_lp_time_ms": 0, "wave": 10}
CLIMB_TRACE {"K": 256, "climb_enabled": false, "climb_unlearned_shrunk_box_lanes": 0, "event": "wave", "frontier": 334, "native_wave_index": 0, "nodes": 889, "t": 12.121821308508515, "terminal_input_split_lanes": 0, "terminal_lp_calls": 0, "terminal_lp_certified_lanes": 0, "terminal_lp_failed_lanes": 0, "terminal_lp_falsified_lanes": 0, "terminal_lp_skipped_lanes": 0, "terminal_lp_time_ms": 0, "wave": 11}
CLIMB_TRACE {"K": 256, "climb_enabled": false, "climb_unlearned_shrunk_box_lanes": 0, "event": "wave", "frontier": 354, "native_wave_index": 0, "nodes": 1145, "t": 13.356553234159946, "terminal_input_split_lanes": 0, "terminal_lp_calls": 0, "terminal_lp_certified_lanes": 0, "terminal_lp_failed_lanes": 0, "terminal_lp_falsified_lanes": 0, "terminal_lp_skipped_lanes": 0, "terminal_lp_time_ms": 0, "wave": 12}
CLIMB_TRACE {"K": 256, "climb_enabled": false, "climb_unlearned_shrunk_box_lanes": 0, "event": "wave", "frontier": 358, "native_wave_index": 0, "nodes": 1401, "t": 14.585204057395458, "terminal_input_split_lanes": 0, "terminal_lp_calls": 0, "terminal_lp_certified_lanes": 0, "terminal_lp_failed_lanes": 0, "terminal_lp_falsified_lanes": 0, "terminal_lp_skipped_lanes": 0, "terminal_lp_time_ms": 0, "wave": 13}
CLIMB_TRACE {"K": 256, "climb_enabled": false, "climb_unlearned_shrunk_box_lanes": 0, "event": "wave", "frontier": 390, "native_wave_index": 0, "nodes": 1657, "t": 15.830141184851527, "terminal_input_split_lanes": 0, "terminal_lp_calls": 0, "terminal_lp_certified_lanes": 0, "terminal_lp_failed_lanes": 0, "terminal_lp_falsified_lanes": 0, "terminal_lp_skipped_lanes": 0, "terminal_lp_time_ms": 0, "wave": 14}
CLIMB_TRACE {"K": 256, "climb_enabled": false, "climb_unlearned_shrunk_box_lanes": 0, "event": "wave", "frontier": 394, "native_wave_index": 0, "nodes": 1913, "t": 17.053165648132563, "terminal_input_split_lanes": 0, "terminal_lp_calls": 0, "terminal_lp_certified_lanes": 0, "terminal_lp_failed_lanes": 0, "terminal_lp_falsified_lanes": 0, "terminal_lp_skipped_lanes": 0, "terminal_lp_time_ms": 0, "wave": 15}
CLIMB_TRACE {"K": 256, "climb_enabled": false, "climb_unlearned_shrunk_box_lanes": 0, "event": "wave", "frontier": 400, "native_wave_index": 0, "nodes": 2169, "t": 18.28170720860362, "terminal_input_split_lanes": 0, "terminal_lp_calls": 0, "terminal_lp_certified_lanes": 0, "terminal_lp_failed_lanes": 0, "terminal_lp_falsified_lanes": 0, "terminal_lp_skipped_lanes": 0, "terminal_lp_time_ms": 0, "wave": 16}
CLIMB_TRACE {"K": 256, "climb_enabled": false, "climb_unlearned_shrunk_box_lanes": 0, "event": "wave", "frontier": 414, "native_wave_index": 0, "nodes": 2425, "t": 19.519700637087226, "terminal_input_split_lanes": 0, "terminal_lp_calls": 0, "terminal_lp_certified_lanes": 0, "terminal_lp_failed_lanes": 0, "terminal_lp_falsified_lanes": 0, "terminal_lp_skipped_lanes": 0, "terminal_lp_time_ms": 0, "wave": 17}
CLIMB_TRACE {"K": 256, "climb_enabled": false, "climb_unlearned_shrunk_box_lanes": 0, "event": "wave", "frontier": 434, "native_wave_index": 0, "nodes": 2681, "t": 20.759535474702716, "terminal_input_split_lanes": 0, "terminal_lp_calls": 0, "terminal_lp_certified_lanes": 0, "terminal_lp_failed_lanes": 0, "terminal_lp_falsified_lanes": 0, "terminal_lp_skipped_lanes": 0, "terminal_lp_time_ms": 0, "wave": 18}
CLIMB_TRACE {"K": 256, "climb_enabled": false, "climb_unlearned_shrunk_box_lanes": 0, "event": "wave", "frontier": 468, "native_wave_index": 0, "nodes": 2937, "t": 22.018180187791586, "terminal_input_split_lanes": 0, "terminal_lp_calls": 0, "terminal_lp_certified_lanes": 0, "terminal_lp_failed_lanes": 0, "terminal_lp_falsified_lanes": 0, "terminal_lp_skipped_lanes": 0, "terminal_lp_time_ms": 0, "wave": 19}
CLIMB_TRACE {"K": 256, "climb_enabled": false, "climb_unlearned_shrunk_box_lanes": 0, "event": "wave", "frontier": 456, "native_wave_index": 0, "nodes": 3193, "t": 23.226748345419765, "terminal_input_split_lanes": 0, "terminal_lp_calls": 0, "terminal_lp_certified_lanes": 0, "terminal_lp_failed_lanes": 0, "terminal_lp_falsified_lanes": 0, "terminal_lp_skipped_lanes": 0, "terminal_lp_time_ms": 0, "wave": 20}
CLIMB_TRACE {"K": 256, "climb_enabled": false, "climb_unlearned_shrunk_box_lanes": 0, "event": "wave", "frontier": 456, "native_wave_index": 0, "nodes": 3449, "t": 24.444405956193805, "terminal_input_split_lanes": 0, "terminal_lp_calls": 0, "terminal_lp_certified_lanes": 0, "terminal_lp_failed_lanes": 0, "terminal_lp_falsified_lanes": 0, "terminal_lp_skipped_lanes": 0, "terminal_lp_time_ms": 0, "wave": 21}
CLIMB_TRACE {"K": 256, "climb_enabled": false, "climb_unlearned_shrunk_box_lanes": 0, "event": "wave", "frontier": 474, "native_wave_index": 0, "nodes": 3705, "t": 25.685825116932392, "terminal_input_split_lanes": 0, "terminal_lp_calls": 0, "terminal_lp_certified_lanes": 0, "terminal_lp_failed_lanes": 0, "terminal_lp_falsified_lanes": 0, "terminal_lp_skipped_lanes": 0, "terminal_lp_time_ms": 0, "wave": 22}
CLIMB_TRACE {"K": 256, "climb_enabled": false, "climb_unlearned_shrunk_box_lanes": 0, "event": "wave", "frontier": 498, "native_wave_index": 0, "nodes": 3961, "t": 26.929752949625254, "terminal_input_split_lanes": 0, "terminal_lp_calls": 0, "terminal_lp_certified_lanes": 0, "terminal_lp_failed_lanes": 0, "terminal_lp_falsified_lanes": 0, "terminal_lp_skipped_lanes": 0, "terminal_lp_time_ms": 0, "wave": 23}
CLIMB_TRACE {"K": 256, "climb_enabled": false, "climb_unlearned_shrunk_box_lanes": 0, "event": "wave", "frontier": 488, "native_wave_index": 0, "nodes": 4217, "t": 28.1465002335608, "terminal_input_split_lanes": 0, "terminal_lp_calls": 0, "terminal_lp_certified_lanes": 0, "terminal_lp_failed_lanes": 0, "terminal_lp_falsified_lanes": 0, "terminal_lp_skipped_lanes": 0, "terminal_lp_time_ms": 0, "wave": 24}
CLIMB_TRACE {"K": 256, "climb_enabled": false, "climb_unlearned_shrunk_box_lanes": 0, "event": "wave", "frontier": 500, "native_wave_index": 0, "nodes": 4473, "t": 29.37952278740704, "terminal_input_split_lanes": 0, "terminal_lp_calls": 0, "terminal_lp_certified_lanes": 0, "terminal_lp_failed_lanes": 0, "terminal_lp_falsified_lanes": 0, "terminal_lp_skipped_lanes": 0, "terminal_lp_time_ms": 0, "wave": 25}
CLIMB_TRACE {"K": 256, "climb_enabled": false, "climb_unlearned_shrunk_box_lanes": 0, "event": "wave", "frontier": 510, "native_wave_index": 0, "nodes": 4729, "t": 30.614396745339036, "terminal_input_split_lanes": 0, "terminal_lp_calls": 0, "terminal_lp_certified_lanes": 0, "terminal_lp_failed_lanes": 0, "terminal_lp_falsified_lanes": 0, "terminal_lp_skipped_lanes": 0, "terminal_lp_time_ms": 0, "wave": 26}
CLIMB_TRACE {"K": 256, "climb_enabled": false, "climb_unlearned_shrunk_box_lanes": 0, "event": "wave", "frontier": 480, "native_wave_index": 0, "nodes": 4985, "t": 31.839007953181863, "terminal_input_split_lanes": 0, "terminal_lp_calls": 0, "terminal_lp_certified_lanes": 0, "terminal_lp_failed_lanes": 0, "terminal_lp_falsified_lanes": 0, "terminal_lp_skipped_lanes": 0, "terminal_lp_time_ms": 0, "wave": 27}
CLIMB_TRACE {"K": 256, "climb_enabled": false, "climb_unlearned_shrunk_box_lanes": 0, "event": "wave", "frontier": 472, "native_wave_index": 0, "nodes": 5241, "t": 33.05298481695354, "terminal_input_split_lanes": 0, "terminal_lp_calls": 0, "terminal_lp_certified_lanes": 0, "terminal_lp_failed_lanes": 0, "terminal_lp_falsified_lanes": 0, "terminal_lp_skipped_lanes": 0, "terminal_lp_time_ms": 0, "wave": 28}
CLIMB_TRACE {"K": 256, "climb_enabled": false, "climb_unlearned_shrunk_box_lanes": 0, "event": "wave", "frontier": 438, "native_wave_index": 0, "nodes": 5497, "t": 34.270623583346605, "terminal_input_split_lanes": 0, "terminal_lp_calls": 0, "terminal_lp_certified_lanes": 0, "terminal_lp_failed_lanes": 0, "terminal_lp_falsified_lanes": 0, "terminal_lp_skipped_lanes": 0, "terminal_lp_time_ms": 0, "wave": 29}
CLIMB_TRACE {"K": 256, "climb_enabled": false, "climb_unlearned_shrunk_box_lanes": 0, "event": "wave", "frontier": 422, "native_wave_index": 0, "nodes": 5753, "t": 35.483703600242734, "terminal_input_split_lanes": 0, "terminal_lp_calls": 0, "terminal_lp_certified_lanes": 0, "terminal_lp_failed_lanes": 0, "terminal_lp_falsified_lanes": 0, "terminal_lp_skipped_lanes": 0, "terminal_lp_time_ms": 0, "wave": 30}
CLIMB_TRACE {"K": 256, "climb_enabled": false, "climb_unlearned_shrunk_box_lanes": 0, "event": "wave", "frontier": 398, "native_wave_index": 0, "nodes": 6009, "t": 36.70541560091078, "terminal_input_split_lanes": 0, "terminal_lp_calls": 0, "terminal_lp_certified_lanes": 0, "terminal_lp_failed_lanes": 0, "terminal_lp_falsified_lanes": 0, "terminal_lp_skipped_lanes": 0, "terminal_lp_time_ms": 0, "wave": 31}
CLIMB_TRACE {"K": 256, "climb_enabled": false, "climb_unlearned_shrunk_box_lanes": 0, "event": "wave", "frontier": 388, "native_wave_index": 0, "nodes": 6265, "t": 37.919515024870634, "terminal_input_split_lanes": 0, "terminal_lp_calls": 0, "terminal_lp_certified_lanes": 0, "terminal_lp_failed_lanes": 0, "terminal_lp_falsified_lanes": 0, "terminal_lp_skipped_lanes": 0, "terminal_lp_time_ms": 0, "wave": 32}
CLIMB_TRACE {"K": 256, "climb_enabled": false, "climb_unlearned_shrunk_box_lanes": 0, "event": "wave", "frontier": 366, "native_wave_index": 0, "nodes": 6521, "t": 39.14987980015576, "terminal_input_split_lanes": 0, "terminal_lp_calls": 0, "terminal_lp_certified_lanes": 0, "terminal_lp_failed_lanes": 0, "terminal_lp_falsified_lanes": 0, "terminal_lp_skipped_lanes": 0, "terminal_lp_time_ms": 0, "wave": 33}
CLIMB_TRACE {"K": 256, "climb_enabled": false, "climb_unlearned_shrunk_box_lanes": 0, "event": "wave", "frontier": 376, "native_wave_index": 0, "nodes": 6777, "t": 40.380756348371506, "terminal_input_split_lanes": 0, "terminal_lp_calls": 0, "terminal_lp_certified_lanes": 0, "terminal_lp_failed_lanes": 0, "terminal_lp_falsified_lanes": 0, "terminal_lp_skipped_lanes": 0, "terminal_lp_time_ms": 0, "wave": 34}
CLIMB_TRACE {"K": 256, "climb_enabled": false, "climb_unlearned_shrunk_box_lanes": 0, "event": "wave", "frontier": 332, "native_wave_index": 0, "nodes": 7033, "t": 41.5927268024534, "terminal_input_split_lanes": 0, "terminal_lp_calls": 0, "terminal_lp_certified_lanes": 0, "terminal_lp_failed_lanes": 0, "terminal_lp_falsified_lanes": 0, "terminal_lp_skipped_lanes": 0, "terminal_lp_time_ms": 0, "wave": 35}
CLIMB_TRACE {"K": 256, "climb_enabled": false, "climb_unlearned_shrunk_box_lanes": 0, "event": "wave", "frontier": 324, "native_wave_index": 0, "nodes": 7289, "t": 42.810566084459424, "terminal_input_split_lanes": 0, "terminal_lp_calls": 0, "terminal_lp_certified_lanes": 0, "terminal_lp_failed_lanes": 0, "terminal_lp_falsified_lanes": 0, "terminal_lp_skipped_lanes": 0, "terminal_lp_time_ms": 0, "wave": 36}
CLIMB_TRACE {"K": 256, "climb_enabled": false, "climb_unlearned_shrunk_box_lanes": 0, "event": "wave", "frontier": 304, "native_wave_index": 0, "nodes": 7545, "t": 44.04180421307683, "terminal_input_split_lanes": 0, "terminal_lp_calls": 0, "terminal_lp_certified_lanes": 0, "terminal_lp_failed_lanes": 0, "terminal_lp_falsified_lanes": 0, "terminal_lp_skipped_lanes": 0, "terminal_lp_time_ms": 0, "wave": 37}
CLIMB_TRACE {"K": 256, "climb_enabled": false, "climb_unlearned_shrunk_box_lanes": 0, "event": "wave", "frontier": 296, "native_wave_index": 0, "nodes": 7801, "t": 45.25676589272916, "terminal_input_split_lanes": 0, "terminal_lp_calls": 0, "terminal_lp_certified_lanes": 0, "terminal_lp_failed_lanes": 0, "terminal_lp_falsified_lanes": 0, "terminal_lp_skipped_lanes": 0, "terminal_lp_time_ms": 0, "wave": 38}
CLIMB_TRACE {"K": 256, "climb_enabled": false, "climb_unlearned_shrunk_box_lanes": 0, "event": "wave", "frontier": 292, "native_wave_index": 0, "nodes": 8057, "t": 46.47746812365949, "terminal_input_split_lanes": 0, "terminal_lp_calls": 0, "terminal_lp_certified_lanes": 0, "terminal_lp_failed_lanes": 0, "terminal_lp_falsified_lanes": 0, "terminal_lp_skipped_lanes": 0, "terminal_lp_time_ms": 0, "wave": 39}
CLIMB_TRACE {"K": 256, "climb_enabled": false, "climb_unlearned_shrunk_box_lanes": 0, "event": "wave", "frontier": 322, "native_wave_index": 0, "nodes": 8313, "t": 47.729469360783696, "terminal_input_split_lanes": 0, "terminal_lp_calls": 0, "terminal_lp_certified_lanes": 0, "terminal_lp_failed_lanes": 0, "terminal_lp_falsified_lanes": 0, "terminal_lp_skipped_lanes": 0, "terminal_lp_time_ms": 0, "wave": 40}
CLIMB_TRACE {"K": 256, "climb_enabled": false, "climb_unlearned_shrunk_box_lanes": 0, "event": "wave", "frontier": 306, "native_wave_index": 0, "nodes": 8569, "t": 48.94301321730018, "terminal_input_split_lanes": 0, "terminal_lp_calls": 0, "terminal_lp_certified_lanes": 0, "terminal_lp_failed_lanes": 0, "terminal_lp_falsified_lanes": 0, "terminal_lp_skipped_lanes": 0, "terminal_lp_time_ms": 0, "wave": 41}
CLIMB_TRACE {"K": 256, "climb_enabled": false, "climb_unlearned_shrunk_box_lanes": 0, "event": "wave", "frontier": 298, "native_wave_index": 0, "nodes": 8825, "t": 50.177186001092196, "terminal_input_split_lanes": 0, "terminal_lp_calls": 0, "terminal_lp_certified_lanes": 0, "terminal_lp_failed_lanes": 0, "terminal_lp_falsified_lanes": 0, "terminal_lp_skipped_lanes": 0, "terminal_lp_time_ms": 0, "wave": 42}
CLIMB_TRACE {"K": 256, "climb_enabled": false, "climb_unlearned_shrunk_box_lanes": 0, "event": "wave", "frontier": 288, "native_wave_index": 0, "nodes": 9081, "t": 51.393563248217106, "terminal_input_split_lanes": 0, "terminal_lp_calls": 0, "terminal_lp_certified_lanes": 0, "terminal_lp_failed_lanes": 0, "terminal_lp_falsified_lanes": 0, "terminal_lp_skipped_lanes": 0, "terminal_lp_time_ms": 0, "wave": 43}
CLIMB_TRACE {"K": 256, "climb_enabled": false, "climb_unlearned_shrunk_box_lanes": 0, "event": "wave", "frontier": 294, "native_wave_index": 0, "nodes": 9337, "t": 52.63019656948745, "terminal_input_split_lanes": 0, "terminal_lp_calls": 0, "terminal_lp_certified_lanes": 0, "terminal_lp_failed_lanes": 0, "terminal_lp_falsified_lanes": 0, "terminal_lp_skipped_lanes": 0, "terminal_lp_time_ms": 0, "wave": 44}
CLIMB_TRACE {"K": 256, "climb_enabled": false, "climb_unlearned_shrunk_box_lanes": 0, "event": "wave", "frontier": 260, "native_wave_index": 0, "nodes": 9593, "t": 53.84908696077764, "terminal_input_split_lanes": 0, "terminal_lp_calls": 0, "terminal_lp_certified_lanes": 0, "terminal_lp_failed_lanes": 0, "terminal_lp_falsified_lanes": 0, "terminal_lp_skipped_lanes": 0, "terminal_lp_time_ms": 0, "wave": 45}
CLIMB_TRACE {"K": 256, "climb_enabled": false, "climb_unlearned_shrunk_box_lanes": 0, "event": "wave", "frontier": 248, "native_wave_index": 0, "nodes": 9849, "t": 55.064081041142344, "terminal_input_split_lanes": 0, "terminal_lp_calls": 0, "terminal_lp_certified_lanes": 0, "terminal_lp_failed_lanes": 0, "terminal_lp_falsified_lanes": 0, "terminal_lp_skipped_lanes": 0, "terminal_lp_time_ms": 0, "wave": 46}
CLIMB_TRACE {"K": 248, "climb_enabled": false, "climb_unlearned_shrunk_box_lanes": 0, "event": "wave", "frontier": 234, "native_wave_index": 0, "nodes": 10097, "t": 56.27737350575626, "terminal_input_split_lanes": 0, "terminal_lp_calls": 0, "terminal_lp_certified_lanes": 0, "terminal_lp_failed_lanes": 0, "terminal_lp_falsified_lanes": 0, "terminal_lp_skipped_lanes": 0, "terminal_lp_time_ms": 0, "wave": 47}
CLIMB_TRACE {"K": 234, "climb_enabled": false, "climb_unlearned_shrunk_box_lanes": 0, "event": "wave", "frontier": 220, "native_wave_index": 0, "nodes": 10331, "t": 57.430140318349004, "terminal_input_split_lanes": 0, "terminal_lp_calls": 0, "terminal_lp_certified_lanes": 0, "terminal_lp_failed_lanes": 0, "terminal_lp_falsified_lanes": 0, "terminal_lp_skipped_lanes": 0, "terminal_lp_time_ms": 0, "wave": 48}
CLIMB_TRACE {"K": 220, "climb_enabled": false, "climb_unlearned_shrunk_box_lanes": 0, "event": "wave", "frontier": 224, "native_wave_index": 0, "nodes": 10551, "t": 58.53170560859144, "terminal_input_split_lanes": 0, "terminal_lp_calls": 0, "terminal_lp_certified_lanes": 0, "terminal_lp_failed_lanes": 0, "terminal_lp_falsified_lanes": 0, "terminal_lp_skipped_lanes": 0, "terminal_lp_time_ms": 0, "wave": 49}
CLIMB_TRACE {"K": 224, "climb_enabled": false, "climb_unlearned_shrunk_box_lanes": 0, "event": "wave", "frontier": 246, "native_wave_index": 0, "nodes": 10775, "t": 59.64135486073792, "terminal_input_split_lanes": 0, "terminal_lp_calls": 0, "terminal_lp_certified_lanes": 0, "terminal_lp_failed_lanes": 0, "terminal_lp_falsified_lanes": 0, "terminal_lp_skipped_lanes": 0, "terminal_lp_time_ms": 0, "wave": 50}
CLIMB_TRACE {"K": 246, "climb_enabled": false, "climb_unlearned_shrunk_box_lanes": 0, "event": "wave", "frontier": 232, "native_wave_index": 0, "nodes": 11021, "t": 60.84785370528698, "terminal_input_split_lanes": 0, "terminal_lp_calls": 0, "terminal_lp_certified_lanes": 0, "terminal_lp_failed_lanes": 0, "terminal_lp_falsified_lanes": 0, "terminal_lp_skipped_lanes": 0, "terminal_lp_time_ms": 0, "wave": 51}
CLIMB_TRACE {"K": 232, "climb_enabled": false, "climb_unlearned_shrunk_box_lanes": 0, "event": "wave", "frontier": 210, "native_wave_index": 0, "nodes": 11253, "t": 61.98395835608244, "terminal_input_split_lanes": 0, "terminal_lp_calls": 0, "terminal_lp_certified_lanes": 0, "terminal_lp_failed_lanes": 0, "terminal_lp_falsified_lanes": 0, "terminal_lp_skipped_lanes": 0, "terminal_lp_time_ms": 0, "wave": 52}
CLIMB_TRACE {"K": 210, "climb_enabled": false, "climb_unlearned_shrunk_box_lanes": 0, "event": "wave", "frontier": 176, "native_wave_index": 0, "nodes": 11463, "t": 63.009480860084295, "terminal_input_split_lanes": 0, "terminal_lp_calls": 0, "terminal_lp_certified_lanes": 0, "terminal_lp_failed_lanes": 0, "terminal_lp_falsified_lanes": 0, "terminal_lp_skipped_lanes": 0, "terminal_lp_time_ms": 0, "wave": 53}
CLIMB_TRACE {"K": 176, "climb_enabled": false, "climb_unlearned_shrunk_box_lanes": 0, "event": "wave", "frontier": 156, "native_wave_index": 0, "nodes": 11639, "t": 63.88432290405035, "terminal_input_split_lanes": 0, "terminal_lp_calls": 0, "terminal_lp_certified_lanes": 0, "terminal_lp_failed_lanes": 0, "terminal_lp_falsified_lanes": 0, "terminal_lp_skipped_lanes": 0, "terminal_lp_time_ms": 0, "wave": 54}
CLIMB_TRACE {"K": 156, "climb_enabled": false, "climb_unlearned_shrunk_box_lanes": 0, "event": "wave", "frontier": 128, "native_wave_index": 0, "nodes": 11795, "t": 64.6741968691349, "terminal_input_split_lanes": 0, "terminal_lp_calls": 0, "terminal_lp_certified_lanes": 0, "terminal_lp_failed_lanes": 0, "terminal_lp_falsified_lanes": 0, "terminal_lp_skipped_lanes": 0, "terminal_lp_time_ms": 0, "wave": 55}
CLIMB_TRACE {"K": 128, "climb_enabled": false, "climb_unlearned_shrunk_box_lanes": 0, "event": "wave", "frontier": 112, "native_wave_index": 0, "nodes": 11923, "t": 65.36122247762978, "terminal_input_split_lanes": 0, "terminal_lp_calls": 0, "terminal_lp_certified_lanes": 0, "terminal_lp_failed_lanes": 0, "terminal_lp_falsified_lanes": 0, "terminal_lp_skipped_lanes": 0, "terminal_lp_time_ms": 0, "wave": 56}
CLIMB_TRACE {"K": 112, "climb_enabled": false, "climb_unlearned_shrunk_box_lanes": 0, "event": "wave", "frontier": 102, "native_wave_index": 0, "nodes": 12035, "t": 66.00231208652258, "terminal_input_split_lanes": 0, "terminal_lp_calls": 0, "terminal_lp_certified_lanes": 0, "terminal_lp_failed_lanes": 0, "terminal_lp_falsified_lanes": 0, "terminal_lp_skipped_lanes": 0, "terminal_lp_time_ms": 0, "wave": 57}
CLIMB_TRACE {"K": 102, "climb_enabled": false, "climb_unlearned_shrunk_box_lanes": 0, "event": "wave", "frontier": 98, "native_wave_index": 0, "nodes": 12137, "t": 66.61876181699336, "terminal_input_split_lanes": 0, "terminal_lp_calls": 0, "terminal_lp_certified_lanes": 0, "terminal_lp_failed_lanes": 0, "terminal_lp_falsified_lanes": 0, "terminal_lp_skipped_lanes": 0, "terminal_lp_time_ms": 0, "wave": 58}
CLIMB_TRACE {"K": 98, "climb_enabled": false, "climb_unlearned_shrunk_box_lanes": 0, "event": "wave", "frontier": 76, "native_wave_index": 0, "nodes": 12235, "t": 67.21188732609153, "terminal_input_split_lanes": 0, "terminal_lp_calls": 0, "terminal_lp_certified_lanes": 0, "terminal_lp_failed_lanes": 0, "terminal_lp_falsified_lanes": 0, "terminal_lp_skipped_lanes": 0, "terminal_lp_time_ms": 0, "wave": 59}
CLIMB_TRACE {"K": 76, "climb_enabled": false, "climb_unlearned_shrunk_box_lanes": 0, "event": "wave", "frontier": 54, "native_wave_index": 0, "nodes": 12311, "t": 67.74677862599492, "terminal_input_split_lanes": 0, "terminal_lp_calls": 0, "terminal_lp_certified_lanes": 0, "terminal_lp_failed_lanes": 0, "terminal_lp_falsified_lanes": 0, "terminal_lp_skipped_lanes": 0, "terminal_lp_time_ms": 0, "wave": 60}
CLIMB_TRACE {"K": 54, "climb_enabled": false, "climb_unlearned_shrunk_box_lanes": 0, "event": "wave", "frontier": 36, "native_wave_index": 0, "nodes": 12365, "t": 68.21925426460803, "terminal_input_split_lanes": 0, "terminal_lp_calls": 0, "terminal_lp_certified_lanes": 0, "terminal_lp_failed_lanes": 0, "terminal_lp_falsified_lanes": 0, "terminal_lp_skipped_lanes": 0, "terminal_lp_time_ms": 0, "wave": 61}
CLIMB_TRACE {"K": 36, "climb_enabled": false, "climb_unlearned_shrunk_box_lanes": 0, "event": "wave", "frontier": 28, "native_wave_index": 0, "nodes": 12401, "t": 68.64623607136309, "terminal_input_split_lanes": 0, "terminal_lp_calls": 0, "terminal_lp_certified_lanes": 0, "terminal_lp_failed_lanes": 0, "terminal_lp_falsified_lanes": 0, "terminal_lp_skipped_lanes": 0, "terminal_lp_time_ms": 0, "wave": 62}
CLIMB_TRACE {"K": 28, "climb_enabled": false, "climb_unlearned_shrunk_box_lanes": 0, "event": "wave", "frontier": 22, "native_wave_index": 0, "nodes": 12429, "t": 69.05794096924365, "terminal_input_split_lanes": 0, "terminal_lp_calls": 0, "terminal_lp_certified_lanes": 0, "terminal_lp_failed_lanes": 0, "terminal_lp_falsified_lanes": 0, "terminal_lp_skipped_lanes": 0, "terminal_lp_time_ms": 0, "wave": 63}
CLIMB_TRACE {"K": 22, "climb_enabled": false, "climb_unlearned_shrunk_box_lanes": 0, "event": "wave", "frontier": 24, "native_wave_index": 0, "nodes": 12451, "t": 69.4535563737154, "terminal_input_split_lanes": 0, "terminal_lp_calls": 0, "terminal_lp_certified_lanes": 0, "terminal_lp_failed_lanes": 0, "terminal_lp_falsified_lanes": 0, "terminal_lp_skipped_lanes": 0, "terminal_lp_time_ms": 0, "wave": 64}
CLIMB_TRACE {"K": 24, "climb_enabled": false, "climb_unlearned_shrunk_box_lanes": 0, "event": "wave", "frontier": 20, "native_wave_index": 0, "nodes": 12475, "t": 69.84425386600196, "terminal_input_split_lanes": 0, "terminal_lp_calls": 0, "terminal_lp_certified_lanes": 0, "terminal_lp_failed_lanes": 0, "terminal_lp_falsified_lanes": 0, "terminal_lp_skipped_lanes": 0, "terminal_lp_time_ms": 0, "wave": 65}
CLIMB_TRACE {"K": 20, "climb_enabled": false, "climb_unlearned_shrunk_box_lanes": 0, "event": "wave", "frontier": 18, "native_wave_index": 0, "nodes": 12495, "t": 70.23140827380121, "terminal_input_split_lanes": 0, "terminal_lp_calls": 0, "terminal_lp_certified_lanes": 0, "terminal_lp_failed_lanes": 0, "terminal_lp_falsified_lanes": 0, "terminal_lp_skipped_lanes": 0, "terminal_lp_time_ms": 0, "wave": 66}
CLIMB_TRACE {"K": 18, "climb_enabled": false, "climb_unlearned_shrunk_box_lanes": 0, "event": "wave", "frontier": 14, "native_wave_index": 0, "nodes": 12513, "t": 70.61890229769051, "terminal_input_split_lanes": 0, "terminal_lp_calls": 0, "terminal_lp_certified_lanes": 0, "terminal_lp_failed_lanes": 0, "terminal_lp_falsified_lanes": 0, "terminal_lp_skipped_lanes": 0, "terminal_lp_time_ms": 0, "wave": 67}
CLIMB_TRACE {"K": 14, "climb_enabled": false, "climb_unlearned_shrunk_box_lanes": 0, "event": "wave", "frontier": 12, "native_wave_index": 0, "nodes": 12527, "t": 70.99483615346253, "terminal_input_split_lanes": 0, "terminal_lp_calls": 0, "terminal_lp_certified_lanes": 0, "terminal_lp_failed_lanes": 0, "terminal_lp_falsified_lanes": 0, "terminal_lp_skipped_lanes": 0, "terminal_lp_time_ms": 0, "wave": 68}
CLIMB_TRACE {"K": 12, "climb_enabled": false, "climb_unlearned_shrunk_box_lanes": 0, "event": "wave", "frontier": 8, "native_wave_index": 0, "nodes": 12539, "t": 71.3660742547363, "terminal_input_split_lanes": 0, "terminal_lp_calls": 0, "terminal_lp_certified_lanes": 0, "terminal_lp_failed_lanes": 0, "terminal_lp_falsified_lanes": 0, "terminal_lp_skipped_lanes": 0, "terminal_lp_time_ms": 0, "wave": 69}
CLIMB_TRACE {"K": 8, "climb_enabled": false, "climb_unlearned_shrunk_box_lanes": 0, "event": "wave", "frontier": 8, "native_wave_index": 0, "nodes": 12547, "t": 71.74357851222157, "terminal_input_split_lanes": 0, "terminal_lp_calls": 0, "terminal_lp_certified_lanes": 0, "terminal_lp_failed_lanes": 0, "terminal_lp_falsified_lanes": 0, "terminal_lp_skipped_lanes": 0, "terminal_lp_time_ms": 0, "wave": 70}
CLIMB_TRACE {"K": 8, "climb_enabled": false, "climb_unlearned_shrunk_box_lanes": 0, "event": "wave", "frontier": 4, "native_wave_index": 0, "nodes": 12555, "t": 72.1157842464745, "terminal_input_split_lanes": 0, "terminal_lp_calls": 0, "terminal_lp_certified_lanes": 0, "terminal_lp_failed_lanes": 0, "terminal_lp_falsified_lanes": 0, "terminal_lp_skipped_lanes": 0, "terminal_lp_time_ms": 0, "wave": 71}
CLIMB_TRACE {"K": 4, "climb_enabled": false, "climb_unlearned_shrunk_box_lanes": 0, "event": "wave", "frontier": 4, "native_wave_index": 0, "nodes": 12559, "t": 72.49892485700548, "terminal_input_split_lanes": 0, "terminal_lp_calls": 0, "terminal_lp_certified_lanes": 0, "terminal_lp_failed_lanes": 0, "terminal_lp_falsified_lanes": 0, "terminal_lp_skipped_lanes": 0, "terminal_lp_time_ms": 0, "wave": 72}
CLIMB_TRACE {"K": 4, "climb_enabled": false, "climb_unlearned_shrunk_box_lanes": 0, "event": "wave", "frontier": 0, "native_wave_index": 0, "nodes": 12563, "t": 72.53091532923281, "terminal_input_split_lanes": 0, "terminal_lp_calls": 0, "terminal_lp_certified_lanes": 0, "terminal_lp_failed_lanes": 0, "terminal_lp_falsified_lanes": 0, "terminal_lp_skipped_lanes": 0, "terminal_lp_time_ms": 0, "wave": 73}
CLIMB_TRACE_FINAL {"alpha_per_row_waves": 73, "alpha_shared_waves": 0, "any_dropped_frontier_cap": false, "bounding_top_k_effective": 0, "exhausted_budget_nodes": false, "exhausted_budget_time": false, "frontier_bytes_peak": 742996560, "frontier_cold_pops": 0, "frontier_evicted_nodes": 0, "frontier_nodes_peak": 510, "frontier_offload_events": 0, "frontier_warmstart_dropped_nodes": 0, "frontier_wave_k_caps": 0, "multi_split_clamped_wave_count": 0, "multi_split_k_requested": 1, "multi_split_k_used": 1, "multi_split_lane_starved_count": 0, "multi_split_wave_count": 0, "nodes": 12563, "nodes_minted": 0, "pool_remaining": 0, "spec_rows_kept": 2, "whole_batch_fallback_count": 0}
CLIMB_TRACE {"K": 4, "climb_enabled": false, "climb_unlearned_shrunk_box_lanes": 0, "event": "final", "frontier": 0, "native_wave_index": 0, "nodes": 12563, "status": "VerifyStatus.CERTIFIED", "t": 72.53111656196415, "terminal_input_split_lanes": 0, "terminal_lp_calls": 0, "terminal_lp_certified_lanes": 0, "terminal_lp_failed_lanes": 0, "terminal_lp_falsified_lanes": 0, "terminal_lp_skipped_lanes": 0, "terminal_lp_time_ms": 0, "wave": 73}
FSE_VERIFY_TIME: 73.442860708
FSE_TIMEOUT_CLOCK_TIME: 73.586864388
Loaded 43-layer net; solver=dual
Lane 0: VerifyStatus.CERTIFIED
  nodes: 12563
  spec_rows_kept: 2
  pool_remaining: 0
  exhausted_budget_time: False
  exhausted_budget_nodes: False
  nodes_minted: 0
  any_dropped_frontier_cap: False
  multi_split_k_requested: 1
  multi_split_k_used: 1
  multi_split_wave_count: 0
  multi_split_clamped_wave_count: 0
  multi_split_lane_starved_count: 0
  alpha_shared_waves: 0
  alpha_per_row_waves: 73
  whole_batch_fallback_count: 0
  bounding_top_k_effective: 0
  frontier_bytes_peak: 742996560
  frontier_nodes_peak: 510
  frontier_offload_events: 0
  frontier_warmstart_dropped_nodes: 0
  frontier_wave_k_caps: 0
  frontier_evicted_nodes: 0
  frontier_cold_pops: 0
QV_GPU_PEAK: allocated_mib=18899.6 reserved_mib=21358.0
