COMMAND: fse2026/scripts/act_trace_pyhook.sh -m act.back_end --verify --onnx data/vnncomp2026/tinyimagenet_2024/2.0/onnx/TinyImageNet_resnet_medium.onnx --vnnlib data/vnncomp2026/tinyimagenet_2024/2.0/vnnlib/TinyImageNet_resnet_medium_prop_idx_4312_sidx_1349_eps_0.0039.vnnlib --solver dual --bab --device cuda --verbose --dual-stagnation-patience 10 --dual-stop-when-verified --bab-presolve-time-fraction 0.3 --bab-child-n-iters 10 --bab-max-batch-size auto --dtype float32 --bab-preset climb_split_lin --bab-branching fsb --bab-max-batch-size 256 --no-bab-climb-enabled --bab-max-subproblems 1000000000000 --bab-max-depth 1000000000 --timeout 300.0
[ACT] Auto-detecting project root: .
[WARN] Gurobi license not found: modules/gurobi/gurobi.lic
[INFO] Please place gurobi.lic in: modules/gurobi
CLIMB_TRACE_HOOK function=act.back_end.bab.bab.verify_bab_batched boundary=1396 popped=1433
✅ Device Manager Initialized: device=cuda:0, dtype=torch.float32, tf32=off
Resolved BaBConfig: {"alpha_mode": "fixed", "alpha_opt_steps": 1000, "auto_batch_cap": 2048, "auto_batch_floor": 8, "auto_batch_safety": 0.55, "baf": true, "bounding": "depth_bound_blend", "bounding_bound_weight": 0.5, "bounding_depth_weight": 0.5, "branching_method": "fsb", "child_n_iters": 10, "climb_coarsening_enabled": true, "climb_complement_bounding": false, "climb_delta_abs": 1e-09, "climb_delta_rel": 1e-07, "climb_enabled": false, "climb_lin_support_refinement": false, "climb_max_cores": 1024, "climb_merge_enabled": true, "climb_presplit_propagation_enabled": true, "climb_propagate_core_chunk": 4096, "climb_propagation_enabled": true, "climb_recheck_k": 0, "climb_steer": false, "climb_terminal_cores": true, "climb_theta": 0.0, "eps": 1e-05, "eta_only_children": false, "frontier_cap": 0, "frontier_mem_safety": 0.6, "frontier_offload": true, "input_split_fanout": 2, "intermediate_refine": "all", "intermediate_refine_max_tensor_mib": 1024.0, "intermediate_refine_ratio": 10.0, "k": 1, "llm_probe_api_key_env": "", "llm_probe_backend": "mock", "llm_probe_base_url": "", "llm_probe_cadence": 1, "llm_probe_decisions": "split,frontier,refine", "llm_probe_enabled": false, "llm_probe_history": 8, "llm_probe_log": false, "llm_probe_max_candidates": 8, "llm_probe_max_candidates_total": 1024, "llm_probe_max_failures": 3, "llm_probe_model": "", "llm_probe_neuron_topk": 512, "llm_probe_temperature": 0.0, "llm_probe_timeout": 30.0, "max_depth": 1000000000, "max_eps": 0.01, "max_nodes": 1000000000000, "mcts_exploration": 1.0, "mcts_lambda": 0.5, "mcts_virtual_loss": 1.0, "method": null, "multi_split_levels": 1, "num_verify_iters": 5, "p": 2.0, "per_subproblem_refine": "none", "per_subproblem_refine_iters": 0, "per_subproblem_refine_rows_cap": 64, "perturbed_words": 1, "presolve_time_fraction": 0.3, "presplit_levels": 0, "provenance_enabled": false, "root_bounds_reuse": "split_refresh_linear", "sa_cooling_rate": 0.99, "solver_tier": "dual_alpha_eta", "top_k": 0, "verbose": false}

🧬 Synthesizing models from 1 spec result(s)...

🎉 Synthesis Complete:
   Total specs: 1
   Wrapped models: 1
INFO:act.config.backend_cli:Built 43-layer VNN-COMP net in 0.13 s
WARNING:act.back_end.dual_tf.tf_forward:forward linear bound 3.27 GiB persistent pair exceeds deterministic 1.00 GiB cap for [1, 46656, 9408]; falling back to interval for this layer
INFO:act.config.backend_cli:BaB budget 298.95 s of --timeout 300.00 s (1.05 s spent before BaB)
INFO:act.back_end.solver.solver_dual:Intermediate refinement layer=3 lanes=1 rows=1374 width=46656 estimate=244.542 MiB cap=1024.000 MiB action=refined
INFO:act.back_end.solver.solver_dual:Intermediate refinement layer=5 lanes=1 rows=1160 width=46656 estimate=206.455 MiB cap=1024.000 MiB action=refined
INFO:act.back_end.solver.solver_dual:Intermediate refinement layer=10 lanes=1 rows=1202 width=46656 estimate=213.930 MiB cap=1024.000 MiB action=refined
INFO:act.back_end.solver.solver_dual:Intermediate refinement layer=14 lanes=1 rows=22 width=46656 estimate=3.916 MiB cap=1024.000 MiB action=refined
INFO:act.back_end.solver.solver_dual:Intermediate refinement layer=18 lanes=1 rows=66 width=46656 estimate=11.747 MiB cap=1024.000 MiB action=refined
INFO:act.back_end.solver.solver_dual:Intermediate refinement layer=22 lanes=1 rows=494 width=46656 estimate=87.921 MiB cap=1024.000 MiB action=refined
INFO:act.back_end.solver.solver_dual:Intermediate refinement layer=40 lanes=1 rows=400 width=46656 estimate=71.191 MiB cap=1024.000 MiB action=refined
WARNING:act.back_end.solver.solver_dual:incremental alpha state 130.794 MiB exceeds 32.000 MiB per-lane cap for lanes=1; discarding warm start
CLIMB_TRACE {"K": 0, "climb_enabled": false, "climb_unlearned_shrunk_box_lanes": 0, "event": "initial", "frontier": 1, "native_wave_index": 0, "nodes": 0, "t": 5.352440606802702, "terminal_input_split_lanes": 0, "terminal_lp_calls": 0, "terminal_lp_certified_lanes": 0, "terminal_lp_failed_lanes": 0, "terminal_lp_falsified_lanes": 0, "terminal_lp_skipped_lanes": 0, "terminal_lp_time_ms": 0, "wave": 0}
INFO:act.pipeline.verification.act2torch:Reconstructed VerifiableModel: body has 40 layer(s), inner_model type=ActGraphModule, INPUT_SPEC=1, BN_fused=0.
CLIMB_TRACE {"K": 1, "climb_enabled": false, "climb_unlearned_shrunk_box_lanes": 0, "event": "wave", "frontier": 2, "native_wave_index": 0, "nodes": 1, "t": 6.3747350461781025, "terminal_input_split_lanes": 0, "terminal_lp_calls": 0, "terminal_lp_certified_lanes": 0, "terminal_lp_failed_lanes": 0, "terminal_lp_falsified_lanes": 0, "terminal_lp_skipped_lanes": 0, "terminal_lp_time_ms": 0, "wave": 1}
CLIMB_TRACE {"K": 2, "climb_enabled": false, "climb_unlearned_shrunk_box_lanes": 0, "event": "wave", "frontier": 4, "native_wave_index": 0, "nodes": 3, "t": 6.845180403441191, "terminal_input_split_lanes": 0, "terminal_lp_calls": 0, "terminal_lp_certified_lanes": 0, "terminal_lp_failed_lanes": 0, "terminal_lp_falsified_lanes": 0, "terminal_lp_skipped_lanes": 0, "terminal_lp_time_ms": 0, "wave": 2}
CLIMB_TRACE {"K": 4, "climb_enabled": false, "climb_unlearned_shrunk_box_lanes": 0, "event": "wave", "frontier": 8, "native_wave_index": 0, "nodes": 7, "t": 7.312848899513483, "terminal_input_split_lanes": 0, "terminal_lp_calls": 0, "terminal_lp_certified_lanes": 0, "terminal_lp_failed_lanes": 0, "terminal_lp_falsified_lanes": 0, "terminal_lp_skipped_lanes": 0, "terminal_lp_time_ms": 0, "wave": 3}
CLIMB_TRACE {"K": 8, "climb_enabled": false, "climb_unlearned_shrunk_box_lanes": 0, "event": "wave", "frontier": 16, "native_wave_index": 0, "nodes": 15, "t": 7.780185718089342, "terminal_input_split_lanes": 0, "terminal_lp_calls": 0, "terminal_lp_certified_lanes": 0, "terminal_lp_failed_lanes": 0, "terminal_lp_falsified_lanes": 0, "terminal_lp_skipped_lanes": 0, "terminal_lp_time_ms": 0, "wave": 4}
CLIMB_TRACE {"K": 16, "climb_enabled": false, "climb_unlearned_shrunk_box_lanes": 0, "event": "wave", "frontier": 22, "native_wave_index": 0, "nodes": 31, "t": 8.207640351727605, "terminal_input_split_lanes": 0, "terminal_lp_calls": 0, "terminal_lp_certified_lanes": 0, "terminal_lp_failed_lanes": 0, "terminal_lp_falsified_lanes": 0, "terminal_lp_skipped_lanes": 0, "terminal_lp_time_ms": 0, "wave": 5}
CLIMB_TRACE {"K": 22, "climb_enabled": false, "climb_unlearned_shrunk_box_lanes": 0, "event": "wave", "frontier": 22, "native_wave_index": 0, "nodes": 53, "t": 8.616324255242944, "terminal_input_split_lanes": 0, "terminal_lp_calls": 0, "terminal_lp_certified_lanes": 0, "terminal_lp_failed_lanes": 0, "terminal_lp_falsified_lanes": 0, "terminal_lp_skipped_lanes": 0, "terminal_lp_time_ms": 0, "wave": 6}
CLIMB_TRACE {"K": 22, "climb_enabled": false, "climb_unlearned_shrunk_box_lanes": 0, "event": "wave", "frontier": 30, "native_wave_index": 0, "nodes": 75, "t": 9.053495425730944, "terminal_input_split_lanes": 0, "terminal_lp_calls": 0, "terminal_lp_certified_lanes": 0, "terminal_lp_failed_lanes": 0, "terminal_lp_falsified_lanes": 0, "terminal_lp_skipped_lanes": 0, "terminal_lp_time_ms": 0, "wave": 7}
CLIMB_TRACE {"K": 30, "climb_enabled": false, "climb_unlearned_shrunk_box_lanes": 0, "event": "wave", "frontier": 42, "native_wave_index": 0, "nodes": 105, "t": 9.50173901207745, "terminal_input_split_lanes": 0, "terminal_lp_calls": 0, "terminal_lp_certified_lanes": 0, "terminal_lp_failed_lanes": 0, "terminal_lp_falsified_lanes": 0, "terminal_lp_skipped_lanes": 0, "terminal_lp_time_ms": 0, "wave": 8}
CLIMB_TRACE {"K": 42, "climb_enabled": false, "climb_unlearned_shrunk_box_lanes": 0, "event": "wave", "frontier": 60, "native_wave_index": 0, "nodes": 147, "t": 9.954902410507202, "terminal_input_split_lanes": 0, "terminal_lp_calls": 0, "terminal_lp_certified_lanes": 0, "terminal_lp_failed_lanes": 0, "terminal_lp_falsified_lanes": 0, "terminal_lp_skipped_lanes": 0, "terminal_lp_time_ms": 0, "wave": 9}
CLIMB_TRACE {"K": 60, "climb_enabled": false, "climb_unlearned_shrunk_box_lanes": 0, "event": "wave", "frontier": 74, "native_wave_index": 0, "nodes": 207, "t": 10.44804417155683, "terminal_input_split_lanes": 0, "terminal_lp_calls": 0, "terminal_lp_certified_lanes": 0, "terminal_lp_failed_lanes": 0, "terminal_lp_falsified_lanes": 0, "terminal_lp_skipped_lanes": 0, "terminal_lp_time_ms": 0, "wave": 10}
CLIMB_TRACE {"K": 74, "climb_enabled": false, "climb_unlearned_shrunk_box_lanes": 0, "event": "wave", "frontier": 90, "native_wave_index": 0, "nodes": 281, "t": 10.9624356161803, "terminal_input_split_lanes": 0, "terminal_lp_calls": 0, "terminal_lp_certified_lanes": 0, "terminal_lp_failed_lanes": 0, "terminal_lp_falsified_lanes": 0, "terminal_lp_skipped_lanes": 0, "terminal_lp_time_ms": 0, "wave": 11}
CLIMB_TRACE {"K": 90, "climb_enabled": false, "climb_unlearned_shrunk_box_lanes": 0, "event": "wave", "frontier": 106, "native_wave_index": 0, "nodes": 371, "t": 11.509070267900825, "terminal_input_split_lanes": 0, "terminal_lp_calls": 0, "terminal_lp_certified_lanes": 0, "terminal_lp_failed_lanes": 0, "terminal_lp_falsified_lanes": 0, "terminal_lp_skipped_lanes": 0, "terminal_lp_time_ms": 0, "wave": 12}
CLIMB_TRACE {"K": 106, "climb_enabled": false, "climb_unlearned_shrunk_box_lanes": 0, "event": "wave", "frontier": 128, "native_wave_index": 0, "nodes": 477, "t": 12.103803608566523, "terminal_input_split_lanes": 0, "terminal_lp_calls": 0, "terminal_lp_certified_lanes": 0, "terminal_lp_failed_lanes": 0, "terminal_lp_falsified_lanes": 0, "terminal_lp_skipped_lanes": 0, "terminal_lp_time_ms": 0, "wave": 13}
CLIMB_TRACE {"K": 128, "climb_enabled": false, "climb_unlearned_shrunk_box_lanes": 0, "event": "wave", "frontier": 154, "native_wave_index": 0, "nodes": 605, "t": 12.741670047864318, "terminal_input_split_lanes": 0, "terminal_lp_calls": 0, "terminal_lp_certified_lanes": 0, "terminal_lp_failed_lanes": 0, "terminal_lp_falsified_lanes": 0, "terminal_lp_skipped_lanes": 0, "terminal_lp_time_ms": 0, "wave": 14}
CLIMB_TRACE {"K": 154, "climb_enabled": false, "climb_unlearned_shrunk_box_lanes": 0, "event": "wave", "frontier": 166, "native_wave_index": 0, "nodes": 759, "t": 13.443053636699915, "terminal_input_split_lanes": 0, "terminal_lp_calls": 0, "terminal_lp_certified_lanes": 0, "terminal_lp_failed_lanes": 0, "terminal_lp_falsified_lanes": 0, "terminal_lp_skipped_lanes": 0, "terminal_lp_time_ms": 0, "wave": 15}
CLIMB_TRACE {"K": 166, "climb_enabled": false, "climb_unlearned_shrunk_box_lanes": 0, "event": "wave", "frontier": 182, "native_wave_index": 0, "nodes": 925, "t": 14.170364568009973, "terminal_input_split_lanes": 0, "terminal_lp_calls": 0, "terminal_lp_certified_lanes": 0, "terminal_lp_failed_lanes": 0, "terminal_lp_falsified_lanes": 0, "terminal_lp_skipped_lanes": 0, "terminal_lp_time_ms": 0, "wave": 16}
CLIMB_TRACE {"K": 182, "climb_enabled": false, "climb_unlearned_shrunk_box_lanes": 0, "event": "wave", "frontier": 200, "native_wave_index": 0, "nodes": 1107, "t": 14.950204337015748, "terminal_input_split_lanes": 0, "terminal_lp_calls": 0, "terminal_lp_certified_lanes": 0, "terminal_lp_failed_lanes": 0, "terminal_lp_falsified_lanes": 0, "terminal_lp_skipped_lanes": 0, "terminal_lp_time_ms": 0, "wave": 17}
CLIMB_TRACE {"K": 200, "climb_enabled": false, "climb_unlearned_shrunk_box_lanes": 0, "event": "wave", "frontier": 198, "native_wave_index": 0, "nodes": 1307, "t": 15.763108780607581, "terminal_input_split_lanes": 0, "terminal_lp_calls": 0, "terminal_lp_certified_lanes": 0, "terminal_lp_failed_lanes": 0, "terminal_lp_falsified_lanes": 0, "terminal_lp_skipped_lanes": 0, "terminal_lp_time_ms": 0, "wave": 18}
CLIMB_TRACE {"K": 198, "climb_enabled": false, "climb_unlearned_shrunk_box_lanes": 0, "event": "wave", "frontier": 192, "native_wave_index": 0, "nodes": 1505, "t": 16.55349500477314, "terminal_input_split_lanes": 0, "terminal_lp_calls": 0, "terminal_lp_certified_lanes": 0, "terminal_lp_failed_lanes": 0, "terminal_lp_falsified_lanes": 0, "terminal_lp_skipped_lanes": 0, "terminal_lp_time_ms": 0, "wave": 19}
CLIMB_TRACE {"K": 192, "climb_enabled": false, "climb_unlearned_shrunk_box_lanes": 0, "event": "wave", "frontier": 182, "native_wave_index": 0, "nodes": 1697, "t": 17.316852128133178, "terminal_input_split_lanes": 0, "terminal_lp_calls": 0, "terminal_lp_certified_lanes": 0, "terminal_lp_failed_lanes": 0, "terminal_lp_falsified_lanes": 0, "terminal_lp_skipped_lanes": 0, "terminal_lp_time_ms": 0, "wave": 20}
CLIMB_TRACE {"K": 182, "climb_enabled": false, "climb_unlearned_shrunk_box_lanes": 0, "event": "wave", "frontier": 170, "native_wave_index": 0, "nodes": 1879, "t": 18.05034075677395, "terminal_input_split_lanes": 0, "terminal_lp_calls": 0, "terminal_lp_certified_lanes": 0, "terminal_lp_failed_lanes": 0, "terminal_lp_falsified_lanes": 0, "terminal_lp_skipped_lanes": 0, "terminal_lp_time_ms": 0, "wave": 21}
CLIMB_TRACE {"K": 170, "climb_enabled": false, "climb_unlearned_shrunk_box_lanes": 0, "event": "wave", "frontier": 156, "native_wave_index": 0, "nodes": 2049, "t": 18.757602443918586, "terminal_input_split_lanes": 0, "terminal_lp_calls": 0, "terminal_lp_certified_lanes": 0, "terminal_lp_failed_lanes": 0, "terminal_lp_falsified_lanes": 0, "terminal_lp_skipped_lanes": 0, "terminal_lp_time_ms": 0, "wave": 22}
CLIMB_TRACE {"K": 156, "climb_enabled": false, "climb_unlearned_shrunk_box_lanes": 0, "event": "wave", "frontier": 144, "native_wave_index": 0, "nodes": 2205, "t": 19.41923502460122, "terminal_input_split_lanes": 0, "terminal_lp_calls": 0, "terminal_lp_certified_lanes": 0, "terminal_lp_failed_lanes": 0, "terminal_lp_falsified_lanes": 0, "terminal_lp_skipped_lanes": 0, "terminal_lp_time_ms": 0, "wave": 23}
CLIMB_TRACE {"K": 144, "climb_enabled": false, "climb_unlearned_shrunk_box_lanes": 0, "event": "wave", "frontier": 128, "native_wave_index": 0, "nodes": 2349, "t": 20.03421931527555, "terminal_input_split_lanes": 0, "terminal_lp_calls": 0, "terminal_lp_certified_lanes": 0, "terminal_lp_failed_lanes": 0, "terminal_lp_falsified_lanes": 0, "terminal_lp_skipped_lanes": 0, "terminal_lp_time_ms": 0, "wave": 24}
CLIMB_TRACE {"K": 128, "climb_enabled": false, "climb_unlearned_shrunk_box_lanes": 0, "event": "wave", "frontier": 108, "native_wave_index": 0, "nodes": 2477, "t": 20.616304399445653, "terminal_input_split_lanes": 0, "terminal_lp_calls": 0, "terminal_lp_certified_lanes": 0, "terminal_lp_failed_lanes": 0, "terminal_lp_falsified_lanes": 0, "terminal_lp_skipped_lanes": 0, "terminal_lp_time_ms": 0, "wave": 25}
CLIMB_TRACE {"K": 108, "climb_enabled": false, "climb_unlearned_shrunk_box_lanes": 0, "event": "wave", "frontier": 82, "native_wave_index": 0, "nodes": 2585, "t": 21.171406615525484, "terminal_input_split_lanes": 0, "terminal_lp_calls": 0, "terminal_lp_certified_lanes": 0, "terminal_lp_failed_lanes": 0, "terminal_lp_falsified_lanes": 0, "terminal_lp_skipped_lanes": 0, "terminal_lp_time_ms": 0, "wave": 26}
CLIMB_TRACE {"K": 82, "climb_enabled": false, "climb_unlearned_shrunk_box_lanes": 0, "event": "wave", "frontier": 64, "native_wave_index": 0, "nodes": 2667, "t": 21.684352984651923, "terminal_input_split_lanes": 0, "terminal_lp_calls": 0, "terminal_lp_certified_lanes": 0, "terminal_lp_failed_lanes": 0, "terminal_lp_falsified_lanes": 0, "terminal_lp_skipped_lanes": 0, "terminal_lp_time_ms": 0, "wave": 27}
CLIMB_TRACE {"K": 64, "climb_enabled": false, "climb_unlearned_shrunk_box_lanes": 0, "event": "wave", "frontier": 44, "native_wave_index": 0, "nodes": 2731, "t": 22.164216559380293, "terminal_input_split_lanes": 0, "terminal_lp_calls": 0, "terminal_lp_certified_lanes": 0, "terminal_lp_failed_lanes": 0, "terminal_lp_falsified_lanes": 0, "terminal_lp_skipped_lanes": 0, "terminal_lp_time_ms": 0, "wave": 28}
CLIMB_TRACE {"K": 44, "climb_enabled": false, "climb_unlearned_shrunk_box_lanes": 0, "event": "wave", "frontier": 38, "native_wave_index": 0, "nodes": 2775, "t": 22.62685614079237, "terminal_input_split_lanes": 0, "terminal_lp_calls": 0, "terminal_lp_certified_lanes": 0, "terminal_lp_failed_lanes": 0, "terminal_lp_falsified_lanes": 0, "terminal_lp_skipped_lanes": 0, "terminal_lp_time_ms": 0, "wave": 29}
CLIMB_TRACE {"K": 38, "climb_enabled": false, "climb_unlearned_shrunk_box_lanes": 0, "event": "wave", "frontier": 30, "native_wave_index": 0, "nodes": 2813, "t": 23.076836872845888, "terminal_input_split_lanes": 0, "terminal_lp_calls": 0, "terminal_lp_certified_lanes": 0, "terminal_lp_failed_lanes": 0, "terminal_lp_falsified_lanes": 0, "terminal_lp_skipped_lanes": 0, "terminal_lp_time_ms": 0, "wave": 30}
CLIMB_TRACE {"K": 30, "climb_enabled": false, "climb_unlearned_shrunk_box_lanes": 0, "event": "wave", "frontier": 24, "native_wave_index": 0, "nodes": 2843, "t": 23.511622812598944, "terminal_input_split_lanes": 0, "terminal_lp_calls": 0, "terminal_lp_certified_lanes": 0, "terminal_lp_failed_lanes": 0, "terminal_lp_falsified_lanes": 0, "terminal_lp_skipped_lanes": 0, "terminal_lp_time_ms": 0, "wave": 31}
CLIMB_TRACE {"K": 24, "climb_enabled": false, "climb_unlearned_shrunk_box_lanes": 0, "event": "wave", "frontier": 28, "native_wave_index": 0, "nodes": 2867, "t": 23.955419087782502, "terminal_input_split_lanes": 0, "terminal_lp_calls": 0, "terminal_lp_certified_lanes": 0, "terminal_lp_failed_lanes": 0, "terminal_lp_falsified_lanes": 0, "terminal_lp_skipped_lanes": 0, "terminal_lp_time_ms": 0, "wave": 32}
CLIMB_TRACE {"K": 28, "climb_enabled": false, "climb_unlearned_shrunk_box_lanes": 0, "event": "wave", "frontier": 26, "native_wave_index": 0, "nodes": 2895, "t": 24.404993580654263, "terminal_input_split_lanes": 0, "terminal_lp_calls": 0, "terminal_lp_certified_lanes": 0, "terminal_lp_failed_lanes": 0, "terminal_lp_falsified_lanes": 0, "terminal_lp_skipped_lanes": 0, "terminal_lp_time_ms": 0, "wave": 33}
CLIMB_TRACE {"K": 26, "climb_enabled": false, "climb_unlearned_shrunk_box_lanes": 0, "event": "wave", "frontier": 20, "native_wave_index": 0, "nodes": 2921, "t": 24.85152997635305, "terminal_input_split_lanes": 0, "terminal_lp_calls": 0, "terminal_lp_certified_lanes": 0, "terminal_lp_failed_lanes": 0, "terminal_lp_falsified_lanes": 0, "terminal_lp_skipped_lanes": 0, "terminal_lp_time_ms": 0, "wave": 34}
CLIMB_TRACE {"K": 20, "climb_enabled": false, "climb_unlearned_shrunk_box_lanes": 0, "event": "wave", "frontier": 16, "native_wave_index": 0, "nodes": 2941, "t": 25.313374616205692, "terminal_input_split_lanes": 0, "terminal_lp_calls": 0, "terminal_lp_certified_lanes": 0, "terminal_lp_failed_lanes": 0, "terminal_lp_falsified_lanes": 0, "terminal_lp_skipped_lanes": 0, "terminal_lp_time_ms": 0, "wave": 35}
CLIMB_TRACE {"K": 16, "climb_enabled": false, "climb_unlearned_shrunk_box_lanes": 0, "event": "wave", "frontier": 8, "native_wave_index": 0, "nodes": 2957, "t": 25.758713549003005, "terminal_input_split_lanes": 0, "terminal_lp_calls": 0, "terminal_lp_certified_lanes": 0, "terminal_lp_failed_lanes": 0, "terminal_lp_falsified_lanes": 0, "terminal_lp_skipped_lanes": 0, "terminal_lp_time_ms": 0, "wave": 36}
CLIMB_TRACE {"K": 8, "climb_enabled": false, "climb_unlearned_shrunk_box_lanes": 0, "event": "wave", "frontier": 8, "native_wave_index": 0, "nodes": 2965, "t": 26.189450088888407, "terminal_input_split_lanes": 0, "terminal_lp_calls": 0, "terminal_lp_certified_lanes": 0, "terminal_lp_failed_lanes": 0, "terminal_lp_falsified_lanes": 0, "terminal_lp_skipped_lanes": 0, "terminal_lp_time_ms": 0, "wave": 37}
CLIMB_TRACE {"K": 8, "climb_enabled": false, "climb_unlearned_shrunk_box_lanes": 0, "event": "wave", "frontier": 4, "native_wave_index": 0, "nodes": 2973, "t": 26.605640584602952, "terminal_input_split_lanes": 0, "terminal_lp_calls": 0, "terminal_lp_certified_lanes": 0, "terminal_lp_failed_lanes": 0, "terminal_lp_falsified_lanes": 0, "terminal_lp_skipped_lanes": 0, "terminal_lp_time_ms": 0, "wave": 38}
CLIMB_TRACE {"K": 4, "climb_enabled": false, "climb_unlearned_shrunk_box_lanes": 0, "event": "wave", "frontier": 4, "native_wave_index": 0, "nodes": 2977, "t": 27.013934215530753, "terminal_input_split_lanes": 0, "terminal_lp_calls": 0, "terminal_lp_certified_lanes": 0, "terminal_lp_failed_lanes": 0, "terminal_lp_falsified_lanes": 0, "terminal_lp_skipped_lanes": 0, "terminal_lp_time_ms": 0, "wave": 39}
CLIMB_TRACE {"K": 4, "climb_enabled": false, "climb_unlearned_shrunk_box_lanes": 0, "event": "wave", "frontier": 0, "native_wave_index": 0, "nodes": 2981, "t": 27.045288924127817, "terminal_input_split_lanes": 0, "terminal_lp_calls": 0, "terminal_lp_certified_lanes": 0, "terminal_lp_failed_lanes": 0, "terminal_lp_falsified_lanes": 0, "terminal_lp_skipped_lanes": 0, "terminal_lp_time_ms": 0, "wave": 40}
CLIMB_TRACE_FINAL {"alpha_per_row_waves": 40, "alpha_shared_waves": 0, "any_dropped_frontier_cap": false, "bounding_top_k_effective": 0, "exhausted_budget_nodes": false, "exhausted_budget_time": false, "frontier_bytes_peak": 153214400, "frontier_cold_pops": 0, "frontier_evicted_nodes": 0, "frontier_nodes_peak": 200, "frontier_offload_events": 0, "frontier_warmstart_dropped_nodes": 0, "frontier_wave_k_caps": 0, "multi_split_clamped_wave_count": 0, "multi_split_k_requested": 1, "multi_split_k_used": 1, "multi_split_lane_starved_count": 0, "multi_split_wave_count": 0, "nodes": 2981, "nodes_minted": 0, "pool_remaining": 0, "spec_rows_kept": 1, "whole_batch_fallback_count": 0}
CLIMB_TRACE {"K": 4, "climb_enabled": false, "climb_unlearned_shrunk_box_lanes": 0, "event": "final", "frontier": 0, "native_wave_index": 0, "nodes": 2981, "status": "VerifyStatus.CERTIFIED", "t": 27.045486452057958, "terminal_input_split_lanes": 0, "terminal_lp_calls": 0, "terminal_lp_certified_lanes": 0, "terminal_lp_failed_lanes": 0, "terminal_lp_falsified_lanes": 0, "terminal_lp_skipped_lanes": 0, "terminal_lp_time_ms": 0, "wave": 40}
FSE_VERIFY_TIME: 27.952234445
FSE_TIMEOUT_CLOCK_TIME: 28.094985582
Loaded 43-layer net; solver=dual
Lane 0: VerifyStatus.CERTIFIED
  nodes: 2981
  spec_rows_kept: 1
  pool_remaining: 0
  exhausted_budget_time: False
  exhausted_budget_nodes: False
  nodes_minted: 0
  any_dropped_frontier_cap: False
  multi_split_k_requested: 1
  multi_split_k_used: 1
  multi_split_wave_count: 0
  multi_split_clamped_wave_count: 0
  multi_split_lane_starved_count: 0
  alpha_shared_waves: 0
  alpha_per_row_waves: 40
  whole_batch_fallback_count: 0
  bounding_top_k_effective: 0
  frontier_bytes_peak: 153214400
  frontier_nodes_peak: 200
  frontier_offload_events: 0
  frontier_warmstart_dropped_nodes: 0
  frontier_wave_k_caps: 0
  frontier_evicted_nodes: 0
  frontier_cold_pops: 0
QV_GPU_PEAK: allocated_mib=10846.7 reserved_mib=14756.0
